###############################################################################
#
# IAR ELF Linker V8.32.3.193/W32 for ARM                  25/Feb/2021  22:53:14
# Copyright 2007-2019 IAR Systems AB.
#
#    Output file  =  
#        C:\Users\Harak\Documents\Projects\vacuumMetr\MCU_Proj\VacuumMetrProj\Debug\Exe\VacuumMetrProj.out
#    Map file     =  
#        C:\Users\Harak\Documents\Projects\vacuumMetr\MCU_Proj\VacuumMetrProj\Debug\List\VacuumMetrProj.map
#    Command line =  
#        -f C:\Users\Harak\AppData\Local\Temp\EW83F3.tmp
#        (C:\Users\Harak\Documents\Projects\vacuumMetr\MCU_Proj\VacuumMetrProj\Debug\Obj\ADC.o
#        C:\Users\Harak\Documents\Projects\vacuumMetr\MCU_Proj\VacuumMetrProj\Debug\Obj\BoardConfig.o
#        C:\Users\Harak\Documents\Projects\vacuumMetr\MCU_Proj\VacuumMetrProj\Debug\Obj\Buttons.o
#        C:\Users\Harak\Documents\Projects\vacuumMetr\MCU_Proj\VacuumMetrProj\Debug\Obj\Buttons_Task.o
#        C:\Users\Harak\Documents\Projects\vacuumMetr\MCU_Proj\VacuumMetrProj\Debug\Obj\Configuration.o
#        C:\Users\Harak\Documents\Projects\vacuumMetr\MCU_Proj\VacuumMetrProj\Debug\Obj\croutine.o
#        C:\Users\Harak\Documents\Projects\vacuumMetr\MCU_Proj\VacuumMetrProj\Debug\Obj\DISP_Buff.o
#        C:\Users\Harak\Documents\Projects\vacuumMetr\MCU_Proj\VacuumMetrProj\Debug\Obj\heap_3.o
#        C:\Users\Harak\Documents\Projects\vacuumMetr\MCU_Proj\VacuumMetrProj\Debug\Obj\lcd5110.o
#        C:\Users\Harak\Documents\Projects\vacuumMetr\MCU_Proj\VacuumMetrProj\Debug\Obj\list.o
#        C:\Users\Harak\Documents\Projects\vacuumMetr\MCU_Proj\VacuumMetrProj\Debug\Obj\main.o
#        C:\Users\Harak\Documents\Projects\vacuumMetr\MCU_Proj\VacuumMetrProj\Debug\Obj\Menu.o
#        C:\Users\Harak\Documents\Projects\vacuumMetr\MCU_Proj\VacuumMetrProj\Debug\Obj\METER_Task.o
#        C:\Users\Harak\Documents\Projects\vacuumMetr\MCU_Proj\VacuumMetrProj\Debug\Obj\port.o
#        C:\Users\Harak\Documents\Projects\vacuumMetr\MCU_Proj\VacuumMetrProj\Debug\Obj\portasm.o
#        C:\Users\Harak\Documents\Projects\vacuumMetr\MCU_Proj\VacuumMetrProj\Debug\Obj\queue.o
#        C:\Users\Harak\Documents\Projects\vacuumMetr\MCU_Proj\VacuumMetrProj\Debug\Obj\startup_stm32f103xb.o
#        C:\Users\Harak\Documents\Projects\vacuumMetr\MCU_Proj\VacuumMetrProj\Debug\Obj\stm32f1xx_it.o
#        C:\Users\Harak\Documents\Projects\vacuumMetr\MCU_Proj\VacuumMetrProj\Debug\Obj\system_stm32f1xx.o
#        C:\Users\Harak\Documents\Projects\vacuumMetr\MCU_Proj\VacuumMetrProj\Debug\Obj\tasks.o
#        --no_out_extension -o
#        C:\Users\Harak\Documents\Projects\vacuumMetr\MCU_Proj\VacuumMetrProj\Debug\Exe\VacuumMetrProj.out
#        --redirect _Printf=_PrintfFullNoMb --redirect _Scanf=_ScanfFullNoMb
#        --map
#        C:\Users\Harak\Documents\Projects\vacuumMetr\MCU_Proj\VacuumMetrProj\Debug\List\VacuumMetrProj.map
#        --config
#        C:\Users\Harak\Documents\Projects\vacuumMetr\MCU_Proj\VacuumMetrProj\libs\VacuumMetrProj.icf
#        --semihosting --entry __iar_program_start --vfe --text_out locale)
#
###############################################################################

*******************************************************************************
*** RUNTIME MODEL ATTRIBUTES
***

CppFlavor       = *
__Heap_Handler  = DLMalloc
__SystemLibrary = DLib
__dlib_version  = 6


*******************************************************************************
*** HEAP SELECTION
***

The advanced heap was selected because the application calls memory
allocation functions outside of system library functions, and there
are calls to deallocation functions in the application.


*******************************************************************************
*** PLACEMENT SUMMARY
***

"A0":  place at 0x800'0000 { ro section .intvec };
"P1":  place in [from 0x800'0000 to 0x800'ffff] { ro };
define block CSTACK with size = 2K, alignment = 8 { };
define block HEAP with size = 10K, alignment = 8 { };
"P2":  place in [from 0x2000'0000 to 0x2000'4fff] {
          rw, block CSTACK, block HEAP };
initialize by copy { rw };

  Section            Kind         Address    Size  Object
  -------            ----         -------    ----  ------
"A0":                                        0xec
  .intvec            ro code   0x800'0000    0xec  startup_stm32f103xb.o [1]
                             - 0x800'00ec    0xec

"P1":                                      0x6018
  .text              ro code   0x800'00ec  0x14e0  dlmalloc.o [2]
  .text              ro code   0x800'15cc     0x6  abort.o [2]
  .text              ro code   0x800'15d2    0x3a  zero_init3.o [4]
  .text              ro code   0x800'160c    0x2c  xgetmemchunk.o [2]
  .text              ro code   0x800'1638    0x14  exit.o [5]
  .text              ro code   0x800'164c   0xdf2  xprintffull_nomb.o [2]
  .text              ro code   0x800'243e     0xa  xsprout.o [2]
  .text              ro code   0x800'2448    0x16  strchr.o [4]
  .text              ro code   0x800'2460    0x40  xfail_s.o [2]
  .text              ro code   0x800'24a0    0x36  strlen.o [4]
  .text              ro code   0x800'24d8    0x58  memchr.o [4]
  .text              ro code   0x800'2530   0x230  I64DivMod.o [4]
  .text              ro code   0x800'2760   0x1a2  DblMul.o [3]
  .text              ro code   0x800'2904    0xa6  ABImemcpy.o [4]
  .text              ro code   0x800'29ac    0x70  frexp.o [3]
  .text              ro code   0x800'2a1c    0x2e  DblCmpLe.o [3]
  .text              ro code   0x800'2a4c    0x2e  DblCmpGe.o [3]
  .text              ro code   0x800'2a7c   0x13a  ldexp.o [3]
  .text              ro code   0x800'2bb8    0x3a  DblToS32.o [3]
  .text              ro code   0x800'2bf4    0x22  S32ToDbl.o [3]
  .text              ro code   0x800'2c18    0xe2  DblSub.o [3]
  .text              ro code   0x800'2cfc   0x246  DblDiv.o [3]
  .text              ro code   0x800'2f44    0x28  DblToU32.o [3]
  .text              ro code   0x800'2f6c    0x1a  U32ToDbl.o [3]
  .text              ro code   0x800'2f88     0x2  I64DivZer.o [4]
  .text              ro code   0x800'2f8c   0x16a  DblAdd.o [3]
  .text              ro code   0x800'30f8   0xb14  tasks.o [1]
  .text              ro code   0x800'3c0c    0x30  heap_3.o [1]
  .text              ro code   0x800'3c3c    0x66  ABImemset.o [4]
  .text              ro code   0x800'3ca2    0x9a  list.o [1]
  .text              ro code   0x800'3d3c    0xe4  port.o [1]
  .text              ro code   0x800'3e20    0x1c  main.o [1]
  .text              ro code   0x800'3e3c     0x4  heaptramp0.o [2]
  CODE               ro code   0x800'3e40    0x88  portasm.o [1]
  .text              ro code   0x800'3ec8   0x248  BoardConfig.o [1]
  .text              ro code   0x800'4110   0x100  Buttons_Task.o [1]
  .text              ro code   0x800'4210   0x204  METER_Task.o [1]
  .text              ro code   0x800'4414   0x4ec  Menu.o [1]
  .text              ro code   0x800'4900   0x44c  lcd5110.o [1]
  .text              ro code   0x800'4d4c   0x1e0  ADC.o [1]
  .text              ro code   0x800'4f2c   0x118  Buttons.o [1]
  .text              ro code   0x800'5044   0x4b2  queue.o [1]
  .text              ro code   0x800'54f8     0x6  ABImemclr4.o [4]
  .text              ro code   0x800'5500   0x39c  DISP_Buff.o [1]
  .text              ro code   0x800'589c    0x40  sprintf.o [2]
  .text              ro code   0x800'58dc   0x14c  Configuration.o [1]
  .text              ro code   0x800'5a28    0x32  ABImemset48.o [4]
  .rodata            const     0x800'5a5c   0x1e0  DISP_Buff.o [1]
  .text              ro code   0x800'5c3c   0x130  stm32f1xx_it.o [1]
  .text              ro code   0x800'5d6c    0xf4  system_stm32f1xx.o [1]
  .text              ro code   0x800'5e60    0x38  packbits_init_single.o [4]
  .text              ro code   0x800'5e98    0x28  data_init.o [4]
  .iar.init_table    const     0x800'5ec0    0x20  - Linker created -
  .text              ro code   0x800'5ee0    0x1e  cmain.o [4]
  .text              ro code   0x800'5efe     0x4  low_level_init.o [2]
  .text              ro code   0x800'5f02     0x4  exit.o [2]
  .text              ro code   0x800'5f08     0xa  cexit.o [4]
  .text              ro code   0x800'5f14    0x18  startup_stm32f103xb.o [1]
  .rodata            const     0x800'5f2c    0x10  Buttons_Task.o [1]
  .rodata            const     0x800'5f3c    0x10  Menu.o [1]
  .rodata            const     0x800'5f4c     0xc  Menu.o [1]
  .rodata            const     0x800'5f58     0xc  Menu.o [1]
  .rodata            const     0x800'5f64     0xc  Menu.o [1]
  .text              ro code   0x800'5f70     0xc  cstartup_M.o [4]
  .rodata            const     0x800'5f7c     0x8  Menu.o [1]
  .rodata            const     0x800'5f84     0x8  Menu.o [1]
  .rodata            const     0x800'5f8c     0x8  Menu.o [1]
  .rodata            const     0x800'5f94     0x8  Menu.o [1]
  .rodata            const     0x800'5f9c     0x8  Menu.o [1]
  .rodata            const     0x800'5fa4     0x8  METER_Task.o [1]
  .rodata            const     0x800'5fac     0x8  tasks.o [1]
  .text              ro code   0x800'5fb4     0x4  startup_stm32f103xb.o [1]
  .text              ro code   0x800'5fb8     0x4  startup_stm32f103xb.o [1]
  .text              ro code   0x800'5fbc     0x4  startup_stm32f103xb.o [1]
  .text              ro code   0x800'5fc0     0x4  startup_stm32f103xb.o [1]
  .text              ro code   0x800'5fc4     0x4  startup_stm32f103xb.o [1]
  .text              ro code   0x800'5fc8     0x4  startup_stm32f103xb.o [1]
  .text              ro code   0x800'5fcc     0x4  startup_stm32f103xb.o [1]
  .text              ro code   0x800'5fd0     0x4  startup_stm32f103xb.o [1]
  .text              ro code   0x800'5fd4     0x4  startup_stm32f103xb.o [1]
  .text              ro code   0x800'5fd8     0x4  startup_stm32f103xb.o [1]
  .text              ro code   0x800'5fdc     0x4  startup_stm32f103xb.o [1]
  .text              ro code   0x800'5fe0     0x4  startup_stm32f103xb.o [1]
  .text              ro code   0x800'5fe4     0x4  startup_stm32f103xb.o [1]
  .text              ro code   0x800'5fe8     0x4  startup_stm32f103xb.o [1]
  .text              ro code   0x800'5fec     0x4  startup_stm32f103xb.o [1]
  .text              ro code   0x800'5ff0     0x4  startup_stm32f103xb.o [1]
  .text              ro code   0x800'5ff4     0x4  startup_stm32f103xb.o [1]
  .text              ro code   0x800'5ff8     0x4  startup_stm32f103xb.o [1]
  .text              ro code   0x800'5ffc     0x4  startup_stm32f103xb.o [1]
  .text              ro code   0x800'6000     0x4  startup_stm32f103xb.o [1]
  .text              ro code   0x800'6004     0x4  startup_stm32f103xb.o [1]
  .text              ro code   0x800'6008     0x4  startup_stm32f103xb.o [1]
  .text              ro code   0x800'600c     0x4  startup_stm32f103xb.o [1]
  .text              ro code   0x800'6010     0x4  startup_stm32f103xb.o [1]
  .text              ro code   0x800'6014     0x4  startup_stm32f103xb.o [1]
  .text              ro code   0x800'6018     0x4  startup_stm32f103xb.o [1]
  .text              ro code   0x800'601c     0x4  startup_stm32f103xb.o [1]
  .text              ro code   0x800'6020     0x4  startup_stm32f103xb.o [1]
  .text              ro code   0x800'6024     0x4  startup_stm32f103xb.o [1]
  .text              ro code   0x800'6028     0x4  startup_stm32f103xb.o [1]
  .text              ro code   0x800'602c     0x4  startup_stm32f103xb.o [1]
  .text              ro code   0x800'6030     0x4  startup_stm32f103xb.o [1]
  .text              ro code   0x800'6034     0x4  startup_stm32f103xb.o [1]
  .text              ro code   0x800'6038     0x4  startup_stm32f103xb.o [1]
  .text              ro code   0x800'603c     0x4  startup_stm32f103xb.o [1]
  .text              ro code   0x800'6040     0x4  startup_stm32f103xb.o [1]
  .text              ro code   0x800'6044     0x4  startup_stm32f103xb.o [1]
  .text              ro code   0x800'6048     0x4  startup_stm32f103xb.o [1]
  .text              ro code   0x800'604c     0x4  startup_stm32f103xb.o [1]
  .text              ro code   0x800'6050     0x4  startup_stm32f103xb.o [1]
  .text              ro code   0x800'6054     0x4  startup_stm32f103xb.o [1]
  .text              ro code   0x800'6058     0x4  startup_stm32f103xb.o [1]
  .text              ro code   0x800'605c     0x4  startup_stm32f103xb.o [1]
  .text              ro code   0x800'6060     0x4  startup_stm32f103xb.o [1]
  .text              ro code   0x800'6064     0x4  startup_stm32f103xb.o [1]
  .text              ro code   0x800'6068     0x4  startup_stm32f103xb.o [1]
  .text              ro code   0x800'606c     0x4  startup_stm32f103xb.o [1]
  .rodata            const     0x800'6070     0x0  zero_init3.o [4]
  .rodata            const     0x800'6070     0x0  packbits_init_single.o [4]
  Initializer bytes  const     0x800'6070    0x94  <for P2-1>
                             - 0x800'6104  0x6018

"P2", part 1 of 3:                          0x20c
  P2-1                        0x2000'0000   0x20c  <Init block>
    .data            inited   0x2000'0000     0x4  Configuration.o [1]
    .data            inited   0x2000'0004   0x1f8  DISP_Buff.o [1]
    .data            inited   0x2000'01fc     0x4  Menu.o [1]
    .data            inited   0x2000'0200     0x4  Menu.o [1]
    .data            inited   0x2000'0204     0x4  port.o [1]
    .data            inited   0x2000'0208     0x4  tasks.o [1]
                            - 0x2000'020c   0x20c

"P2", part 2 of 3:                          0x618
  .bss               zero     0x2000'020c   0x1f8  DISP_Buff.o [1]
  .bss               zero     0x2000'0404   0x1d8  dlmalloc.o [2]
  .bss               zero     0x2000'05dc    0x8c  tasks.o [1]
  .bss               zero     0x2000'0668    0x6c  Menu.o [1]
  .bss               zero     0x2000'06d4    0x50  ADC.o [1]
  .bss               zero     0x2000'0724    0x18  dlmalloc.o [2]
  .bss               zero     0x2000'073c    0x14  tasks.o [1]
  .bss               zero     0x2000'0750    0x14  tasks.o [1]
  .bss               zero     0x2000'0764    0x14  tasks.o [1]
  .bss               zero     0x2000'0778    0x14  tasks.o [1]
  .bss               zero     0x2000'078c    0x14  tasks.o [1]
  .bss               zero     0x2000'07a0    0x10  Menu.o [1]
  .bss               zero     0x2000'07b0     0xc  ADC.o [1]
  .bss               zero     0x2000'07c0     0x8  Menu.o [1]
  .bss               zero     0x2000'07c8     0x4  Buttons_Task.o [1]
  .bss               zero     0x2000'07cc     0x4  Menu.o [1]
  .bss               zero     0x2000'07d0     0x4  Menu.o [1]
  .bss               zero     0x2000'07d4     0x4  Menu.o [1]
  .bss               zero     0x2000'07d8     0x4  METER_Task.o [1]
  .bss               zero     0x2000'07dc     0x4  tasks.o [1]
  .bss               zero     0x2000'07e0     0x4  tasks.o [1]
  .bss               zero     0x2000'07e4     0x4  tasks.o [1]
  .bss               zero     0x2000'07e8     0x4  tasks.o [1]
  .bss               zero     0x2000'07ec     0x4  tasks.o [1]
  .bss               zero     0x2000'07f0     0x4  tasks.o [1]
  .bss               zero     0x2000'07f4     0x4  tasks.o [1]
  .bss               zero     0x2000'07f8     0x4  tasks.o [1]
  .bss               zero     0x2000'07fc     0x4  tasks.o [1]
  .bss               zero     0x2000'0800     0x4  tasks.o [1]
  .bss               zero     0x2000'0804     0x4  tasks.o [1]
  .bss               zero     0x2000'0808     0x4  tasks.o [1]
  .bss               zero     0x2000'080c     0x4  tasks.o [1]
  .bss               zero     0x2000'0810     0x4  tasks.o [1]
  .bss               zero     0x2000'0814     0x4  tasks.o [1]
  .bss               zero     0x2000'0818     0x4  xgetmemchunk.o [2]
  .bss               zero     0x2000'081c     0x4  xfail_s.o [2]
  .bss               zero     0x2000'0820     0x1  Configuration.o [1]
  .bss               zero     0x2000'0821     0x1  lcd5110.o [1]
  .bss               zero     0x2000'0822     0x1  Menu.o [1]
                            - 0x2000'0823   0x617

"P2", part 3 of 3:                         0x3000
  CSTACK                      0x2000'0828   0x800  <Block>
    CSTACK           uninit   0x2000'0828   0x800  <Block tail>
  HEAP                        0x2000'1028  0x2800  <Block>
    HEAP             uninit   0x2000'1028  0x2800  <Block tail>
                            - 0x2000'3828  0x3000

Unused ranges:

         From           To    Size
         ----           --    ----
   0x800'6104   0x800'ffff  0x9efc
  0x2000'0824  0x2000'0827     0x4
  0x2000'3828  0x2000'4fff  0x17d8


*******************************************************************************
*** INIT TABLE
***

          Address      Size
          -------      ----
Zero (__iar_zero_init3)
    1 destination range, total size 0x617:
          0x2000'020c  0x617

Copy/packbits (__iar_packbits_init_single3)
    1 source range, total size 0x94 (28% of destination):
           0x800'6070   0x94
    1 destination range, total size 0x20c:
          0x2000'0000  0x20c



*******************************************************************************
*** MODULE SUMMARY
***

    Module                  ro code  ro data  rw data
    ------                  -------  -------  -------
command line/config:
    -------------------------------------------------
    Total:

C:\Users\Harak\Documents\Projects\vacuumMetr\MCU_Proj\VacuumMetrProj\Debug\Obj: [1]
    ADC.o                       480                92
    BoardConfig.o               584
    Buttons.o                   280
    Buttons_Task.o              256       16        4
    Configuration.o             332        1        5
    DISP_Buff.o                 924      622    1 008
    METER_Task.o                516        8        4
    Menu.o                    1 260       94      153
    heap_3.o                     48
    lcd5110.o                 1 100                 1
    list.o                      154
    main.o                       28
    port.o                      228        1        4
    portasm.o                   136
    queue.o                   1 202
    startup_stm32f103xb.o       448
    stm32f1xx_it.o              304
    system_stm32f1xx.o          244
    tasks.o                   2 836       10      304
    -------------------------------------------------
    Total:                   11 360      752    1 575

dl7M_tln.a: [2]
    abort.o                       6
    dlmalloc.o                5 344               496
    exit.o                        4
    heaptramp0.o                  4
    low_level_init.o              4
    sprintf.o                    64
    xfail_s.o                    64                 4
    xgetmemchunk.o               44                 4
    xprintffull_nomb.o        3 570
    xsprout.o                    10
    -------------------------------------------------
    Total:                    9 114               504

m7M_tl.a: [3]
    DblAdd.o                    362
    DblCmpGe.o                   46
    DblCmpLe.o                   46
    DblDiv.o                    582
    DblMul.o                    418
    DblSub.o                    226
    DblToS32.o                   58
    DblToU32.o                   40
    S32ToDbl.o                   34
    U32ToDbl.o                   26
    frexp.o                     112
    ldexp.o                     314
    -------------------------------------------------
    Total:                    2 264

rt7M_tl.a: [4]
    ABImemclr4.o                  6
    ABImemcpy.o                 166
    ABImemset.o                 102
    ABImemset48.o                50
    I64DivMod.o                 560
    I64DivZer.o                   2
    cexit.o                      10
    cmain.o                      30
    cstartup_M.o                 12
    data_init.o                  40
    memchr.o                     88
    packbits_init_single.o       56
    strchr.o                     22
    strlen.o                     54
    zero_init3.o                 58
    -------------------------------------------------
    Total:                    1 256

shb_l.a: [5]
    exit.o                       20
    -------------------------------------------------
    Total:                       20

    Gaps                         36        2        4
    Linker created                        32   12 288
-----------------------------------------------------
    Grand Total:             24 050      786   14 371


*******************************************************************************
*** ENTRY LIST
***

Entry                       Address   Size  Type      Object
-----                       -------   ----  ----      ------
.iar.init_table$$Base    0x800'5ec0          --   Gb  - Linker created -
.iar.init_table$$Limit   0x800'5ee0          --   Gb  - Linker created -
?main                    0x800'5ee1         Code  Gb  cmain.o [4]
ADC1Init                 0x800'4d63   0xd0  Code  Gb  ADC.o [1]
ADCBuff                 0x2000'06d4   0x50  Data  Gb  ADC.o [1]
ADCTIMinit               0x800'4e6b   0x60  Code  Gb  ADC.o [1]
ASCII                    0x800'5a5c  0x1e0  Data  Gb  DISP_Buff.o [1]
Buttons_Task_init        0x800'4111   0x42  Code  Gb  Buttons_Task.o [1]
CSTACK$$Base            0x2000'0828          --   Gb  - Linker created -
CSTACK$$Limit           0x2000'1028          --   Gb  - Linker created -
Config                  0x2000'0000    0x4  Data  Gb  Configuration.o [1]
DISP_Clear               0x800'4a89   0x2e  Code  Gb  lcd5110.o [1]
DISP_Clear_DMA           0x800'4ab7   0x6c  Code  Gb  lcd5110.o [1]
DISP_Clear_DMA::zero    0x2000'0821    0x1  Data  Lc  lcd5110.o [1]
DISP_Init                0x800'4919   0x4c  Code  Gb  lcd5110.o [1]
DISP_Send_DMA            0x800'49d9   0x6c  Code  Gb  lcd5110.o [1]
DISP_SetPos              0x800'4b23   0x20  Code  Gb  lcd5110.o [1]
DISP_Update              0x800'5501    0xc  Code  Gb  DISP_Buff.o [1]
DISP_command             0x800'4965   0x3a  Code  Gb  lcd5110.o [1]
DISP_data                0x800'499f   0x3a  Code  Gb  lcd5110.o [1]
DISP_setBias             0x800'4a67   0x22  Code  Gb  lcd5110.o [1]
DISP_setContrast         0x800'4a45   0x22  Code  Gb  lcd5110.o [1]
DMA1_Channel3_IRQHandler
                         0x800'5c3d   0x24  Code  Gb  stm32f1xx_it.o [1]
DMA_ADCInit              0x800'4e33   0x38  Code  Gb  ADC.o [1]
GetButtons               0x800'4f2d   0x50  Code  Gb  Buttons.o [1]
HEAP$$Base              0x2000'1028          --   Gb  - Linker created -
HEAP$$Limit             0x2000'3828          --   Gb  - Linker created -
LoadInt                  0x800'17fb   0x7a  Code  Lc  xprintffull_nomb.o [2]
METER_Task_init          0x800'4211   0x1a  Code  Gb  METER_Task.o [1]
MenuDISP_Task_init       0x800'475f   0x26  Code  Gb  Menu.o [1]
NVIC_EnableIRQ           0x800'4d4d   0x16  Code  Lc  ADC.o [1]
NVIC_EnableIRQ           0x800'4901   0x18  Code  Lc  lcd5110.o [1]
PendSV_Handler           0x800'3e41         Code  Gb  portasm.o [1]
ReadVoltageOnMainBatt    0x800'3fed   0x8e  Code  Gb  BoardConfig.o [1]
Region$$Table$$Base      0x800'5ec0          --   Gb  - Linker created -
Region$$Table$$Limit     0x800'5ee0          --   Gb  - Linker created -
SPI2Init                 0x800'4bc5   0x14  Code  Gb  lcd5110.o [1]
SVC_Handler              0x800'3e87         Code  Gb  portasm.o [1]
SaveCongig               0x800'58dd   0x80  Code  Gb  Configuration.o [1]
SensorVoltageStruct     0x2000'07b0    0xc  Data  Gb  ADC.o [1]
StandByCheck             0x800'407b   0x42  Code  Gb  BoardConfig.o [1]
SysTick_Handler          0x800'3dc1   0x28  Code  Gb  port.o [1]
SystemInit               0x800'5d6d   0xd0  Code  Gb  system_stm32f1xx.o [1]
TIM4_IRQHandler          0x800'5c61   0xea  Code  Gb  stm32f1xx_it.o [1]
VBUF                    0x2000'020c  0x1f8  Data  Gb  DISP_Buff.o [1]
VBUF_Clear               0x800'550d   0x18  Code  Gb  DISP_Buff.o [1]
VBUF_Draw_Line           0x800'5525   0xc0  Code  Gb  DISP_Buff.o [1]
VBUF_Invert_Line         0x800'55e5  0x126  Code  Gb  DISP_Buff.o [1]
VBUF_Write_Char          0x800'570b  0x164  Code  Gb  DISP_Buff.o [1]
VBUF_Write_String        0x800'5879   0x24  Code  Gb  DISP_Buff.o [1]
_GenldFullNoMb           0x800'213d  0x274  Code  Lc  xprintffull_nomb.o [2]
_LdtobFullNoMb           0x800'1d39  0x3d6  Code  Lc  xprintffull_nomb.o [2]
_LitobFullNoMb           0x800'1be9  0x10a  Code  Lc  xprintffull_nomb.o [2]
_PrintfFullNoMb          0x800'164d  0x19e  Code  Gb  xprintffull_nomb.o [2]
_PutcharsFullNoMb        0x800'23b1   0x2e  Code  Lc  xprintffull_nomb.o [2]
_PutfldFullNoMb          0x800'1875  0x268  Code  Lc  xprintffull_nomb.o [2]
_PuttxtFullNoMb          0x800'1add  0x10c  Code  Lc  xprintffull_nomb.o [2]
_SProut                  0x800'243f    0xa  Code  Gb  xsprout.o [2]
__aeabi_cdcmple          0x800'2a1d         Code  Gb  DblCmpLe.o [3]
__aeabi_cdrcmple         0x800'2a4d         Code  Gb  DblCmpGe.o [3]
__aeabi_d2iz             0x800'2bb9         Code  Gb  DblToS32.o [3]
__aeabi_d2uiz            0x800'2f45         Code  Gb  DblToU32.o [3]
__aeabi_ddiv             0x800'2cfd         Code  Gb  DblDiv.o [3]
__aeabi_dmul             0x800'2761         Code  Gb  DblMul.o [3]
__aeabi_dsub             0x800'2c19         Code  Gb  DblSub.o [3]
__aeabi_i2d              0x800'2bf5         Code  Gb  S32ToDbl.o [3]
__aeabi_ldiv0            0x800'2f89         Code  Gb  I64DivZer.o [4]
__aeabi_memclr4          0x800'54f9         Code  Gb  ABImemclr4.o [4]
__aeabi_memcpy           0x800'2905         Code  Gb  ABImemcpy.o [4]
__aeabi_memcpy4          0x800'2925         Code  Gb  ABImemcpy.o [4]
__aeabi_memcpy8          0x800'2925         Code  Gb  ABImemcpy.o [4]
__aeabi_memset           0x800'3c3d         Code  Gb  ABImemset.o [4]
__aeabi_ui2d             0x800'2f6d         Code  Gb  U32ToDbl.o [3]
__aeabi_uldivmod         0x800'2531         Code  Gb  I64DivMod.o [4]
__cmain                  0x800'5ee1         Code  Gb  cmain.o [4]
__data_GetMemChunk       0x800'160d   0x2c  Code  Gb  xgetmemchunk.o [2]
__data_GetMemChunk::start
                        0x2000'0818    0x4  Data  Lc  xgetmemchunk.o [2]
__exit                   0x800'1639   0x14  Code  Gb  exit.o [5]
__iar_Fail_s             0x800'2461   0x1c  Code  Gb  xfail_s.o [2]
__iar_Memchr             0x800'24d9         Code  Gb  memchr.o [4]
__iar_Memset             0x800'3c3d         Code  Gb  ABImemset.o [4]
__iar_Memset4_word       0x800'5a29         Code  Gb  ABImemset48.o [4]
__iar_Memset8_word       0x800'5a29         Code  Gb  ABImemset48.o [4]
__iar_Memset_word        0x800'3c45         Code  Gb  ABImemset.o [4]
__iar_Strchr             0x800'2449         Code  Gb  strchr.o [4]
__iar_dadd               0x800'2c29         Code  Gb  DblSub.o [3]
__iar_data_init3         0x800'5e99   0x28  Code  Gb  data_init.o [4]
__iar_dlfree             0x800'10cb  0x4f6  Code  Gb  dlmalloc.o [2]
__iar_dlmalloc           0x800'0e15  0x2b6  Code  Gb  dlmalloc.o [2]
__iar_dsub               0x800'2f8d         Code  Gb  DblAdd.o [3]
__iar_dsubStart          0x800'2f9f         Code  Gb  DblAdd.o [3]
__iar_frexp              0x800'29b9         Code  Gb  frexp.o [3]
__iar_frexp64            0x800'29ad         Code  Gb  frexp.o [3]
__iar_frexpl             0x800'29b9         Code  Gb  frexp.o [3]
__iar_ldexp64            0x800'2a7d         Code  Gb  ldexp.o [3]
__iar_packbits_init_single3
                         0x800'5e61   0x38  Code  Gb  packbits_init_single.o [4]
__iar_program_start      0x800'5f71         Code  Gb  cstartup_M.o [4]
__iar_scalbln64          0x800'2a7d         Code  Gb  ldexp.o [3]
__iar_scalbn64           0x800'2a7d         Code  Gb  ldexp.o [3]
__iar_zero_init3         0x800'15d3   0x3a  Code  Gb  zero_init3.o [4]
__low_level_init         0x800'5eff    0x4  Code  Gb  low_level_init.o [2]
__vector_table           0x800'0000         Data  Gb  startup_stm32f103xb.o [1]
_call_main               0x800'5eed         Code  Gb  cmain.o [4]
_exit                    0x800'5f09         Code  Gb  cexit.o [4]
_gm_                    0x2000'0404  0x1d8  Data  Lc  dlmalloc.o [2]
_main                    0x800'5efb         Code  Gb  cmain.o [4]
abort                    0x800'15cd    0x6  Code  Gb  abort.o [2]
add_segment              0x800'04b5  0x1f2  Code  Lc  dlmalloc.o [2]
bender                  0x2000'0004  0x1f8  Data  Gb  DISP_Buff.o [1]
biasCalibrate            0x800'595d   0xa8  Code  Gb  Configuration.o [1]
bltInit                  0x800'4bd9  0x104  Code  Gb  lcd5110.o [1]
btnArray                0x2000'0668   0x6c  Data  Gb  Menu.o [1]
enableFirstStepMainBatt
                         0x800'3f65   0x44  Code  Gb  BoardConfig.o [1]
enablePWRDisp            0x800'3f21   0x44  Code  Gb  BoardConfig.o [1]
enableSecondStepMainBatt
                         0x800'3fa9   0x44  Code  Gb  BoardConfig.o [1]
enterStandBy             0x800'3eed   0x34  Code  Gb  BoardConfig.o [1]
exit                     0x800'5f03    0x4  Code  Gb  exit.o [2]
flagCalib               0x2000'0820    0x1  Data  Gb  Configuration.o [1]
free                     0x800'3e3d    0x4  Code  Gb  heaptramp0.o [2]
frexp                    0x800'29ad         Code  Gb  frexp.o [3]
frexpl                   0x800'29ad         Code  Gb  frexp.o [3]
gpioInit                 0x800'4b43   0x82  Code  Gb  lcd5110.o [1]
initAll                  0x800'3ec9   0x24  Code  Gb  BoardConfig.o [1]
initButt                 0x800'4f7d   0xb2  Code  Gb  Buttons.o [1]
init_mparams             0x800'0107   0x32  Code  Lc  dlmalloc.o [2]
init_top                 0x800'0139   0x36  Code  Lc  dlmalloc.o [2]
invertCurrentButton      0x800'4453   0x50  Code  Gb  Menu.o [1]
ldexp                    0x800'2a7d         Code  Gb  ldexp.o [3]
ldexpl                   0x800'2a7d         Code  Gb  ldexp.o [3]
main                     0x800'3e21   0x18  Code  Gb  main.o [1]
memchr                   0x800'24d9         Code  Gb  memchr.o [4]
menuBtnProc              0x800'4517  0x1c0  Code  Gb  Menu.o [1]
menuButtArrayInit        0x800'44a3   0x74  Code  Gb  Menu.o [1]
menuButtInit             0x800'4415   0x3e  Code  Gb  Menu.o [1]
menuStruct              0x2000'07cc    0x4  Data  Gb  Menu.o [1]
menuVBUFDraw             0x800'46d7   0x88  Code  Gb  Menu.o [1]
mparams                 0x2000'0724   0x18  Data  Lc  dlmalloc.o [2]
prepend_alloc            0x800'016f  0x346  Code  Lc  dlmalloc.o [2]
prvAddCurrentTaskToDelayedList
                         0x800'3b5d   0x82  Code  Lc  tasks.o [1]
prvAddNewTaskToReadyList
                         0x800'3259   0x9a  Code  Lc  tasks.o [1]
prvCheckTasksWaitingTermination
                         0x800'38ab   0x38  Code  Lc  tasks.o [1]
prvCopyDataToQueue       0x800'53b3   0x9c  Code  Lc  queue.o [1]
prvDeleteTCB             0x800'38ed   0x12  Code  Lc  tasks.o [1]
prvGetDisinheritPriorityAfterTimeout
                         0x800'539d   0x16  Code  Lc  queue.o [1]
prvIdleTask              0x800'3831   0x28  Code  Lc  tasks.o [1]
prvInitialiseNewQueue    0x800'50fd   0x32  Code  Lc  queue.o [1]
prvInitialiseNewTask     0x800'316d   0xec  Code  Lc  tasks.o [1]
prvInitialiseTaskLists   0x800'3859   0x52  Code  Lc  tasks.o [1]
prvIsQueueEmpty          0x800'54bd   0x1c  Code  Lc  queue.o [1]
prvIsQueueFull           0x800'54d9   0x1e  Code  Lc  queue.o [1]
prvResetNextTaskUnblockTime
                         0x800'38ff   0x26  Code  Lc  tasks.o [1]
prvTaskExitError         0x800'3d5d   0x10  Code  Lc  port.o [1]
prvTaskIsTaskSuspended   0x800'33f7   0x2a  Code  Lc  tasks.o [1]
prvUnlockQueue           0x800'544f   0x6e  Code  Lc  queue.o [1]
pvPortMalloc             0x800'3c0d   0x18  Code  Gb  heap_3.o [1]
pvTaskIncrementMutexHeldCount
                         0x800'3b0b   0x16  Code  Gb  tasks.o [1]
pxCurrentTCB            0x2000'07dc    0x4  Data  Gb  tasks.o [1]
pxDelayedTaskList       0x2000'07e0    0x4  Data  Lc  tasks.o [1]
pxOverflowDelayedTaskList
                        0x2000'07e4    0x4  Data  Lc  tasks.o [1]
pxPortInitialiseStack    0x800'3d3d   0x20  Code  Gb  port.o [1]
pxReadyTasksLists       0x2000'05dc   0x8c  Data  Lc  tasks.o [1]
scalbln                  0x800'2a7d         Code  Gb  ldexp.o [3]
scalblnl                 0x800'2a7d         Code  Gb  ldexp.o [3]
scalbn                   0x800'2a7d         Code  Gb  ldexp.o [3]
scalbnl                  0x800'2a7d         Code  Gb  ldexp.o [3]
scale                    0x800'1cf3   0x46  Code  Lc  xprintffull_nomb.o [2]
sec_hand                0x2000'081c    0x4  Data  Lc  xfail_s.o [2]
segment_holding          0x800'00ed   0x1a  Code  Lc  dlmalloc.o [2]
sprintf                  0x800'589d   0x40  Code  Gb  sprintf.o [2]
strchr                   0x800'2449         Code  Gb  strchr.o [4]
strlen                   0x800'24a1         Code  Gb  strlen.o [4]
sys_alloc                0x800'06ad  0x164  Code  Lc  dlmalloc.o [2]
sys_trim                 0x800'0811   0x64  Code  Lc  dlmalloc.o [2]
tempConfig              0x2000'07a0   0x10  Data  Gb  Menu.o [1]
tmalloc_large            0x800'0881  0x386  Code  Lc  dlmalloc.o [2]
tmalloc_small            0x800'0c07  0x200  Code  Lc  dlmalloc.o [2]
uxCriticalNesting       0x2000'0204    0x4  Data  Lc  port.o [1]
uxCurrentNumberOfTasks  0x2000'07ec    0x4  Data  Lc  tasks.o [1]
uxDeletedTasksWaitingCleanUp
                        0x2000'07e8    0x4  Data  Lc  tasks.o [1]
uxListRemove             0x800'3d15   0x28  Code  Gb  list.o [1]
uxSchedulerSuspended    0x2000'0814    0x4  Data  Lc  tasks.o [1]
uxTaskNumber            0x2000'0808    0x4  Data  Lc  tasks.o [1]
uxTopReadyPriority      0x2000'07f4    0x4  Data  Lc  tasks.o [1]
uxTopUsedPriority       0x2000'0208    0x4  Data  Gb  tasks.o [1]
vApplicationIdleHook     0x800'3e39    0x2  Code  Gb  main.o [1]
vApplicationTickHook     0x800'3e3b    0x2  Code  Gb  main.o [1]
vBUTTONSCheck_Task       0x800'4155   0xb4  Code  Gb  Buttons_Task.o [1]
vListInitialise          0x800'3ca3   0x1e  Code  Gb  list.o [1]
vListInitialiseItem      0x800'3cc1    0x6  Code  Gb  list.o [1]
vListInsert              0x800'3cdf   0x36  Code  Gb  list.o [1]
vListInsertEnd           0x800'3cc7   0x18  Code  Gb  list.o [1]
vMETER_Task              0x800'422d  0x1d8  Code  Gb  METER_Task.o [1]
vPortEnterCritical       0x800'3d93   0x18  Code  Gb  port.o [1]
vPortExitCritical        0x800'3dab   0x16  Code  Gb  port.o [1]
vPortFree                0x800'3c25   0x18  Code  Gb  heap_3.o [1]
vPortStartFirstTask      0x800'3ea7         Code  Gb  portasm.o [1]
vSettingsRefrash_Task    0x800'4785  0x114  Code  Gb  Menu.o [1]
vSettingsRefrash_Task{2}{3}{4}{5}{6}::averVolt
                        0x2000'07d4    0x4  Data  Lc  Menu.o [1]
vSettingsRefrash_Task{2}{3}{4}{5}{6}::battVolt
                        0x2000'07c0    0x8  Data  Lc  Menu.o [1]
vSettingsRefrash_Task{2}{3}{4}{5}{6}::countReads
                        0x2000'0822    0x1  Data  Lc  Menu.o [1]
vTaskDelay               0x800'32f3   0x34  Code  Gb  tasks.o [1]
vTaskInternalSetTimeOutState
                         0x800'37ab   0x12  Code  Gb  tasks.o [1]
vTaskMissedYield         0x800'3827    0xa  Code  Gb  tasks.o [1]
vTaskPlaceOnEventList    0x800'3721   0x20  Code  Gb  tasks.o [1]
vTaskPriorityDisinheritAfterTimeout
                         0x800'3a5f   0xac  Code  Gb  tasks.o [1]
vTaskResume              0x800'3421   0x6e  Code  Gb  tasks.o [1]
vTaskStartScheduler      0x800'348f   0x56  Code  Gb  tasks.o [1]
vTaskSuspend             0x800'3327   0xd0  Code  Gb  tasks.o [1]
vTaskSuspendAll          0x800'34e5    0xc  Code  Gb  tasks.o [1]
vTaskSwitchContext       0x800'36cf   0x52  Code  Gb  tasks.o [1]
xBtnPosArr              0x2000'0200    0x4  Data  Gb  Menu.o [1]
xButtonPressed          0x2000'07c8    0x4  Data  Gb  Buttons_Task.o [1]
xDelayedTaskList1       0x2000'073c   0x14  Data  Lc  tasks.o [1]
xDelayedTaskList2       0x2000'0750   0x14  Data  Lc  tasks.o [1]
xIdleTaskHandle         0x2000'0810    0x4  Data  Lc  tasks.o [1]
xMeterHandle            0x2000'07d8    0x4  Data  Gb  METER_Task.o [1]
xNextTaskUnblockTime    0x2000'080c    0x4  Data  Lc  tasks.o [1]
xNumOfOverflows         0x2000'0804    0x4  Data  Lc  tasks.o [1]
xPendedTicks            0x2000'07fc    0x4  Data  Lc  tasks.o [1]
xPendingReadyList       0x2000'0764   0x14  Data  Lc  tasks.o [1]
xPortStartScheduler      0x800'3d6d   0x26  Code  Gb  port.o [1]
xQueueGenericCreate      0x800'50c5   0x38  Code  Gb  queue.o [1]
xQueueGenericReset       0x800'5045   0x80  Code  Gb  queue.o [1]
xQueueGenericSend        0x800'512f  0x120  Code  Gb  queue.o [1]
xQueueSemaphoreTake      0x800'524f  0x14a  Code  Gb  queue.o [1]
xSchedulerRunning       0x2000'07f8    0x4  Data  Lc  tasks.o [1]
xSettingsHandle         0x2000'07d0    0x4  Data  Gb  Menu.o [1]
xSuspendedTaskList      0x2000'078c   0x14  Data  Lc  tasks.o [1]
xTaskCheckForTimeOut     0x800'37bd   0x6a  Code  Gb  tasks.o [1]
xTaskCreate              0x800'30f9   0x74  Code  Gb  tasks.o [1]
xTaskIncrementTick       0x800'35c3  0x10c  Code  Gb  tasks.o [1]
xTaskPriorityDisinherit
                         0x800'39ed   0x72  Code  Gb  tasks.o [1]
xTaskPriorityInherit     0x800'3935   0xae  Code  Gb  tasks.o [1]
xTaskRemoveFromEventList
                         0x800'3741   0x6a  Code  Gb  tasks.o [1]
xTaskResumeAll           0x800'34f1   0xd2  Code  Gb  tasks.o [1]
xTasksWaitingTermination
                        0x2000'0778   0x14  Data  Lc  tasks.o [1]
xTickCount              0x2000'07f0    0x4  Data  Lc  tasks.o [1]
xYieldPending           0x2000'0800    0x4  Data  Lc  tasks.o [1]
yBtnPosArr              0x2000'01fc    0x4  Data  Gb  Menu.o [1]


[1] = C:\Users\Harak\Documents\Projects\vacuumMetr\MCU_Proj\VacuumMetrProj\Debug\Obj
[2] = dl7M_tln.a
[3] = m7M_tl.a
[4] = rt7M_tl.a
[5] = shb_l.a

  24 050 bytes of readonly  code memory
     786 bytes of readonly  data memory
  14 371 bytes of readwrite data memory

Errors: none
Warnings: none
