###############################################################################
#
# IAR ELF Linker V9.10.2.313/W64 for ARM                  14/Nov/2021  01:45:27
# Copyright 2007-2021 IAR Systems AB.
#
#    Output file  =
#        C:\Users\Harak\Documents\Projects\vacuumMetr\MCU_Proj\VacuumMetrProj\Debug\Exe\VacuumMetrProj.out
#    Map file     =
#        C:\Users\Harak\Documents\Projects\vacuumMetr\MCU_Proj\VacuumMetrProj\Debug\List\VacuumMetrProj.map
#    Command line =
#        -f
#        C:\Users\Harak\Documents\Projects\vacuumMetr\MCU_Proj\VacuumMetrProj\Debug\Exe\VacuumMetrProj.out.rsp
#        (C:\Users\Harak\Documents\Projects\vacuumMetr\MCU_Proj\VacuumMetrProj\Debug\Obj\User\libs\ADC.o
#        C:\Users\Harak\Documents\Projects\vacuumMetr\MCU_Proj\VacuumMetrProj\Debug\Obj\User\BoardConfig.o
#        C:\Users\Harak\Documents\Projects\vacuumMetr\MCU_Proj\VacuumMetrProj\Debug\Obj\User\build.o
#        C:\Users\Harak\Documents\Projects\vacuumMetr\MCU_Proj\VacuumMetrProj\Debug\Obj\User\libs\Buttons.o
#        C:\Users\Harak\Documents\Projects\vacuumMetr\MCU_Proj\VacuumMetrProj\Debug\Obj\User\Tasks\Buttons_Task.o
#        C:\Users\Harak\Documents\Projects\vacuumMetr\MCU_Proj\VacuumMetrProj\Debug\Obj\User\libs\Configuration.o
#        C:\Users\Harak\Documents\Projects\vacuumMetr\MCU_Proj\VacuumMetrProj\Debug\Obj\FreeRTOS\croutine.o
#        C:\Users\Harak\Documents\Projects\vacuumMetr\MCU_Proj\VacuumMetrProj\Debug\Obj\User\libs\DISP_Buff.o
#        C:\Users\Harak\Documents\Projects\vacuumMetr\MCU_Proj\VacuumMetrProj\Debug\Obj\FreeRTOS\portable\heap_4.o
#        C:\Users\Harak\Documents\Projects\vacuumMetr\MCU_Proj\VacuumMetrProj\Debug\Obj\User\Tasks\LASTLEVELMENU_Task.o
#        C:\Users\Harak\Documents\Projects\vacuumMetr\MCU_Proj\VacuumMetrProj\Debug\Obj\User\libs\lcd5110.o
#        C:\Users\Harak\Documents\Projects\vacuumMetr\MCU_Proj\VacuumMetrProj\Debug\Obj\FreeRTOS\list.o
#        C:\Users\Harak\Documents\Projects\vacuumMetr\MCU_Proj\VacuumMetrProj\Debug\Obj\User\main.o
#        C:\Users\Harak\Documents\Projects\vacuumMetr\MCU_Proj\VacuumMetrProj\Debug\Obj\User\Tasks\Menu_Task.o
#        C:\Users\Harak\Documents\Projects\vacuumMetr\MCU_Proj\VacuumMetrProj\Debug\Obj\User\Tasks\METER_Task.o
#        C:\Users\Harak\Documents\Projects\vacuumMetr\MCU_Proj\VacuumMetrProj\Debug\Obj\FreeRTOS\portable\port.o
#        C:\Users\Harak\Documents\Projects\vacuumMetr\MCU_Proj\VacuumMetrProj\Debug\Obj\FreeRTOS\portable\portasm.o
#        C:\Users\Harak\Documents\Projects\vacuumMetr\MCU_Proj\VacuumMetrProj\Debug\Obj\FreeRTOS\queue.o
#        C:\Users\Harak\Documents\Projects\vacuumMetr\MCU_Proj\VacuumMetrProj\Debug\Obj\User\Tasks\SCOPE_Task.o
#        C:\Users\Harak\Documents\Projects\vacuumMetr\MCU_Proj\VacuumMetrProj\Debug\Obj\User\Games\Snake.o
#        C:\Users\Harak\Documents\Projects\vacuumMetr\MCU_Proj\VacuumMetrProj\Debug\Obj\CMSIS\startup_stm32f103xb.o
#        C:\Users\Harak\Documents\Projects\vacuumMetr\MCU_Proj\VacuumMetrProj\Debug\Obj\User\libs\stm32f1xx_it.o
#        C:\Users\Harak\Documents\Projects\vacuumMetr\MCU_Proj\VacuumMetrProj\Debug\Obj\CMSIS\system_stm32f1xx.o
#        C:\Users\Harak\Documents\Projects\vacuumMetr\MCU_Proj\VacuumMetrProj\Debug\Obj\FreeRTOS\tasks.o
#        C:\Users\Harak\Documents\Projects\vacuumMetr\MCU_Proj\VacuumMetrProj\Debug\Obj\User\Games\Tetris.o
#        --no_out_extension -o
#        C:\Users\Harak\Documents\Projects\vacuumMetr\MCU_Proj\VacuumMetrProj\Debug\Exe\VacuumMetrProj.out
#        --redirect _Printf=_PrintfFullNoMb --redirect _Scanf=_ScanfFullNoMb
#        --map
#        C:\Users\Harak\Documents\Projects\vacuumMetr\MCU_Proj\VacuumMetrProj\Debug\List\VacuumMetrProj.map
#        --config
#        C:\Users\Harak\Documents\Projects\vacuumMetr\MCU_Proj\VacuumMetrProj\libs\VacuumMetrProj.icf
#        --semihosting --entry __iar_program_start --vfe --text_out locale)
#
###############################################################################

*******************************************************************************
*** RUNTIME MODEL ATTRIBUTES
***

CppFlavor       = *
__SystemLibrary = DLib
__dlib_version  = 6


*******************************************************************************
*** HEAP SELECTION
***

The basic heap was selected because no calls to memory allocation
functions were found in the application outside of system library
functions, and there are calls to deallocation functions in the
application.


*******************************************************************************
*** PLACEMENT SUMMARY
***

"A0":  place at address 0x800'0000 { ro section .intvec };
define block ROM_CONTENT with fixed order { ro section _version, ro };
"P1":  place in [from 0x800'0000 to 0x800'ffff] { block ROM_CONTENT };
define block CSTACK with size = 2K, alignment = 8 { };
define block HEAP with size = 0, alignment = 8 { };
"P2":  place in [from 0x2000'0000 to 0x2000'4fff] {
          rw, block CSTACK, block HEAP };
initialize by copy { rw };
keep { section _version };

  Section              Kind         Address    Size  Object
  -------              ----         -------    ----  ------
"A0":                                          0xec
  .intvec              ro code   0x800'0000    0xec  startup_stm32f103xb.o [1]
                               - 0x800'00ec    0xec

"P1":                                        0x7ea2
  ROM_CONTENT                    0x800'00ec  0x7ea2  <Block>
    _version           const     0x800'00ec    0x14  build.o [4]
    .rodata            const     0x800'0100     0xc  BoardConfig.o [4]
    .rodata            const     0x800'010c     0xc  BoardConfig.o [4]
    .rodata            const     0x800'0118     0x8  BoardConfig.o [4]
    .rodata            const     0x800'0120    0x10  Buttons_Task.o [6]
    .rodata            const     0x800'0130   0x1e0  DISP_Buff.o [7]
    .rodata            const     0x800'0310    0x30  DISP_Buff.o [7]
    .rodata            const     0x800'0340    0x30  DISP_Buff.o [7]
    .rodata            const     0x800'0370    0x30  DISP_Buff.o [7]
    .rodata            const     0x800'03a0    0x30  DISP_Buff.o [7]
    .rodata            const     0x800'03d0    0x30  DISP_Buff.o [7]
    .rodata            const     0x800'0400    0x30  DISP_Buff.o [7]
    .rodata            const     0x800'0430     0x8  DISP_Buff.o [7]
    .rodata            const     0x800'0438     0x8  DISP_Buff.o [7]
    .rodata            const     0x800'0440     0x4  heap_4.o [3]
    .rodata            const     0x800'0444     0xc  LASTLEVELMENU_Task.o [6]
    .rodata            const     0x800'0450     0xc  LASTLEVELMENU_Task.o [6]
    .rodata            const     0x800'045c    0x10  LASTLEVELMENU_Task.o [6]
    .rodata            const     0x800'046c     0x8  LASTLEVELMENU_Task.o [6]
    .rodata            const     0x800'0474     0x8  LASTLEVELMENU_Task.o [6]
    .rodata            const     0x800'047c     0x8  LASTLEVELMENU_Task.o [6]
    .rodata            const     0x800'0484     0x8  LASTLEVELMENU_Task.o [6]
    .rodata            const     0x800'048c     0x8  LASTLEVELMENU_Task.o [6]
    .rodata            const     0x800'0494     0x8  LASTLEVELMENU_Task.o [6]
    .rodata            const     0x800'049c     0x8  LASTLEVELMENU_Task.o [6]
    .rodata            const     0x800'04a4     0x8  LASTLEVELMENU_Task.o [6]
    .rodata            const     0x800'04ac     0x8  LASTLEVELMENU_Task.o [6]
    .rodata            const     0x800'04b4     0x8  LASTLEVELMENU_Task.o [6]
    .rodata            const     0x800'04bc     0x8  LASTLEVELMENU_Task.o [6]
    .rodata            const     0x800'04c4     0x8  LASTLEVELMENU_Task.o [6]
    .rodata            const     0x800'04cc     0x8  LASTLEVELMENU_Task.o [6]
    .rodata            const     0x800'04d4     0x8  LASTLEVELMENU_Task.o [6]
    .rodata            const     0x800'04dc     0x8  LASTLEVELMENU_Task.o [6]
    .rodata            const     0x800'04e4     0x8  LASTLEVELMENU_Task.o [6]
    .rodata            const     0x800'04ec     0x8  LASTLEVELMENU_Task.o [6]
    .rodata            const     0x800'04f4     0x8  LASTLEVELMENU_Task.o [6]
    .rodata            const     0x800'04fc     0xc  LASTLEVELMENU_Task.o [6]
    .rodata            const     0x800'0508     0x8  Menu_Task.o [6]
    .rodata            const     0x800'0510     0xc  Menu_Task.o [6]
    .rodata            const     0x800'051c     0x8  Menu_Task.o [6]
    .rodata            const     0x800'0524     0xc  Menu_Task.o [6]
    .rodata            const     0x800'0530     0xc  Menu_Task.o [6]
    .rodata            const     0x800'053c     0x8  Menu_Task.o [6]
    .rodata            const     0x800'0544     0x8  Menu_Task.o [6]
    .rodata            const     0x800'054c     0x8  Menu_Task.o [6]
    .rodata            const     0x800'0554     0xc  Menu_Task.o [6]
    .rodata            const     0x800'0560     0x8  Menu_Task.o [6]
    .rodata            const     0x800'0568     0x8  METER_Task.o [6]
    .rodata            const     0x800'0570     0x8  METER_Task.o [6]
    .rodata            const     0x800'0578     0x8  SCOPE_Task.o [6]
    .rodata            const     0x800'0580     0x8  SCOPE_Task.o [6]
    .rodata            const     0x800'0588    0x10  Snake.o [5]
    .rodata            const     0x800'0598    0x10  Snake.o [5]
    .rodata            const     0x800'05a8     0xc  Snake.o [5]
    .rodata            const     0x800'05b4     0x8  tasks.o [2]
    .rodata            const     0x800'05bc    0x14  Tetris.o [5]
    .rodata            const     0x800'05d0    0x10  Tetris.o [5]
    .rodata            const     0x800'05e0     0xc  Tetris.o [5]
    .text              ro code   0x800'05ec   0x24c  ADC.o [7]
    .text              ro code   0x800'0838   0x43c  BoardConfig.o [4]
    .text              ro code   0x800'0c74   0x606  DISP_Buff.o [7]
    .text              ro code   0x800'127a     0xa  xsprout.o [8]
    .text              ro code   0x800'1284   0x554  lcd5110.o [7]
    .text              ro code   0x800'17d8   0x16c  Buttons.o [7]
    .text              ro code   0x800'1944    0x66  ABImemset.o [10]
    .text              ro code   0x800'19aa    0x3a  packbits_init_single.o [10]
    .text              ro code   0x800'19e4   0x2a0  Buttons_Task.o [6]
    .text              ro code   0x800'1c84   0x614  queue.o [2]
    .text              ro code   0x800'2298   0xc98  tasks.o [2]
    .text              ro code   0x800'2f30   0x2c8  heap_4.o [3]
    .text              ro code   0x800'31f8    0xc8  port.o [3]
    .text              ro code   0x800'32c0    0x9a  list.o [2]
    .rodata            const     0x800'335a     0x1  Buttons_Task.o [6]
    .rodata            const     0x800'335b     0x1  Buttons_Task.o [6]
    .text              ro code   0x800'335c    0xa6  ABImemcpy.o [10]
    .text              ro code   0x800'3402    0x22  main.o [4]
    .text              ro code   0x800'3424    0x28  port.o [3]
    CODE               ro code   0x800'344c    0x88  portasm.o [3]
    .text              ro code   0x800'34d4   0x840  Menu_Task.o [6]
    .text              ro code   0x800'3d14   0x4b4  METER_Task.o [6]
    .text              ro code   0x800'41c8   0x678  LASTLEVELMENU_Task.o [6]
    .text              ro code   0x800'4840    0x14  memset.o [10]
    .text              ro code   0x800'4854   0x1e8  SCOPE_Task.o [6]
    .text              ro code   0x800'4a3c   0x32c  Configuration.o [7]
    .text              ro code   0x800'4d68     0x8  abs.o [8]
    .text              ro code   0x800'4d70    0x40  sprintf.o [8]
    .text              ro code   0x800'4db0    0x1c  U32ToDbl.o [9]
    .text              ro code   0x800'4dcc   0x246  DblDiv.o [9]
    .rodata            const     0x800'5012     0x1  Buttons_Task.o [6]
    .rodata            const     0x800'5013     0x1  Buttons_Task.o [6]
    .text              ro code   0x800'5014   0x8f8  Snake.o [5]
    .text              ro code   0x800'590c   0x864  Tetris.o [5]
    .text              ro code   0x800'6170   0x274  I64DivMod.o [10]
    .text              ro code   0x800'63e4   0xf12  xprintffull_nomb.o [8]
    .rodata            const     0x800'72f6     0x1  Buttons_Task.o [6]
    .text              ro code   0x800'72f8    0x9c  rand.o [8]
    .text              ro code   0x800'7394     0x2  I64DivZer.o [10]
    .text              ro code   0x800'7398    0x16  strchr.o [10]
    .text              ro code   0x800'73b0    0x40  xfail_s.o [8]
    .text              ro code   0x800'73f0    0x36  strlen.o [10]
    .text              ro code   0x800'7428    0x58  memchr.o [10]
    .text              ro code   0x800'7480    0x70  frexp.o [9]
    .text              ro code   0x800'74f0    0x34  DblCmpLe.o [9]
    .text              ro code   0x800'7524    0x34  DblCmpGe.o [9]
    .text              ro code   0x800'7558   0x13a  ldexp.o [9]
    .text              ro code   0x800'7694    0x36  DblToS32.o [9]
    .text              ro code   0x800'76cc    0x22  S32ToDbl.o [9]
    .text              ro code   0x800'76f0   0x24e  DblAddSub.o [9]
    .text              ro code   0x800'7940    0x22  DblToU32.o [9]
    .text              ro code   0x800'7964   0x1aa  DblMul.o [9]
    .text              ro code   0x800'7b0e     0x6  abort.o [8]
    .text              ro code   0x800'7b14    0x14  exit.o [11]
    .text              ro code   0x800'7b28    0x18  startup_stm32f103xb.o [1]
    .text              ro code   0x800'7b40   0x174  stm32f1xx_it.o [7]
    .text              ro code   0x800'7cb4   0x12c  system_stm32f1xx.o [1]
    .text              ro code   0x800'7de0    0x1c  cstartup_M.o [10]
    .text              ro code   0x800'7dfc    0x1e  cmain.o [10]
    .text              ro code   0x800'7e1a     0x4  low_level_init.o [8]
    .text              ro code   0x800'7e20    0x28  data_init.o [10]
    .text              ro code   0x800'7e48     0x4  exit.o [8]
    .text              ro code   0x800'7e4c     0xa  cexit.o [10]
    .text              ro code   0x800'7e56     0x4  startup_stm32f103xb.o [1]
    .text              ro code   0x800'7e5a     0x4  startup_stm32f103xb.o [1]
    .text              ro code   0x800'7e5e     0x4  startup_stm32f103xb.o [1]
    .text              ro code   0x800'7e62     0x4  startup_stm32f103xb.o [1]
    .text              ro code   0x800'7e66     0x4  startup_stm32f103xb.o [1]
    .text              ro code   0x800'7e6a     0x4  startup_stm32f103xb.o [1]
    .text              ro code   0x800'7e6e     0x4  startup_stm32f103xb.o [1]
    .text              ro code   0x800'7e72     0x4  startup_stm32f103xb.o [1]
    .text              ro code   0x800'7e76     0x4  startup_stm32f103xb.o [1]
    .text              ro code   0x800'7e7a     0x4  startup_stm32f103xb.o [1]
    .text              ro code   0x800'7e7e     0x4  startup_stm32f103xb.o [1]
    .text              ro code   0x800'7e82     0x4  startup_stm32f103xb.o [1]
    .text              ro code   0x800'7e86     0x4  startup_stm32f103xb.o [1]
    .text              ro code   0x800'7e8a     0x4  startup_stm32f103xb.o [1]
    .text              ro code   0x800'7e8e     0x4  startup_stm32f103xb.o [1]
    .text              ro code   0x800'7e92     0x4  startup_stm32f103xb.o [1]
    .text              ro code   0x800'7e96     0x4  startup_stm32f103xb.o [1]
    .text              ro code   0x800'7e9a     0x4  startup_stm32f103xb.o [1]
    .text              ro code   0x800'7e9e     0x4  startup_stm32f103xb.o [1]
    .text              ro code   0x800'7ea2     0x4  startup_stm32f103xb.o [1]
    .text              ro code   0x800'7ea6     0x4  startup_stm32f103xb.o [1]
    .text              ro code   0x800'7eaa     0x4  startup_stm32f103xb.o [1]
    .text              ro code   0x800'7eae     0x4  startup_stm32f103xb.o [1]
    .text              ro code   0x800'7eb2     0x4  startup_stm32f103xb.o [1]
    .text              ro code   0x800'7eb6     0x4  startup_stm32f103xb.o [1]
    .text              ro code   0x800'7eba     0x4  startup_stm32f103xb.o [1]
    .text              ro code   0x800'7ebe     0x4  startup_stm32f103xb.o [1]
    .text              ro code   0x800'7ec2     0x4  startup_stm32f103xb.o [1]
    .text              ro code   0x800'7ec6     0x4  startup_stm32f103xb.o [1]
    .text              ro code   0x800'7eca     0x4  startup_stm32f103xb.o [1]
    .text              ro code   0x800'7ece     0x4  startup_stm32f103xb.o [1]
    .text              ro code   0x800'7ed2     0x4  startup_stm32f103xb.o [1]
    .text              ro code   0x800'7ed6     0x4  startup_stm32f103xb.o [1]
    .text              ro code   0x800'7eda     0x4  startup_stm32f103xb.o [1]
    .text              ro code   0x800'7ede     0x4  startup_stm32f103xb.o [1]
    .text              ro code   0x800'7ee2     0x4  startup_stm32f103xb.o [1]
    .text              ro code   0x800'7ee6     0x4  startup_stm32f103xb.o [1]
    .text              ro code   0x800'7eea     0x4  startup_stm32f103xb.o [1]
    .text              ro code   0x800'7eee     0x4  startup_stm32f103xb.o [1]
    .text              ro code   0x800'7ef2     0x4  startup_stm32f103xb.o [1]
    .text              ro code   0x800'7ef6     0x4  startup_stm32f103xb.o [1]
    .text              ro code   0x800'7efa     0x4  startup_stm32f103xb.o [1]
    .text              ro code   0x800'7efe     0x4  startup_stm32f103xb.o [1]
    .text              ro code   0x800'7f02     0x4  startup_stm32f103xb.o [1]
    .text              ro code   0x800'7f06     0x4  startup_stm32f103xb.o [1]
    .text              ro code   0x800'7f0a     0x4  startup_stm32f103xb.o [1]
    .text              ro code   0x800'7f0e     0x4  startup_stm32f103xb.o [1]
    .text              ro code   0x800'7f12    0x38  zero_init3.o [10]
    .iar.init_table    const     0x800'7f4c    0x20  - Linker created -
    .rodata            const     0x800'7f6c     0x0  zero_init3.o [10]
    .rodata            const     0x800'7f6c     0x0  packbits_init_single.o [10]
    Initializer bytes  const     0x800'7f6c    0x22  <for P2-1>
                               - 0x800'7f8e  0x7ea2

"P2", part 1 of 3:                             0x48
  P2-1                          0x2000'0000    0x48  <Init block>
    .data              inited   0x2000'0000    0x10  SCOPE_Task.o [6]
    .data              inited   0x2000'0010     0x4  Configuration.o [7]
    .data              inited   0x2000'0014     0x4  Menu_Task.o [6]
    .data              inited   0x2000'0018     0x4  Menu_Task.o [6]
    .data              inited   0x2000'001c    0x1c  METER_Task.o [6]
    .data              inited   0x2000'0038     0x4  port.o [3]
    .data              inited   0x2000'003c     0x4  tasks.o [2]
    .data              inited   0x2000'0040     0x8  rand.o [8]
                              - 0x2000'0048    0x48

"P2", part 2 of 3:                           0x3d4c
  .bss                 zero     0x2000'0048  0x3800  heap_4.o [3]
  .bss                 zero     0x2000'3848   0x1f8  DISP_Buff.o [7]
  .bss                 zero     0x2000'3a40    0x8c  tasks.o [2]
  .bss                 zero     0x2000'3acc    0x88  Menu_Task.o [6]
  .bss                 zero     0x2000'3b54    0x84  rand.o [8]
  .bss                 zero     0x2000'3bd8    0x50  ADC.o [7]
  .bss                 zero     0x2000'3c28    0x20  LASTLEVELMENU_Task.o [6]
  .bss                 zero     0x2000'3c48    0x1c  Buttons_Task.o [6]
  .bss                 zero     0x2000'3c64    0x14  LASTLEVELMENU_Task.o [6]
  .bss                 zero     0x2000'3c78    0x14  tasks.o [2]
  .bss                 zero     0x2000'3c8c    0x14  tasks.o [2]
  .bss                 zero     0x2000'3ca0    0x14  tasks.o [2]
  .bss                 zero     0x2000'3cb4    0x14  tasks.o [2]
  .bss                 zero     0x2000'3cc8    0x14  tasks.o [2]
  .bss                 zero     0x2000'3cdc     0xc  ADC.o [7]
  .bss                 zero     0x2000'3ce8     0x8  heap_4.o [3]
  .bss                 zero     0x2000'3cf0     0x8  LASTLEVELMENU_Task.o [6]
  .bss                 zero     0x2000'3cf8     0x8  Menu_Task.o [6]
  .bss                 zero     0x2000'3d00     0x4  Buttons_Task.o [6]
  .bss                 zero     0x2000'3d04     0x4  Buttons_Task.o [6]
  .bss                 zero     0x2000'3d08     0x4  heap_4.o [3]
  .bss                 zero     0x2000'3d0c     0x4  heap_4.o [3]
  .bss                 zero     0x2000'3d10     0x4  heap_4.o [3]
  .bss                 zero     0x2000'3d14     0x4  heap_4.o [3]
  .bss                 zero     0x2000'3d18     0x4  heap_4.o [3]
  .bss                 zero     0x2000'3d1c     0x4  heap_4.o [3]
  .bss                 zero     0x2000'3d20     0x4  LASTLEVELMENU_Task.o [6]
  .bss                 zero     0x2000'3d24     0x4  LASTLEVELMENU_Task.o [6]
  .bss                 zero     0x2000'3d28     0x4  LASTLEVELMENU_Task.o [6]
  .bss                 zero     0x2000'3d2c     0x4  LASTLEVELMENU_Task.o [6]
  .bss                 zero     0x2000'3d30     0x4  Menu_Task.o [6]
  .bss                 zero     0x2000'3d34     0x4  METER_Task.o [6]
  .bss                 zero     0x2000'3d38     0x4  METER_Task.o [6]
  .bss                 zero     0x2000'3d3c     0x4  METER_Task.o [6]
  .bss                 zero     0x2000'3d40     0x4  SCOPE_Task.o [6]
  .bss                 zero     0x2000'3d44     0x4  SCOPE_Task.o [6]
  .bss                 zero     0x2000'3d48     0x4  SCOPE_Task.o [6]
  .bss                 zero     0x2000'3d4c     0x4  SCOPE_Task.o [6]
  .bss                 zero     0x2000'3d50     0x4  tasks.o [2]
  .bss                 zero     0x2000'3d54     0x4  tasks.o [2]
  .bss                 zero     0x2000'3d58     0x4  tasks.o [2]
  .bss                 zero     0x2000'3d5c     0x4  tasks.o [2]
  .bss                 zero     0x2000'3d60     0x4  tasks.o [2]
  .bss                 zero     0x2000'3d64     0x4  tasks.o [2]
  .bss                 zero     0x2000'3d68     0x4  tasks.o [2]
  .bss                 zero     0x2000'3d6c     0x4  tasks.o [2]
  .bss                 zero     0x2000'3d70     0x4  tasks.o [2]
  .bss                 zero     0x2000'3d74     0x4  tasks.o [2]
  .bss                 zero     0x2000'3d78     0x4  tasks.o [2]
  .bss                 zero     0x2000'3d7c     0x4  tasks.o [2]
  .bss                 zero     0x2000'3d80     0x4  tasks.o [2]
  .bss                 zero     0x2000'3d84     0x4  tasks.o [2]
  .bss                 zero     0x2000'3d88     0x4  tasks.o [2]
  .bss                 zero     0x2000'3d8c     0x4  xfail_s.o [8]
  .bss                 zero     0x2000'3d90     0x1  Configuration.o [7]
  .bss                 zero     0x2000'3d91     0x1  LASTLEVELMENU_Task.o [6]
  .bss                 zero     0x2000'3d92     0x1  lcd5110.o [7]
                              - 0x2000'3d93  0x3d4b

"P2", part 3 of 3:                            0x800
  CSTACK                        0x2000'3d98   0x800  <Block>
    CSTACK             uninit   0x2000'3d98   0x800  <Block tail>
                              - 0x2000'4598   0x800

Unused ranges:

         From           To    Size
         ----           --    ----
   0x800'7f8e   0x800'ffff  0x8072
  0x2000'3d94  0x2000'3d97     0x4
  0x2000'4598  0x2000'4fff   0xa68


*******************************************************************************
*** INIT TABLE
***

          Address      Size
          -------      ----
Zero (__iar_zero_init3)
    1 destination range, total size 0x3d4b:
          0x2000'0048  0x3d4b

Copy/packbits (__iar_packbits_init_single3)
    1 source range, total size 0x22 (47% of destination):
           0x800'7f6c    0x22
    1 destination range, total size 0x48:
          0x2000'0000    0x48



*******************************************************************************
*** MODULE SUMMARY
***

    Module                  ro code  ro data  rw data
    ------                  -------  -------  -------
command line/config:
    -------------------------------------------------
    Total:

C:\Users\Harak\Documents\Projects\vacuumMetr\MCU_Proj\VacuumMetrProj\Debug\Obj\CMSIS: [1]
    startup_stm32f103xb.o       448
    system_stm32f1xx.o          300
    -------------------------------------------------
    Total:                      748

C:\Users\Harak\Documents\Projects\vacuumMetr\MCU_Proj\VacuumMetrProj\Debug\Obj\FreeRTOS: [2]
    list.o                      154
    queue.o                   1'556
    tasks.o                   3'224       10      304
    -------------------------------------------------
    Total:                    4'934       10      304

C:\Users\Harak\Documents\Projects\vacuumMetr\MCU_Proj\VacuumMetrProj\Debug\Obj\FreeRTOS\portable: [3]
    heap_4.o                    712        4   14'368
    port.o                      240        2        4
    portasm.o                   136
    -------------------------------------------------
    Total:                    1'088        6   14'372

C:\Users\Harak\Documents\Projects\vacuumMetr\MCU_Proj\VacuumMetrProj\Debug\Obj\User: [4]
    BoardConfig.o             1'084       32
    build.o                               20
    main.o                       34
    -------------------------------------------------
    Total:                    1'118       52

C:\Users\Harak\Documents\Projects\vacuumMetr\MCU_Proj\VacuumMetrProj\Debug\Obj\User\Games: [5]
    Snake.o                   2'296       44
    Tetris.o                  2'148       48
    -------------------------------------------------
    Total:                    4'444       92

C:\Users\Harak\Documents\Projects\vacuumMetr\MCU_Proj\VacuumMetrProj\Debug\Obj\User\Tasks: [6]
    Buttons_Task.o              672       21       36
    LASTLEVELMENU_Task.o      1'656      196       77
    METER_Task.o              1'204       29       40
    Menu_Task.o               2'112      100      156
    SCOPE_Task.o                488       23       32
    -------------------------------------------------
    Total:                    6'132      369      341

C:\Users\Harak\Documents\Projects\vacuumMetr\MCU_Proj\VacuumMetrProj\Debug\Obj\User\libs: [7]
    ADC.o                       588                92
    Buttons.o                   364
    Configuration.o             812        2        5
    DISP_Buff.o               1'542      784      504
    lcd5110.o                 1'364                 1
    stm32f1xx_it.o              372
    -------------------------------------------------
    Total:                    5'042      786      602

dl7M_tln.a: [8]
    abort.o                       6
    abs.o                         8
    exit.o                        4
    low_level_init.o              4
    rand.o                      156        4      140
    sprintf.o                    64
    xfail_s.o                    64                 4
    xprintffull_nomb.o        3'858
    xsprout.o                    10
    -------------------------------------------------
    Total:                    4'174        4      144

m7M_tl.a: [9]
    DblAddSub.o                 590
    DblCmpGe.o                   52
    DblCmpLe.o                   52
    DblDiv.o                    582
    DblMul.o                    426
    DblToS32.o                   54
    DblToU32.o                   34
    S32ToDbl.o                   34
    U32ToDbl.o                   28
    frexp.o                     112
    ldexp.o                     314
    -------------------------------------------------
    Total:                    2'278

rt7M_tl.a: [10]
    ABImemcpy.o                 166
    ABImemset.o                 102
    I64DivMod.o                 628
    I64DivZer.o                   2
    cexit.o                      10
    cmain.o                      30
    cstartup_M.o                 28
    data_init.o                  40
    memchr.o                     88
    memset.o                     20
    packbits_init_single.o       58
    strchr.o                     22
    strlen.o                     54
    zero_init3.o                 56
    -------------------------------------------------
    Total:                    1'304

shb_l.a: [11]
    exit.o                       20
    -------------------------------------------------
    Total:                       20

    Gaps                         19        2
    Linker created                        32    2'048
-----------------------------------------------------
    Grand Total:             31'301    1'353   17'811


*******************************************************************************
*** ENTRY LIST
***

Entry                       Address    Size  Type      Object
-----                       -------    ----  ----      ------
.iar.init_table$$Base    0x800'7f4c           --   Gb  - Linker created -
.iar.init_table$$Limit   0x800'7f6c           --   Gb  - Linker created -
?main                    0x800'7dfd          Code  Gb  cmain.o [10]
ADC1Init                 0x800'0603   0x11e  Code  Gb  ADC.o [7]
ADCBuff                 0x2000'3bd8    0x50  Data  Gb  ADC.o [7]
ADCTIMinit               0x800'075f    0x78  Code  Gb  ADC.o [7]
ASCII                    0x800'0130   0x1e0  Data  Gb  DISP_Buff.o [7]
A_symb                   0x800'0340    0x30  Data  Gb  DISP_Buff.o [7]
ArrowDOWN                0x800'0438     0x8  Data  Gb  DISP_Buff.o [7]
ArrowUP                  0x800'0430     0x8  Data  Gb  DISP_Buff.o [7]
ButtCreate               0x800'34d5    0x40  Code  Gb  Menu_Task.o [6]
Buttons_Task_init        0x800'19e5    0x48  Code  Gb  Buttons_Task.o [6]
CSTACK$$Base            0x2000'3d98           --   Gb  - Linker created -
CSTACK$$Limit           0x2000'4598           --   Gb  - Linker created -
Config                  0x2000'0010     0x4  Data  Gb  Configuration.o [7]
DISP_Clear               0x800'147b    0x2e  Code  Gb  lcd5110.o [7]
DISP_Clear_DMA           0x800'14a9    0x7e  Code  Gb  lcd5110.o [7]
DISP_Clear_DMA::zero    0x2000'3d92     0x1  Data  Lc  lcd5110.o [7]
DISP_Init                0x800'129d    0x58  Code  Gb  lcd5110.o [7]
DISP_Send_DMA            0x800'1395    0xa2  Code  Gb  lcd5110.o [7]
DISP_SetPos              0x800'1527    0x20  Code  Gb  lcd5110.o [7]
DISP_Update              0x800'0c75     0xc  Code  Gb  DISP_Buff.o [7]
DISP_command             0x800'12f5    0x4e  Code  Gb  lcd5110.o [7]
DISP_data                0x800'1343    0x52  Code  Gb  lcd5110.o [7]
DISP_setBias             0x800'1459    0x22  Code  Gb  lcd5110.o [7]
DISP_setContrast         0x800'1437    0x22  Code  Gb  lcd5110.o [7]
DMA1_Channel3_IRQHandler
                         0x800'7b41    0x2a  Code  Gb  stm32f1xx_it.o [7]
DMA_ADCInit              0x800'0721    0x3e  Code  Gb  ADC.o [7]
FILT                    0x2000'001c    0x1c  Data  Gb  METER_Task.o [6]
GetButtons               0x800'17d9    0x58  Code  Gb  Buttons.o [7]
H_symb                   0x800'0310    0x30  Data  Gb  DISP_Buff.o [7]
I_symb                   0x800'03d0    0x30  Data  Gb  DISP_Buff.o [7]
K_symb                   0x800'03a0    0x30  Data  Gb  DISP_Buff.o [7]
LASTLEVELMENU_Task_init
                         0x800'424f    0x2a  Code  Gb  LASTLEVELMENU_Task.o [6]
METER_Task_Deinit        0x800'3d9b    0xb4  Code  Gb  METER_Task.o [6]
METER_Task_init          0x800'3d3f    0x5c  Code  Gb  METER_Task.o [6]
Menu_Task_init           0x800'363d    0x24  Code  Gb  Menu_Task.o [6]
NVIC_EnableIRQ           0x800'05ed    0x16  Code  Lc  ADC.o [7]
NVIC_EnableIRQ           0x800'1285    0x18  Code  Lc  lcd5110.o [7]
PendSV_Handler           0x800'344d          Code  Gb  portasm.o [3]
ROM_CONTENT$$Base        0x800'00ec           --   Gb  - Linker created -
ROM_CONTENT$$Limit       0x800'7f8e           --   Gb  - Linker created -
R_symb                   0x800'0370    0x30  Data  Gb  DISP_Buff.o [7]
ReadVoltageOnMainBatt    0x800'09b9    0xe0  Code  Gb  BoardConfig.o [4]
Region$$Table$$Base      0x800'7f4c           --   Gb  - Linker created -
Region$$Table$$Limit     0x800'7f6c           --   Gb  - Linker created -
SCOPE                   0x2000'0000    0x10  Data  Gb  SCOPE_Task.o [6]
SCOPE_Task_Deinit        0x800'48c9    0x4e  Code  Gb  SCOPE_Task.o [6]
SCOPE_Task_init          0x800'4855    0x74  Code  Gb  SCOPE_Task.o [6]
SPI2Init                 0x800'15fd    0x16  Code  Gb  lcd5110.o [7]
SVC_Handler              0x800'3493          Code  Gb  portasm.o [3]
SaveBright               0x800'4adb    0xaa  Code  Gb  Configuration.o [7]
SaveCongig               0x800'4a3d    0x9e  Code  Gb  Configuration.o [7]
SensorVoltageStruct     0x2000'3cdc     0xc  Data  Gb  ADC.o [7]
Snake_DeInit             0x800'50f7    0x22  Code  Gb  Snake.o [5]
Snake_Draw               0x800'52cf   0x4ca  Code  Gb  Snake.o [5]
Snake_Init               0x800'5015    0xe2  Code  Gb  Snake.o [5]
Snake_Move               0x800'5119   0x1b6  Code  Gb  Snake.o [5]
StandByCheck             0x800'0bbb    0x38  Code  Gb  BoardConfig.o [4]
Stats                   0x2000'3c48    0x1c  Data  Gb  Buttons_Task.o [6]
SysTick_Handler          0x800'3289    0x28  Code  Gb  port.o [3]
SystemInit               0x800'7cb5   0x106  Code  Gb  system_stm32f1xx.o [1]
TIM4_IRQHandler          0x800'7b6b   0x12a  Code  Gb  stm32f1xx_it.o [7]
TetrisShiftLeft          0x800'607d    0x34  Code  Gb  Tetris.o [5]
TetrisShiftRight         0x800'60b1    0x34  Code  Gb  Tetris.o [5]
Tetris_DeInit            0x800'5adb     0xc  Code  Gb  Tetris.o [5]
Tetris_Draw              0x800'5b45   0x26e  Code  Gb  Tetris.o [5]
Tetris_Move              0x800'5db3   0x1ac  Code  Gb  Tetris.o [5]
VBUF                    0x2000'3848   0x1f8  Data  Gb  DISP_Buff.o [7]
VBUF_Clear               0x800'0c81    0x18  Code  Gb  DISP_Buff.o [7]
VBUF_Draw_Image          0x800'0f37   0x16e  Code  Gb  DISP_Buff.o [7]
VBUF_Draw_Line           0x800'0c99    0xc6  Code  Gb  DISP_Buff.o [7]
VBUF_Draw_Pixel          0x800'0d5f    0x9e  Code  Gb  DISP_Buff.o [7]
VBUF_Invert_Line         0x800'0dfd   0x13a  Code  Gb  DISP_Buff.o [7]
VBUF_Write_Char          0x800'10a5   0x172  Code  Gb  DISP_Buff.o [7]
VBUF_Write_String        0x800'1221    0x24  Code  Gb  DISP_Buff.o [7]
VBUF_Write_String_Right
                         0x800'1245    0x36  Code  Gb  DISP_Buff.o [7]
V_symb                   0x800'0400    0x30  Data  Gb  DISP_Buff.o [7]
_LitobFullNoMb           0x800'70fd   0x10c  Code  Lc  xprintffull_nomb.o [8]
_PrintfFullNoMb          0x800'63e5   0xcea  Code  Gb  xprintffull_nomb.o [8]
_PutcharFullNoMb         0x800'7261    0x20  Code  Lc  xprintffull_nomb.o [8]
_PutcharsFullNoMb        0x800'7281    0x2e  Code  Lc  xprintffull_nomb.o [8]
_Rand_idx               0x2000'3bd4     0x4  Data  Lc  rand.o [8]
_Rand_rv                0x2000'3b54    0x80  Data  Lc  rand.o [8]
_Randinit               0x2000'0040     0x1  Data  Gb  rand.o [8]
_Randseed               0x2000'0044     0x4  Data  Gb  rand.o [8]
_SProut                  0x800'127b     0xa  Code  Gb  xsprout.o [8]
__aeabi_cdcmple          0x800'74f1          Code  Gb  DblCmpLe.o [9]
__aeabi_cdrcmple         0x800'7525          Code  Gb  DblCmpGe.o [9]
__aeabi_d2iz             0x800'7695          Code  Gb  DblToS32.o [9]
__aeabi_d2uiz            0x800'7941          Code  Gb  DblToU32.o [9]
__aeabi_ddiv             0x800'4dcd          Code  Gb  DblDiv.o [9]
__aeabi_dmul             0x800'7965          Code  Gb  DblMul.o [9]
__aeabi_dsub             0x800'785d          Code  Gb  DblAddSub.o [9]
__aeabi_i2d              0x800'76cd          Code  Gb  S32ToDbl.o [9]
__aeabi_ldiv0            0x800'7395          Code  Gb  I64DivZer.o [10]
__aeabi_ldivmod          0x800'6171          Code  Gb  I64DivMod.o [10]
__aeabi_memcpy           0x800'335d          Code  Gb  ABImemcpy.o [10]
__aeabi_memcpy4          0x800'337d          Code  Gb  ABImemcpy.o [10]
__aeabi_memcpy8          0x800'337d          Code  Gb  ABImemcpy.o [10]
__aeabi_memset           0x800'1945          Code  Gb  ABImemset.o [10]
__aeabi_ui2d             0x800'4db1          Code  Gb  U32ToDbl.o [9]
__aeabi_uldivmod         0x800'61b5          Code  Gb  I64DivMod.o [10]
__cmain                  0x800'7dfd          Code  Gb  cmain.o [10]
__exit                   0x800'7b15    0x14  Code  Gb  exit.o [11]
__iar_Fail_s             0x800'73b1    0x1c  Code  Gb  xfail_s.o [8]
__iar_Memchr             0x800'7429          Code  Gb  memchr.o [10]
__iar_Memset             0x800'1945          Code  Gb  ABImemset.o [10]
__iar_Memset_word        0x800'194d          Code  Gb  ABImemset.o [10]
__iar_Strchr             0x800'7399          Code  Gb  strchr.o [10]
__iar_data_init3         0x800'7e21    0x28  Code  Gb  data_init.o [10]
__iar_frexp              0x800'748d          Code  Gb  frexp.o [9]
__iar_frexp64            0x800'7481          Code  Gb  frexp.o [9]
__iar_frexpl             0x800'748d          Code  Gb  frexp.o [9]
__iar_ldexp64            0x800'7559          Code  Gb  ldexp.o [9]
__iar_packbits_init_single3
                         0x800'19ab    0x3a  Code  Gb  packbits_init_single.o [10]
__iar_program_start      0x800'7de1          Code  Gb  cstartup_M.o [10]
__iar_scalbln64          0x800'7559          Code  Gb  ldexp.o [9]
__iar_scalbn64           0x800'7559          Code  Gb  ldexp.o [9]
__iar_zero_init3         0x800'7f13    0x38  Code  Gb  zero_init3.o [10]
__low_level_init         0x800'7e1b     0x4  Code  Gb  low_level_init.o [8]
__vector_table           0x800'0000          Data  Gb  startup_stm32f103xb.o [1]
_call_main               0x800'7e09          Code  Gb  cmain.o [10]
_exit                    0x800'7e4d          Code  Gb  cexit.o [10]
abort                    0x800'7b0f     0x6  Code  Gb  abort.o [8]
abs                      0x800'4d69     0x8  Code  Gb  abs.o [8]
ampfCalibrate            0x800'4c3b   0x104  Code  Gb  Configuration.o [7]
biasCalibrate            0x800'4b85    0xb6  Code  Gb  Configuration.o [7]
bltInit                  0x800'1613   0x158  Code  Gb  lcd5110.o [7]
btnArray                0x2000'3acc    0x88  Data  Gb  Menu_Task.o [6]
build                    0x800'00ec    0x14  Data  Gb  build.o [4]
calibBtnArray           0x2000'3c28    0x20  Data  Gb  LASTLEVELMENU_Task.o [6]
disp_LOGO                0x800'0839   0x180  Code  Gb  BoardConfig.o [4]
enablePWRDisp            0x800'0b13    0x54  Code  Gb  BoardConfig.o [4]
enableVoltMeas           0x800'0b67    0x54  Code  Gb  BoardConfig.o [4]
enterStandBy             0x800'0ad3    0x40  Code  Gb  BoardConfig.o [4]
exit                     0x800'7e49     0x4  Code  Gb  exit.o [8]
filtAverage              0x800'3d15    0x2a  Code  Gb  METER_Task.o [6]
flagCalib               0x2000'3d90     0x1  Data  Gb  Configuration.o [7]
frexp                    0x800'7481          Code  Gb  frexp.o [9]
frexpl                   0x800'7481          Code  Gb  frexp.o [9]
gen_I_Block              0x800'590d    0x42  Code  Gb  Tetris.o [5]
gen_J_Block              0x800'594f    0x42  Code  Gb  Tetris.o [5]
gen_L_Block              0x800'5991    0x42  Code  Gb  Tetris.o [5]
gen_O_Block              0x800'59d3    0x42  Code  Gb  Tetris.o [5]
gen_S_Block              0x800'5a15    0x42  Code  Gb  Tetris.o [5]
gen_T_Block              0x800'5a57    0x42  Code  Gb  Tetris.o [5]
gen_Z_Block              0x800'5a99    0x42  Code  Gb  Tetris.o [5]
gpioInit                 0x800'1547    0xb6  Code  Gb  lcd5110.o [7]
initAll                  0x800'0a99    0x3a  Code  Gb  BoardConfig.o [4]
initButt                 0x800'1831    0xfe  Code  Gb  Buttons.o [7]
invertLastLevelCurrentButton
                         0x800'41c9    0x54  Code  Gb  LASTLEVELMENU_Task.o [6]
invertMenuCurrentButton
                         0x800'3515    0x5c  Code  Gb  Menu_Task.o [6]
lastlevelButtArrayInit   0x800'421d    0x32  Code  Gb  LASTLEVELMENU_Task.o [6]
ldexp                    0x800'7559          Code  Gb  ldexp.o [9]
ldexpl                   0x800'7559          Code  Gb  ldexp.o [9]
main                     0x800'3403    0x1e  Code  Gb  main.o [4]
memchr                   0x800'7429          Code  Gb  memchr.o [10]
memset                   0x800'4841    0x14  Code  Gb  memset.o [10]
menuButtArrayInit        0x800'3571    0xcc  Code  Gb  Menu_Task.o [6]
menuStruct              0x2000'3cf8     0x8  Data  Gb  Menu_Task.o [6]
menuVBUFDraw             0x800'3bf1    0xa0  Code  Gb  Menu_Task.o [6]
prvAddCurrentTaskToDelayedList
                         0x800'2e79    0x7e  Code  Lc  tasks.o [2]
prvAddNewTaskToReadyList
                         0x800'23f1    0xc2  Code  Lc  tasks.o [2]
prvCheckTasksWaitingTermination
                         0x800'2bab    0x4a  Code  Lc  tasks.o [2]
prvCopyDataFromQueue     0x800'21b7    0x36  Code  Lc  queue.o [2]
prvCopyDataToQueue       0x800'211b    0x9c  Code  Lc  queue.o [2]
prvDeleteTCB             0x800'2c05    0x12  Code  Lc  tasks.o [2]
prvGetDisinheritPriorityAfterTimeout
                         0x800'2105    0x16  Code  Lc  queue.o [2]
prvHeapInit              0x800'309b    0x6a  Code  Lc  heap_4.o [3]
prvIdleTask              0x800'2b21    0x2a  Code  Lc  tasks.o [2]
prvInitialiseNewQueue    0x800'1d41    0x36  Code  Lc  queue.o [2]
prvInitialiseNewTask     0x800'2305    0xec  Code  Lc  tasks.o [2]
prvInitialiseTaskLists   0x800'2b55    0x56  Code  Lc  tasks.o [2]
prvInsertBlockIntoFreeList
                         0x800'3105    0x60  Code  Lc  heap_4.o [3]
prvIsQueueEmpty          0x800'225f    0x1c  Code  Lc  queue.o [2]
prvIsQueueFull           0x800'227b    0x1e  Code  Lc  queue.o [2]
prvResetNextTaskUnblockTime
                         0x800'2c17    0x26  Code  Lc  tasks.o [2]
prvTaskExitError         0x800'3219    0x10  Code  Lc  port.o [3]
prvTaskIsTaskSuspended   0x800'268d    0x2a  Code  Lc  tasks.o [2]
prvUnlockQueue           0x800'21ed    0x72  Code  Lc  queue.o [2]
pvPortMalloc             0x800'2f31   0x116  Code  Gb  heap_4.o [3]
pvTaskIncrementMutexHeldCount
                         0x800'2e2f    0x1e  Code  Gb  tasks.o [2]
pxCurrentTCB            0x2000'3d50     0x4  Data  Gb  tasks.o [2]
pxDelayedTaskList       0x2000'3d54     0x4  Data  Lc  tasks.o [2]
pxEnd                   0x2000'3d08     0x4  Data  Lc  heap_4.o [3]
pxOverflowDelayedTaskList
                        0x2000'3d58     0x4  Data  Lc  tasks.o [2]
pxPortInitialiseStack    0x800'31f9    0x20  Code  Gb  port.o [3]
pxReadyTasksLists       0x2000'3a40    0x8c  Data  Lc  tasks.o [2]
rand                     0x800'72f9    0x8a  Code  Gb  rand.o [8]
scalbln                  0x800'7559          Code  Gb  ldexp.o [9]
scalblnl                 0x800'7559          Code  Gb  ldexp.o [9]
scalbn                   0x800'7559          Code  Gb  ldexp.o [9]
scalbnl                  0x800'7559          Code  Gb  ldexp.o [9]
scale                    0x800'7209    0x46  Code  Lc  xprintffull_nomb.o [8]
sec_hand                0x2000'3d8c     0x4  Data  Lc  xfail_s.o [8]
sprintf                  0x800'4d71    0x40  Code  Gb  sprintf.o [8]
strchr                   0x800'7399          Code  Gb  strchr.o [10]
strlen                   0x800'73f1          Code  Gb  strlen.o [10]
tempConfig              0x2000'3c64    0x14  Data  Gb  LASTLEVELMENU_Task.o [6]
ucHeap                  0x2000'0048  0x3800  Data  Lc  heap_4.o [3]
uxCriticalNesting       0x2000'0038     0x4  Data  Lc  port.o [3]
uxCurrentNumberOfTasks  0x2000'3d60     0x4  Data  Lc  tasks.o [2]
uxDeletedTasksWaitingCleanUp
                        0x2000'3d5c     0x4  Data  Lc  tasks.o [2]
uxListRemove             0x800'3333    0x28  Code  Gb  list.o [2]
uxSchedulerSuspended    0x2000'3d88     0x4  Data  Lc  tasks.o [2]
uxTaskNumber            0x2000'3d7c     0x4  Data  Lc  tasks.o [2]
uxTopReadyPriority      0x2000'3d68     0x4  Data  Lc  tasks.o [2]
uxTopUsedPriority       0x2000'003c     0x4  Data  Gb  tasks.o [2]
vACCUM_Task              0x800'4991    0x8a  Code  Gb  SCOPE_Task.o [6]
vApplicationIdleHook     0x800'3421     0x2  Code  Gb  main.o [4]
vApplicationTickHook     0x800'3423     0x2  Code  Gb  main.o [4]
vBUTTONSCheck_Task       0x800'1a2d   0x220  Code  Gb  Buttons_Task.o [6]
vBUTTONSCheck_Task::DOWN_BTN
                         0x800'5012     0x1  Data  Lc  Buttons_Task.o [6]
vBUTTONSCheck_Task::ENTER_BTN
                         0x800'335b     0x1  Data  Lc  Buttons_Task.o [6]
vBUTTONSCheck_Task::LEFT_BTN
                         0x800'5013     0x1  Data  Lc  Buttons_Task.o [6]
vBUTTONSCheck_Task::RIGHT_BTN
                         0x800'72f6     0x1  Data  Lc  Buttons_Task.o [6]
vBUTTONSCheck_Task::UP_BTN
                         0x800'335a     0x1  Data  Lc  Buttons_Task.o [6]
vBtnSnake_Task           0x800'5845    0xa0  Code  Gb  Snake.o [5]
vBtnTetris_Task          0x800'60e5    0x66  Code  Gb  Tetris.o [5]
vDrawSnake_Task          0x800'57ed    0x56  Code  Gb  Snake.o [5]
vDrawTetris_Task         0x800'5f61   0x11c  Code  Gb  Tetris.o [5]
vFILTER_Task             0x800'40c9    0xde  Code  Gb  METER_Task.o [6]
vLASTLEVELMENU_Task      0x800'4279   0x50c  Code  Gb  LASTLEVELMENU_Task.o [6]
vLASTLEVELMENU_Task{3}{4}{5}{6}{8}::averVolt
                        0x2000'3d2c     0x4  Data  Lc  LASTLEVELMENU_Task.o [6]
vLASTLEVELMENU_Task{3}{4}{5}{6}{8}::battVolt
                        0x2000'3cf0     0x8  Data  Lc  LASTLEVELMENU_Task.o [6]
vLASTLEVELMENU_Task{3}{4}{5}{6}{8}::countReads
                        0x2000'3d91     0x1  Data  Lc  LASTLEVELMENU_Task.o [6]
vListInitialise          0x800'32c1    0x1e  Code  Gb  list.o [2]
vListInitialiseItem      0x800'32df     0x6  Code  Gb  list.o [2]
vListInsert              0x800'32fd    0x36  Code  Gb  list.o [2]
vListInsertEnd           0x800'32e5    0x18  Code  Gb  list.o [2]
vMENU_Task               0x800'3661   0x590  Code  Gb  Menu_Task.o [6]
vMETER_Task              0x800'3e51   0x276  Code  Gb  METER_Task.o [6]
vPortEnterCritical       0x800'3255    0x1a  Code  Gb  port.o [3]
vPortExitCritical        0x800'326f    0x1a  Code  Gb  port.o [3]
vPortFree                0x800'3047    0x54  Code  Gb  heap_4.o [3]
vPortGetHeapStats        0x800'3165    0x6e  Code  Gb  heap_4.o [3]
vPortSetupTimerInterrupt
                         0x800'3425    0x28  Code  Gb  port.o [3]
vPortStartFirstTask      0x800'34b3          Code  Gb  portasm.o [3]
vSCOPE_Task              0x800'4919    0x76  Code  Gb  SCOPE_Task.o [6]
vSnake_Start             0x800'5799    0x54  Code  Gb  Snake.o [5]
vTaskDelay               0x800'257b    0x34  Code  Gb  tasks.o [2]
vTaskDelete              0x800'24b3    0xc8  Code  Gb  tasks.o [2]
vTaskInternalSetTimeOutState
                         0x800'2a85    0x12  Code  Gb  tasks.o [2]
vTaskMissedYield         0x800'2b17     0xa  Code  Gb  tasks.o [2]
vTaskPlaceOnEventList    0x800'29f5    0x20  Code  Gb  tasks.o [2]
vTaskPriorityDisinheritAfterTimeout
                         0x800'2d79    0xb6  Code  Gb  tasks.o [2]
vTaskResume              0x800'26b7    0x76  Code  Gb  tasks.o [2]
vTaskStartScheduler      0x800'272d    0x56  Code  Gb  tasks.o [2]
vTaskSuspend             0x800'25af    0xde  Code  Gb  tasks.o [2]
vTaskSuspendAll          0x800'2783    0x10  Code  Gb  tasks.o [2]
vTaskSwitchContext       0x800'29a3    0x52  Code  Gb  tasks.o [2]
vTetris_Start            0x800'5ae7    0x5e  Code  Gb  Tetris.o [5]
xAccumDispDone          0x2000'3d4c     0x4  Data  Gb  SCOPE_Task.o [6]
xAccumDone              0x2000'3d48     0x4  Data  Gb  SCOPE_Task.o [6]
xAccumHandle            0x2000'3d44     0x4  Data  Gb  SCOPE_Task.o [6]
xBlockAllocatedBit      0x2000'3d1c     0x4  Data  Lc  heap_4.o [3]
xBtnPosArr              0x2000'0018     0x4  Data  Gb  Menu_Task.o [6]
xBtnPresQueue           0x2000'3d04     0x4  Data  Gb  Buttons_Task.o [6]
xBtnPresSem             0x2000'3d00     0x4  Data  Gb  Buttons_Task.o [6]
xDelayedTaskList1       0x2000'3c78    0x14  Data  Lc  tasks.o [2]
xDelayedTaskList2       0x2000'3c8c    0x14  Data  Lc  tasks.o [2]
xFilterDone             0x2000'3d34     0x4  Data  Gb  METER_Task.o [6]
xFilterHandle           0x2000'3d3c     0x4  Data  Gb  METER_Task.o [6]
xFreeBytesRemaining     0x2000'3d0c     0x4  Data  Lc  heap_4.o [3]
xGameBtnHandle          0x2000'3d28     0x4  Data  Gb  LASTLEVELMENU_Task.o [6]
xGameDrawHandle         0x2000'3d24     0x4  Data  Gb  LASTLEVELMENU_Task.o [6]
xHeapStructSize          0x800'0440     0x4  Data  Lc  heap_4.o [3]
xIdleTaskHandle         0x2000'3d84     0x4  Data  Lc  tasks.o [2]
xLASTLEVELMENUHandle    0x2000'3d20     0x4  Data  Gb  LASTLEVELMENU_Task.o [6]
xMenuHandle             0x2000'3d30     0x4  Data  Gb  Menu_Task.o [6]
xMeterHandle            0x2000'3d38     0x4  Data  Gb  METER_Task.o [6]
xMinimumEverFreeBytesRemaining
                        0x2000'3d10     0x4  Data  Lc  heap_4.o [3]
xNextTaskUnblockTime    0x2000'3d80     0x4  Data  Lc  tasks.o [2]
xNumOfOverflows         0x2000'3d78     0x4  Data  Lc  tasks.o [2]
xNumberOfSuccessfulAllocations
                        0x2000'3d14     0x4  Data  Lc  heap_4.o [3]
xNumberOfSuccessfulFrees
                        0x2000'3d18     0x4  Data  Lc  heap_4.o [3]
xPendedTicks            0x2000'3d70     0x4  Data  Lc  tasks.o [2]
xPendingReadyList       0x2000'3ca0    0x14  Data  Lc  tasks.o [2]
xPortStartScheduler      0x800'3229    0x2c  Code  Gb  port.o [3]
xQueueCreateCountingSemaphore
                         0x800'1d77    0x18  Code  Gb  queue.o [2]
xQueueGenericCreate      0x800'1d09    0x38  Code  Gb  queue.o [2]
xQueueGenericReset       0x800'1c85    0x84  Code  Gb  queue.o [2]
xQueueGenericSend        0x800'1d8f   0x120  Code  Gb  queue.o [2]
xQueueReceive            0x800'1eaf   0x108  Code  Gb  queue.o [2]
xQueueSemaphoreTake      0x800'1fb7   0x14a  Code  Gb  queue.o [2]
xSchedulerRunning       0x2000'3d6c     0x4  Data  Lc  tasks.o [2]
xScopeHandle            0x2000'3d40     0x4  Data  Gb  SCOPE_Task.o [6]
xStart                  0x2000'3ce8     0x8  Data  Lc  heap_4.o [3]
xSuspendedTaskList      0x2000'3cc8    0x14  Data  Lc  tasks.o [2]
xTaskCheckForTimeOut     0x800'2aad    0x6a  Code  Gb  tasks.o [2]
xTaskCreate              0x800'2299    0x6c  Code  Gb  tasks.o [2]
xTaskGetTickCount        0x800'2879     0x8  Code  Gb  tasks.o [2]
xTaskIncrementTick       0x800'2881   0x122  Code  Gb  tasks.o [2]
xTaskPriorityDisinherit
                         0x800'2cf7    0x7a  Code  Gb  tasks.o [2]
xTaskPriorityInherit     0x800'2c3d    0xba  Code  Gb  tasks.o [2]
xTaskRemoveFromEventList
                         0x800'2a15    0x6c  Code  Gb  tasks.o [2]
xTaskResumeAll           0x800'2793    0xe6  Code  Gb  tasks.o [2]
xTasksWaitingTermination
                        0x2000'3cb4    0x14  Data  Lc  tasks.o [2]
xTickCount              0x2000'3d64     0x4  Data  Lc  tasks.o [2]
xYieldPending           0x2000'3d74     0x4  Data  Lc  tasks.o [2]
yBtnPosArr              0x2000'0014     0x4  Data  Gb  Menu_Task.o [6]


[1] = C:\Users\Harak\Documents\Projects\vacuumMetr\MCU_Proj\VacuumMetrProj\Debug\Obj\CMSIS
[2] = C:\Users\Harak\Documents\Projects\vacuumMetr\MCU_Proj\VacuumMetrProj\Debug\Obj\FreeRTOS
[3] = C:\Users\Harak\Documents\Projects\vacuumMetr\MCU_Proj\VacuumMetrProj\Debug\Obj\FreeRTOS\portable
[4] = C:\Users\Harak\Documents\Projects\vacuumMetr\MCU_Proj\VacuumMetrProj\Debug\Obj\User
[5] = C:\Users\Harak\Documents\Projects\vacuumMetr\MCU_Proj\VacuumMetrProj\Debug\Obj\User\Games
[6] = C:\Users\Harak\Documents\Projects\vacuumMetr\MCU_Proj\VacuumMetrProj\Debug\Obj\User\Tasks
[7] = C:\Users\Harak\Documents\Projects\vacuumMetr\MCU_Proj\VacuumMetrProj\Debug\Obj\User\libs
[8] = dl7M_tln.a
[9] = m7M_tl.a
[10] = rt7M_tl.a
[11] = shb_l.a

  31'301 bytes of readonly  code memory
   1'353 bytes of readonly  data memory
  17'811 bytes of readwrite data memory

Errors: none
Warnings: none
