###############################################################################
#
# IAR ELF Linker V8.32.3.193/W32 for ARM                  31/Jan/2021  17:23:42
# Copyright 2007-2019 IAR Systems AB.
#
#    Output file  =  
#        C:\Users\Harak\Documents\Projects\vacuumMetr\MCU_Proj\VacuumMetrProj\Debug\Exe\VacuumMetrProj.out
#    Map file     =  
#        C:\Users\Harak\Documents\Projects\vacuumMetr\MCU_Proj\VacuumMetrProj\Debug\List\VacuumMetrProj.map
#    Command line =  
#        -f C:\Users\Harak\AppData\Local\Temp\EWF847.tmp
#        (C:\Users\Harak\Documents\Projects\vacuumMetr\MCU_Proj\VacuumMetrProj\Debug\Obj\BoardConfig.o
#        C:\Users\Harak\Documents\Projects\vacuumMetr\MCU_Proj\VacuumMetrProj\Debug\Obj\delay.o
#        C:\Users\Harak\Documents\Projects\vacuumMetr\MCU_Proj\VacuumMetrProj\Debug\Obj\lcd5110.o
#        C:\Users\Harak\Documents\Projects\vacuumMetr\MCU_Proj\VacuumMetrProj\Debug\Obj\main.o
#        C:\Users\Harak\Documents\Projects\vacuumMetr\MCU_Proj\VacuumMetrProj\Debug\Obj\startup_stm32f103xb.o
#        C:\Users\Harak\Documents\Projects\vacuumMetr\MCU_Proj\VacuumMetrProj\Debug\Obj\stm32f1xx_it.o
#        C:\Users\Harak\Documents\Projects\vacuumMetr\MCU_Proj\VacuumMetrProj\Debug\Obj\system_stm32f1xx.o
#        --no_out_extension -o
#        C:\Users\Harak\Documents\Projects\vacuumMetr\MCU_Proj\VacuumMetrProj\Debug\Exe\VacuumMetrProj.out
#        --redirect _Printf=_PrintfFullNoMb --redirect _Scanf=_ScanfFullNoMb
#        --map
#        C:\Users\Harak\Documents\Projects\vacuumMetr\MCU_Proj\VacuumMetrProj\Debug\List\VacuumMetrProj.map
#        --config "C:\Program Files (x86)\IAR Systems\Embedded Workbench
#        8.2\arm\config\linker\ST\stm32f103x8.icf" --semihosting --entry
#        __iar_program_start --vfe --text_out locale)
#
###############################################################################

*******************************************************************************
*** RUNTIME MODEL ATTRIBUTES
***

CppFlavor       = *
__SystemLibrary = DLib
__dlib_version  = 6


*******************************************************************************
*** HEAP SELECTION
***

The basic heap was selected because no calls to memory allocation
functions were found in the application outside of system library
functions, and there are calls to deallocation functions in the
application.


*******************************************************************************
*** PLACEMENT SUMMARY
***

"A0":  place at 0x800'0000 { ro section .intvec };
"P1":  place in [from 0x800'0000 to 0x800'ffff] { ro };
define block CSTACK with size = 2K, alignment = 8 { };
define block HEAP with size = 2K, alignment = 8 { };
"P2":  place in [from 0x2000'0000 to 0x2000'4fff] {
          rw, block CSTACK, block HEAP };
initialize by copy { rw };

  Section            Kind         Address   Size  Object
  -------            ----         -------   ----  ------
"A0":                                       0xec
  .intvec            ro code   0x800'0000   0xec  startup_stm32f103xb.o [1]
                             - 0x800'00ec   0xec

"P1":                                      0x7c2
  .text              ro code   0x800'00ec  0x32c  lcd5110.o [1]
  .text              ro code   0x800'0418   0x38  delay.o [1]
  .text              ro code   0x800'0450  0x1bc  system_stm32f1xx.o [1]
  .text              ro code   0x800'060c   0x48  BoardConfig.o [1]
  .text              ro code   0x800'0654   0x38  packbits_init_single.o [3]
  .text              ro code   0x800'068c   0x28  data_init.o [3]
  .iar.init_table    const     0x800'06b4   0x10  - Linker created -
  .text              ro code   0x800'06c4   0x1e  cmain.o [3]
  .text              ro code   0x800'06e2    0x4  low_level_init.o [2]
  .text              ro code   0x800'06e8   0x1c  main.o [1]
  .text              ro code   0x800'0704    0x4  exit.o [2]
  .text              ro code   0x800'0708    0xa  cexit.o [3]
  .text              ro code   0x800'0714   0x14  exit.o [4]
  .rodata            const     0x800'0728   0x10  system_stm32f1xx.o [1]
  .text              ro code   0x800'0738   0x10  startup_stm32f103xb.o [1]
  .text              ro code   0x800'0748    0xc  cstartup_M.o [3]
  .text              ro code   0x800'0754    0x8  stm32f1xx_it.o [1]
  .text              ro code   0x800'075c    0x4  startup_stm32f103xb.o [1]
  .text              ro code   0x800'0760    0x4  startup_stm32f103xb.o [1]
  .text              ro code   0x800'0764    0x4  startup_stm32f103xb.o [1]
  .text              ro code   0x800'0768    0x4  startup_stm32f103xb.o [1]
  .text              ro code   0x800'076c    0x4  startup_stm32f103xb.o [1]
  .text              ro code   0x800'0770    0x4  startup_stm32f103xb.o [1]
  .text              ro code   0x800'0774    0x4  startup_stm32f103xb.o [1]
  .text              ro code   0x800'0778    0x4  startup_stm32f103xb.o [1]
  .text              ro code   0x800'077c    0x4  startup_stm32f103xb.o [1]
  .text              ro code   0x800'0780    0x4  startup_stm32f103xb.o [1]
  .text              ro code   0x800'0784    0x4  startup_stm32f103xb.o [1]
  .text              ro code   0x800'0788    0x4  startup_stm32f103xb.o [1]
  .text              ro code   0x800'078c    0x4  startup_stm32f103xb.o [1]
  .text              ro code   0x800'0790    0x4  startup_stm32f103xb.o [1]
  .text              ro code   0x800'0794    0x4  startup_stm32f103xb.o [1]
  .text              ro code   0x800'0798    0x4  startup_stm32f103xb.o [1]
  .text              ro code   0x800'079c    0x4  startup_stm32f103xb.o [1]
  .text              ro code   0x800'07a0    0x4  startup_stm32f103xb.o [1]
  .text              ro code   0x800'07a4    0x4  startup_stm32f103xb.o [1]
  .text              ro code   0x800'07a8    0x4  startup_stm32f103xb.o [1]
  .text              ro code   0x800'07ac    0x4  startup_stm32f103xb.o [1]
  .text              ro code   0x800'07b0    0x4  startup_stm32f103xb.o [1]
  .text              ro code   0x800'07b4    0x4  startup_stm32f103xb.o [1]
  .text              ro code   0x800'07b8    0x4  startup_stm32f103xb.o [1]
  .text              ro code   0x800'07bc    0x4  startup_stm32f103xb.o [1]
  .text              ro code   0x800'07c0    0x4  startup_stm32f103xb.o [1]
  .text              ro code   0x800'07c4    0x4  startup_stm32f103xb.o [1]
  .text              ro code   0x800'07c8    0x4  startup_stm32f103xb.o [1]
  .text              ro code   0x800'07cc    0x4  startup_stm32f103xb.o [1]
  .text              ro code   0x800'07d0    0x4  startup_stm32f103xb.o [1]
  .text              ro code   0x800'07d4    0x4  startup_stm32f103xb.o [1]
  .text              ro code   0x800'07d8    0x4  startup_stm32f103xb.o [1]
  .text              ro code   0x800'07dc    0x4  startup_stm32f103xb.o [1]
  .text              ro code   0x800'07e0    0x4  startup_stm32f103xb.o [1]
  .text              ro code   0x800'07e4    0x4  startup_stm32f103xb.o [1]
  .text              ro code   0x800'07e8    0x4  startup_stm32f103xb.o [1]
  .text              ro code   0x800'07ec    0x4  startup_stm32f103xb.o [1]
  .text              ro code   0x800'07f0    0x4  startup_stm32f103xb.o [1]
  .text              ro code   0x800'07f4    0x4  startup_stm32f103xb.o [1]
  .text              ro code   0x800'07f8    0x4  startup_stm32f103xb.o [1]
  .text              ro code   0x800'07fc    0x4  startup_stm32f103xb.o [1]
  .text              ro code   0x800'0800    0x4  startup_stm32f103xb.o [1]
  .text              ro code   0x800'0804    0x4  startup_stm32f103xb.o [1]
  .text              ro code   0x800'0808    0x4  startup_stm32f103xb.o [1]
  .text              ro code   0x800'080c    0x4  startup_stm32f103xb.o [1]
  .text              ro code   0x800'0810    0x4  startup_stm32f103xb.o [1]
  .text              ro code   0x800'0814    0x4  startup_stm32f103xb.o [1]
  .text              ro code   0x800'0818    0x4  startup_stm32f103xb.o [1]
  .text              ro code   0x800'081c    0x4  startup_stm32f103xb.o [1]
  .text              ro code   0x800'0820    0x4  startup_stm32f103xb.o [1]
  .text              ro code   0x800'0824    0x4  startup_stm32f103xb.o [1]
  .rodata            const     0x800'0828    0x0  packbits_init_single.o [3]
  Initializer bytes  const     0x800'0828   0x86  <for P2-1>
                             - 0x800'08ae  0x7c2

"P2", part 1 of 2:                         0x204
  P2-1                        0x2000'0000  0x204  <Init block>
    .bss             inited   0x2000'0000    0x8  delay.o [1]
    .data            inited   0x2000'0008  0x1f8  lcd5110.o [1]
    .data            inited   0x2000'0200    0x4  system_stm32f1xx.o [1]
                            - 0x2000'0204  0x204

"P2", part 2 of 2:                         0x800
  CSTACK                      0x2000'0208  0x800  <Block>
    CSTACK           uninit   0x2000'0208  0x800  <Block tail>
                            - 0x2000'0a08  0x800

Unused ranges:

         From           To    Size
         ----           --    ----
   0x800'08ae   0x800'ffff  0xf752
  0x2000'0204  0x2000'0207     0x4
  0x2000'0a08  0x2000'4fff  0x45f8


*******************************************************************************
*** INIT TABLE
***

          Address      Size
          -------      ----
Copy/packbits (__iar_packbits_init_single3)
    1 source range, total size 0x86 (25% of destination):
           0x800'0828   0x86
    1 destination range, total size 0x204:
          0x2000'0000  0x204



*******************************************************************************
*** MODULE SUMMARY
***

    Module                  ro code  ro data  rw data
    ------                  -------  -------  -------
command line/config:
    -------------------------------------------------
    Total:

C:\Users\Harak\Documents\Projects\vacuumMetr\MCU_Proj\VacuumMetrProj\Debug\Obj: [1]
    BoardConfig.o                72
    delay.o                      56        2        8
    lcd5110.o                   812      130      504
    main.o                       28
    startup_stm32f103xb.o       456
    stm32f1xx_it.o                8
    system_stm32f1xx.o          444       18        4
    -------------------------------------------------
    Total:                    1 876      150      516

dl7M_tln.a: [2]
    exit.o                        4
    low_level_init.o              4
    -------------------------------------------------
    Total:                        8

rt7M_tl.a: [3]
    cexit.o                      10
    cmain.o                      30
    cstartup_M.o                 12
    data_init.o                  40
    packbits_init_single.o       56
    -------------------------------------------------
    Total:                      148

shb_l.a: [4]
    exit.o                       20
    -------------------------------------------------
    Total:                       20

    Gaps                          4
    Linker created                        16    2 048
-----------------------------------------------------
    Grand Total:              2 056      166    2 564


*******************************************************************************
*** ENTRY LIST
***

Entry                       Address   Size  Type      Object
-----                       -------   ----  ----      ------
.iar.init_table$$Base    0x800'06b4          --   Gb  - Linker created -
.iar.init_table$$Limit   0x800'06c4          --   Gb  - Linker created -
?main                    0x800'06c5         Code  Gb  cmain.o [3]
AHBPrescTable            0x800'0728   0x10  Data  Gb  system_stm32f1xx.o [1]
CSTACK$$Base            0x2000'0208          --   Gb  - Linker created -
CSTACK$$Limit           0x2000'0a08          --   Gb  - Linker created -
LCDInit                  0x800'00ed   0x54  Code  Gb  lcd5110.o [1]
Region$$Table$$Base      0x800'06b4          --   Gb  - Linker created -
Region$$Table$$Limit     0x800'06c4          --   Gb  - Linker created -
SPI2Init                 0x800'02b1   0x14  Code  Gb  lcd5110.o [1]
SysTick_Handler          0x800'0755    0x8  Code  Gb  stm32f1xx_it.o [1]
SysTick_Init             0x800'0619   0x2a  Code  Gb  BoardConfig.o [1]
SystemCoreClock         0x2000'0200    0x4  Data  Gb  system_stm32f1xx.o [1]
SystemCoreClockUpdate    0x800'0549   0x8e  Code  Gb  system_stm32f1xx.o [1]
SystemInit               0x800'0451   0xf8  Code  Gb  system_stm32f1xx.o [1]
__cmain                  0x800'06c5         Code  Gb  cmain.o [3]
__exit                   0x800'0715   0x14  Code  Gb  exit.o [4]
__iar_data_init3         0x800'068d   0x28  Code  Gb  data_init.o [3]
__iar_packbits_init_single3
                         0x800'0655   0x38  Code  Gb  packbits_init_single.o [3]
__iar_program_start      0x800'0749         Code  Gb  cstartup_M.o [3]
__low_level_init         0x800'06e3    0x4  Code  Gb  low_level_init.o [2]
__vector_table           0x800'0000         Data  Gb  startup_stm32f103xb.o [1]
_call_main               0x800'06d1         Code  Gb  cmain.o [3]
_exit                    0x800'0709         Code  Gb  cexit.o [3]
_main                    0x800'06df         Code  Gb  cmain.o [3]
bltInit                  0x800'02c5  0x104  Code  Gb  lcd5110.o [1]
delay_ms                 0x800'0419   0x20  Code  Gb  delay.o [1]
exit                     0x800'0705    0x4  Code  Gb  exit.o [2]
gpioInit                 0x800'0237   0x7a  Code  Gb  lcd5110.o [1]
initAll                  0x800'060d    0xc  Code  Gb  BoardConfig.o [1]
lcd5110_SetPos           0x800'0217   0x20  Code  Gb  lcd5110.o [1]
lcd5110_command          0x800'0141   0x28  Code  Gb  lcd5110.o [1]
lcd5110_data             0x800'0169   0x2c  Code  Gb  lcd5110.o [1]
lcd5110_display          0x800'01d9   0x3e  Code  Gb  lcd5110.o [1]
lcd5110_setBias          0x800'01b7   0x22  Code  Gb  lcd5110.o [1]
lcd5110_setContrast      0x800'0195   0x22  Code  Gb  lcd5110.o [1]
main                     0x800'06e9   0x1c  Code  Gb  main.o [1]
pcd8544_buffer          0x2000'0008  0x1f8  Data  Gb  lcd5110.o [1]
tick_ms                  0x800'0439   0x12  Code  Gb  delay.o [1]
tickms                  0x2000'0000    0x8  Data  Gb  delay.o [1]


[1] = C:\Users\Harak\Documents\Projects\vacuumMetr\MCU_Proj\VacuumMetrProj\Debug\Obj
[2] = dl7M_tln.a
[3] = rt7M_tl.a
[4] = shb_l.a

  2 056 bytes of readonly  code memory
    166 bytes of readonly  data memory
  2 564 bytes of readwrite data memory

Errors: none
Warnings: none
