###############################################################################
#
# IAR ELF Linker V8.32.3.193/W32 for ARM                  11/Jul/2021  11:25:22
# Copyright 2007-2019 IAR Systems AB.
#
#    Output file  =  
#        C:\Users\Harak\Documents\Projects\vacuumMetr\MCU_Proj\VacuumMetrProj\Debug\Exe\VacuumMetrProj.out
#    Map file     =  
#        C:\Users\Harak\Documents\Projects\vacuumMetr\MCU_Proj\VacuumMetrProj\Debug\List\VacuumMetrProj.map
#    Command line =  
#        -f C:\Users\Harak\AppData\Local\Temp\EWD2D9.tmp
#        (C:\Users\Harak\Documents\Projects\vacuumMetr\MCU_Proj\VacuumMetrProj\Debug\Obj\ADC.o
#        C:\Users\Harak\Documents\Projects\vacuumMetr\MCU_Proj\VacuumMetrProj\Debug\Obj\BoardConfig.o
#        C:\Users\Harak\Documents\Projects\vacuumMetr\MCU_Proj\VacuumMetrProj\Debug\Obj\Buttons.o
#        C:\Users\Harak\Documents\Projects\vacuumMetr\MCU_Proj\VacuumMetrProj\Debug\Obj\Buttons_Task.o
#        C:\Users\Harak\Documents\Projects\vacuumMetr\MCU_Proj\VacuumMetrProj\Debug\Obj\Configuration.o
#        C:\Users\Harak\Documents\Projects\vacuumMetr\MCU_Proj\VacuumMetrProj\Debug\Obj\croutine.o
#        C:\Users\Harak\Documents\Projects\vacuumMetr\MCU_Proj\VacuumMetrProj\Debug\Obj\DISP_Buff.o
#        C:\Users\Harak\Documents\Projects\vacuumMetr\MCU_Proj\VacuumMetrProj\Debug\Obj\heap_4.o
#        C:\Users\Harak\Documents\Projects\vacuumMetr\MCU_Proj\VacuumMetrProj\Debug\Obj\LASTLEVELMENU_Task.o
#        C:\Users\Harak\Documents\Projects\vacuumMetr\MCU_Proj\VacuumMetrProj\Debug\Obj\lcd5110.o
#        C:\Users\Harak\Documents\Projects\vacuumMetr\MCU_Proj\VacuumMetrProj\Debug\Obj\list.o
#        C:\Users\Harak\Documents\Projects\vacuumMetr\MCU_Proj\VacuumMetrProj\Debug\Obj\main.o
#        C:\Users\Harak\Documents\Projects\vacuumMetr\MCU_Proj\VacuumMetrProj\Debug\Obj\Menu_Task.o
#        C:\Users\Harak\Documents\Projects\vacuumMetr\MCU_Proj\VacuumMetrProj\Debug\Obj\METER_Task.o
#        C:\Users\Harak\Documents\Projects\vacuumMetr\MCU_Proj\VacuumMetrProj\Debug\Obj\port.o
#        C:\Users\Harak\Documents\Projects\vacuumMetr\MCU_Proj\VacuumMetrProj\Debug\Obj\portasm.o
#        C:\Users\Harak\Documents\Projects\vacuumMetr\MCU_Proj\VacuumMetrProj\Debug\Obj\queue.o
#        C:\Users\Harak\Documents\Projects\vacuumMetr\MCU_Proj\VacuumMetrProj\Debug\Obj\Snake.o
#        C:\Users\Harak\Documents\Projects\vacuumMetr\MCU_Proj\VacuumMetrProj\Debug\Obj\startup_stm32f103xb.o
#        C:\Users\Harak\Documents\Projects\vacuumMetr\MCU_Proj\VacuumMetrProj\Debug\Obj\stm32f1xx_it.o
#        C:\Users\Harak\Documents\Projects\vacuumMetr\MCU_Proj\VacuumMetrProj\Debug\Obj\system_stm32f1xx.o
#        C:\Users\Harak\Documents\Projects\vacuumMetr\MCU_Proj\VacuumMetrProj\Debug\Obj\tasks.o
#        C:\Users\Harak\Documents\Projects\vacuumMetr\MCU_Proj\VacuumMetrProj\Debug\Obj\Tetris.o
#        --no_out_extension -o
#        C:\Users\Harak\Documents\Projects\vacuumMetr\MCU_Proj\VacuumMetrProj\Debug\Exe\VacuumMetrProj.out
#        --redirect _Printf=_PrintfFullNoMb --redirect _Scanf=_ScanfFullNoMb
#        --map
#        C:\Users\Harak\Documents\Projects\vacuumMetr\MCU_Proj\VacuumMetrProj\Debug\List\VacuumMetrProj.map
#        --config
#        C:\Users\Harak\Documents\Projects\vacuumMetr\MCU_Proj\VacuumMetrProj\libs\VacuumMetrProj.icf
#        --semihosting --entry __iar_program_start --vfe --text_out locale)
#
###############################################################################

*******************************************************************************
*** RUNTIME MODEL ATTRIBUTES
***

CppFlavor       = *
__Heap_Handler  = DLMalloc
__SystemLibrary = DLib
__dlib_version  = 6


*******************************************************************************
*** HEAP SELECTION
***

The advanced heap was selected because the application calls memory
allocation functions outside of system library functions, and there
are calls to deallocation functions in the application.


*******************************************************************************
*** PLACEMENT SUMMARY
***

"A0":  place at 0x800'0000 { ro section .intvec };
"P1":  place in [from 0x800'0000 to 0x800'ffff] { ro };
define block CSTACK with size = 2K, alignment = 8 { };
define block HEAP with size = 4K, alignment = 8 { };
"P2":  place in [from 0x2000'0000 to 0x2000'4fff] {
          rw, block CSTACK, block HEAP };
initialize by copy { rw };

  Section            Kind         Address    Size  Object
  -------            ----         -------    ----  ------
"A0":                                        0xec
  .intvec            ro code   0x800'0000    0xec  startup_stm32f103xb.o [1]
                             - 0x800'00ec    0xec

"P1":                                      0x84a4
  .text              ro code   0x800'00ec  0x14e0  dlmalloc.o [2]
  .text              ro code   0x800'15cc     0x6  abort.o [2]
  .text              ro code   0x800'15d2    0x3a  zero_init3.o [4]
  .text              ro code   0x800'160c    0x2c  xgetmemchunk.o [2]
  .text              ro code   0x800'1638    0x14  exit.o [5]
  .text              ro code   0x800'164c   0xdf2  xprintffull_nomb.o [2]
  .text              ro code   0x800'243e     0xa  xsprout.o [2]
  .text              ro code   0x800'2448    0x16  strchr.o [4]
  .rodata            const     0x800'245e     0x1  Buttons_Task.o [1]
  .rodata            const     0x800'245f     0x1  Buttons_Task.o [1]
  .text              ro code   0x800'2460    0x40  xfail_s.o [2]
  .text              ro code   0x800'24a0    0x36  strlen.o [4]
  .rodata            const     0x800'24d6     0x1  Buttons_Task.o [1]
  .rodata            const     0x800'24d7     0x1  Buttons_Task.o [1]
  .text              ro code   0x800'24d8    0x58  memchr.o [4]
  .text              ro code   0x800'2530   0x230  I64DivMod.o [4]
  .text              ro code   0x800'2760   0x1a2  DblMul.o [3]
  .rodata            const     0x800'2902     0x1  Buttons_Task.o [1]
  .text              ro code   0x800'2904    0xa6  ABImemcpy.o [4]
  .text              ro code   0x800'29ac    0x70  frexp.o [3]
  .text              ro code   0x800'2a1c    0x2e  DblCmpLe.o [3]
  .text              ro code   0x800'2a4c    0x2e  DblCmpGe.o [3]
  .text              ro code   0x800'2a7c   0x13a  ldexp.o [3]
  .text              ro code   0x800'2bb8    0x3a  DblToS32.o [3]
  .text              ro code   0x800'2bf4    0x22  S32ToDbl.o [3]
  .text              ro code   0x800'2c18    0xe2  DblSub.o [3]
  .text              ro code   0x800'2cfc   0x246  DblDiv.o [3]
  .text              ro code   0x800'2f44    0x28  DblToU32.o [3]
  .text              ro code   0x800'2f6c    0x1a  U32ToDbl.o [3]
  .text              ro code   0x800'2f88     0x2  I64DivZer.o [4]
  .text              ro code   0x800'2f8c   0x16a  DblAdd.o [3]
  .text              ro code   0x800'30f8   0xbfc  tasks.o [1]
  .text              ro code   0x800'3cf4   0x238  heap_4.o [1]
  .text              ro code   0x800'3f2c    0x66  ABImemset.o [4]
  .text              ro code   0x800'3f92    0x9a  list.o [1]
  .text              ro code   0x800'402c    0xe4  port.o [1]
  .text              ro code   0x800'4110    0x20  main.o [1]
  CODE               ro code   0x800'4130    0x88  portasm.o [1]
  .text              ro code   0x800'41b8   0x3a8  BoardConfig.o [1]
  .text              ro code   0x800'4560   0x19c  Buttons_Task.o [1]
  .text              ro code   0x800'46fc   0x56c  Menu_Task.o [1]
  .text              ro code   0x800'4c68   0x38c  METER_Task.o [1]
  .text              ro code   0x800'4ff4   0x534  LASTLEVELMENU_Task.o [1]
  .text              ro code   0x800'5528   0x5c6  DISP_Buff.o [1]
  .text              ro code   0x800'5af0   0x470  lcd5110.o [1]
  .text              ro code   0x800'5f60   0x1e0  ADC.o [1]
  .text              ro code   0x800'6140   0x118  Buttons.o [1]
  .text              ro code   0x800'6258   0x60c  queue.o [1]
  .text              ro code   0x800'6864     0x6  ABImemclr4.o [4]
  .text              ro code   0x800'686c   0x2f0  Configuration.o [1]
  .text              ro code   0x800'6b5c     0x8  abs.o [2]
  .text              ro code   0x800'6b64    0x40  sprintf.o [2]
  .text              ro code   0x800'6ba4   0x984  Snake.o [1]
  .text              ro code   0x800'7528   0x6e4  Tetris.o [1]
  .text              ro code   0x800'7c0c    0x32  ABImemset48.o [4]
  .text              ro code   0x800'7c40    0xa4  rand.o [2]
  .text              ro code   0x800'7ce4     0x4  heaptramp0.o [2]
  .rodata            const     0x800'7ce8   0x1e0  DISP_Buff.o [1]
  .text              ro code   0x800'7ec8   0x168  stm32f1xx_it.o [1]
  .text              ro code   0x800'8030    0xf4  system_stm32f1xx.o [1]
  .rodata            const     0x800'8124    0x30  DISP_Buff.o [1]
  .rodata            const     0x800'8154    0x30  DISP_Buff.o [1]
  .rodata            const     0x800'8184    0x30  DISP_Buff.o [1]
  .rodata            const     0x800'81b4    0x30  DISP_Buff.o [1]
  .rodata            const     0x800'81e4    0x30  DISP_Buff.o [1]
  .rodata            const     0x800'8214    0x30  DISP_Buff.o [1]
  .text              ro code   0x800'8244    0x2c  copy_init3.o [4]
  .text              ro code   0x800'8270    0x28  data_init.o [4]
  .iar.init_table    const     0x800'8298    0x24  - Linker created -
  .text              ro code   0x800'82bc    0x1e  cmain.o [4]
  .text              ro code   0x800'82da     0x4  low_level_init.o [2]
  .text              ro code   0x800'82de     0x4  exit.o [2]
  .text              ro code   0x800'82e4     0xa  cexit.o [4]
  Initializer bytes  const     0x800'82f0    0x1c  <for P2-1>
  .text              ro code   0x800'830c    0x18  startup_stm32f103xb.o [1]
  .rodata            const     0x800'8324    0x14  Tetris.o [1]
  .rodata            const     0x800'8338    0x10  Buttons_Task.o [1]
  .rodata            const     0x800'8348    0x10  LASTLEVELMENU_Task.o [1]
  .rodata            const     0x800'8358    0x10  Snake.o [1]
  .rodata            const     0x800'8368    0x10  Snake.o [1]
  .rodata            const     0x800'8378    0x10  Tetris.o [1]
  .rodata            const     0x800'8388     0xc  BoardConfig.o [1]
  .rodata            const     0x800'8394     0xc  BoardConfig.o [1]
  .rodata            const     0x800'83a0     0xc  LASTLEVELMENU_Task.o [1]
  .rodata            const     0x800'83ac     0xc  LASTLEVELMENU_Task.o [1]
  .rodata            const     0x800'83b8     0xc  Menu_Task.o [1]
  .rodata            const     0x800'83c4     0xc  Menu_Task.o [1]
  .rodata            const     0x800'83d0     0xc  Menu_Task.o [1]
  .rodata            const     0x800'83dc     0xc  Menu_Task.o [1]
  .rodata            const     0x800'83e8     0xc  Snake.o [1]
  .text              ro code   0x800'83f4     0xc  cstartup_M.o [4]
  .rodata            const     0x800'8400     0x8  BoardConfig.o [1]
  .rodata            const     0x800'8408     0x8  DISP_Buff.o [1]
  .rodata            const     0x800'8410     0x8  DISP_Buff.o [1]
  .rodata            const     0x800'8418     0x8  LASTLEVELMENU_Task.o [1]
  .rodata            const     0x800'8420     0x8  LASTLEVELMENU_Task.o [1]
  .rodata            const     0x800'8428     0x8  LASTLEVELMENU_Task.o [1]
  .rodata            const     0x800'8430     0x8  LASTLEVELMENU_Task.o [1]
  .rodata            const     0x800'8438     0x8  LASTLEVELMENU_Task.o [1]
  .rodata            const     0x800'8440     0x8  LASTLEVELMENU_Task.o [1]
  .rodata            const     0x800'8448     0x8  LASTLEVELMENU_Task.o [1]
  .rodata            const     0x800'8450     0x8  LASTLEVELMENU_Task.o [1]
  .rodata            const     0x800'8458     0x8  LASTLEVELMENU_Task.o [1]
  .rodata            const     0x800'8460     0x8  LASTLEVELMENU_Task.o [1]
  .rodata            const     0x800'8468     0x8  LASTLEVELMENU_Task.o [1]
  .rodata            const     0x800'8470     0x8  LASTLEVELMENU_Task.o [1]
  .rodata            const     0x800'8478     0x8  LASTLEVELMENU_Task.o [1]
  .rodata            const     0x800'8480     0x8  LASTLEVELMENU_Task.o [1]
  .rodata            const     0x800'8488     0x8  LASTLEVELMENU_Task.o [1]
  .rodata            const     0x800'8490     0x8  LASTLEVELMENU_Task.o [1]
  .rodata            const     0x800'8498     0x8  Menu_Task.o [1]
  .rodata            const     0x800'84a0     0x8  Menu_Task.o [1]
  .rodata            const     0x800'84a8     0x8  Menu_Task.o [1]
  .rodata            const     0x800'84b0     0x8  Menu_Task.o [1]
  .rodata            const     0x800'84b8     0x8  METER_Task.o [1]
  .rodata            const     0x800'84c0     0x8  METER_Task.o [1]
  .rodata            const     0x800'84c8     0x8  tasks.o [1]
  .rodata            const     0x800'84d0     0x4  heap_4.o [1]
  .text              ro code   0x800'84d4     0x4  startup_stm32f103xb.o [1]
  .text              ro code   0x800'84d8     0x4  startup_stm32f103xb.o [1]
  .text              ro code   0x800'84dc     0x4  startup_stm32f103xb.o [1]
  .text              ro code   0x800'84e0     0x4  startup_stm32f103xb.o [1]
  .text              ro code   0x800'84e4     0x4  startup_stm32f103xb.o [1]
  .text              ro code   0x800'84e8     0x4  startup_stm32f103xb.o [1]
  .text              ro code   0x800'84ec     0x4  startup_stm32f103xb.o [1]
  .text              ro code   0x800'84f0     0x4  startup_stm32f103xb.o [1]
  .text              ro code   0x800'84f4     0x4  startup_stm32f103xb.o [1]
  .text              ro code   0x800'84f8     0x4  startup_stm32f103xb.o [1]
  .text              ro code   0x800'84fc     0x4  startup_stm32f103xb.o [1]
  .text              ro code   0x800'8500     0x4  startup_stm32f103xb.o [1]
  .text              ro code   0x800'8504     0x4  startup_stm32f103xb.o [1]
  .text              ro code   0x800'8508     0x4  startup_stm32f103xb.o [1]
  .text              ro code   0x800'850c     0x4  startup_stm32f103xb.o [1]
  .text              ro code   0x800'8510     0x4  startup_stm32f103xb.o [1]
  .text              ro code   0x800'8514     0x4  startup_stm32f103xb.o [1]
  .text              ro code   0x800'8518     0x4  startup_stm32f103xb.o [1]
  .text              ro code   0x800'851c     0x4  startup_stm32f103xb.o [1]
  .text              ro code   0x800'8520     0x4  startup_stm32f103xb.o [1]
  .text              ro code   0x800'8524     0x4  startup_stm32f103xb.o [1]
  .text              ro code   0x800'8528     0x4  startup_stm32f103xb.o [1]
  .text              ro code   0x800'852c     0x4  startup_stm32f103xb.o [1]
  .text              ro code   0x800'8530     0x4  startup_stm32f103xb.o [1]
  .text              ro code   0x800'8534     0x4  startup_stm32f103xb.o [1]
  .text              ro code   0x800'8538     0x4  startup_stm32f103xb.o [1]
  .text              ro code   0x800'853c     0x4  startup_stm32f103xb.o [1]
  .text              ro code   0x800'8540     0x4  startup_stm32f103xb.o [1]
  .text              ro code   0x800'8544     0x4  startup_stm32f103xb.o [1]
  .text              ro code   0x800'8548     0x4  startup_stm32f103xb.o [1]
  .text              ro code   0x800'854c     0x4  startup_stm32f103xb.o [1]
  .text              ro code   0x800'8550     0x4  startup_stm32f103xb.o [1]
  .text              ro code   0x800'8554     0x4  startup_stm32f103xb.o [1]
  .text              ro code   0x800'8558     0x4  startup_stm32f103xb.o [1]
  .text              ro code   0x800'855c     0x4  startup_stm32f103xb.o [1]
  .text              ro code   0x800'8560     0x4  startup_stm32f103xb.o [1]
  .text              ro code   0x800'8564     0x4  startup_stm32f103xb.o [1]
  .text              ro code   0x800'8568     0x4  startup_stm32f103xb.o [1]
  .text              ro code   0x800'856c     0x4  startup_stm32f103xb.o [1]
  .text              ro code   0x800'8570     0x4  startup_stm32f103xb.o [1]
  .text              ro code   0x800'8574     0x4  startup_stm32f103xb.o [1]
  .text              ro code   0x800'8578     0x4  startup_stm32f103xb.o [1]
  .text              ro code   0x800'857c     0x4  startup_stm32f103xb.o [1]
  .text              ro code   0x800'8580     0x4  startup_stm32f103xb.o [1]
  .text              ro code   0x800'8584     0x4  startup_stm32f103xb.o [1]
  .text              ro code   0x800'8588     0x4  startup_stm32f103xb.o [1]
  .text              ro code   0x800'858c     0x4  startup_stm32f103xb.o [1]
  .rodata            const     0x800'8590     0x0  zero_init3.o [4]
  .rodata            const     0x800'8590     0x0  copy_init3.o [4]
                             - 0x800'8590  0x84a4

"P2", part 1 of 3:                           0x1c
  P2-1                        0x2000'0000    0x1c  <Init block>
    .data            inited   0x2000'0000     0x4  Configuration.o [1]
    .data            inited   0x2000'0004     0x4  Menu_Task.o [1]
    .data            inited   0x2000'0008     0x4  Menu_Task.o [1]
    .data            inited   0x2000'000c     0x4  port.o [1]
    .data            inited   0x2000'0010     0x4  tasks.o [1]
    .data            inited   0x2000'0014     0x8  rand.o [2]
                            - 0x2000'001c    0x1c

"P2", part 2 of 3:                         0x2f08
  .bss               zero     0x2000'001c  0x2800  heap_4.o [1]
  .bss               zero     0x2000'281c   0x1f8  DISP_Buff.o [1]
  .bss               zero     0x2000'2a14   0x1d8  dlmalloc.o [2]
  .bss               zero     0x2000'2bec    0x8c  tasks.o [1]
  .bss               zero     0x2000'2c78    0x84  rand.o [2]
  .bss               zero     0x2000'2cfc    0x6c  Menu_Task.o [1]
  .bss               zero     0x2000'2d68    0x50  ADC.o [1]
  .bss               zero     0x2000'2db8    0x20  LASTLEVELMENU_Task.o [1]
  .bss               zero     0x2000'2dd8    0x18  dlmalloc.o [2]
  .bss               zero     0x2000'2df0    0x14  LASTLEVELMENU_Task.o [1]
  .bss               zero     0x2000'2e04    0x14  tasks.o [1]
  .bss               zero     0x2000'2e18    0x14  tasks.o [1]
  .bss               zero     0x2000'2e2c    0x14  tasks.o [1]
  .bss               zero     0x2000'2e40    0x14  tasks.o [1]
  .bss               zero     0x2000'2e54    0x14  tasks.o [1]
  .bss               zero     0x2000'2e68     0xc  ADC.o [1]
  .bss               zero     0x2000'2e74     0xc  METER_Task.o [1]
  .bss               zero     0x2000'2e80     0x8  heap_4.o [1]
  .bss               zero     0x2000'2e88     0x4  Buttons_Task.o [1]
  .bss               zero     0x2000'2e90     0x8  LASTLEVELMENU_Task.o [1]
  .bss               zero     0x2000'2e98     0x8  Menu_Task.o [1]
  .bss               zero     0x2000'2ea0     0x4  Buttons_Task.o [1]
  .bss               zero     0x2000'2ea4     0x4  Buttons_Task.o [1]
  .bss               zero     0x2000'2ea8     0x4  heap_4.o [1]
  .bss               zero     0x2000'2eac     0x4  heap_4.o [1]
  .bss               zero     0x2000'2eb0     0x4  heap_4.o [1]
  .bss               zero     0x2000'2eb4     0x4  heap_4.o [1]
  .bss               zero     0x2000'2eb8     0x4  heap_4.o [1]
  .bss               zero     0x2000'2ebc     0x4  heap_4.o [1]
  .bss               zero     0x2000'2ec0     0x4  LASTLEVELMENU_Task.o [1]
  .bss               zero     0x2000'2ec4     0x4  LASTLEVELMENU_Task.o [1]
  .bss               zero     0x2000'2ec8     0x4  LASTLEVELMENU_Task.o [1]
  .bss               zero     0x2000'2ecc     0x4  LASTLEVELMENU_Task.o [1]
  .bss               zero     0x2000'2ed0     0x4  Menu_Task.o [1]
  .bss               zero     0x2000'2ed4     0x4  METER_Task.o [1]
  .bss               zero     0x2000'2ed8     0x4  METER_Task.o [1]
  .bss               zero     0x2000'2edc     0x4  tasks.o [1]
  .bss               zero     0x2000'2ee0     0x4  tasks.o [1]
  .bss               zero     0x2000'2ee4     0x4  tasks.o [1]
  .bss               zero     0x2000'2ee8     0x4  tasks.o [1]
  .bss               zero     0x2000'2eec     0x4  tasks.o [1]
  .bss               zero     0x2000'2ef0     0x4  tasks.o [1]
  .bss               zero     0x2000'2ef4     0x4  tasks.o [1]
  .bss               zero     0x2000'2ef8     0x4  tasks.o [1]
  .bss               zero     0x2000'2efc     0x4  tasks.o [1]
  .bss               zero     0x2000'2f00     0x4  tasks.o [1]
  .bss               zero     0x2000'2f04     0x4  tasks.o [1]
  .bss               zero     0x2000'2f08     0x4  tasks.o [1]
  .bss               zero     0x2000'2f0c     0x4  tasks.o [1]
  .bss               zero     0x2000'2f10     0x4  tasks.o [1]
  .bss               zero     0x2000'2f14     0x4  tasks.o [1]
  .bss               zero     0x2000'2f18     0x4  xfail_s.o [2]
  .bss               zero     0x2000'2f1c     0x4  xgetmemchunk.o [2]
  .bss               zero     0x2000'2f20     0x1  Configuration.o [1]
  .bss               zero     0x2000'2f21     0x1  LASTLEVELMENU_Task.o [1]
  .bss               zero     0x2000'2f22     0x1  lcd5110.o [1]
                            - 0x2000'2f23  0x2f07

"P2", part 3 of 3:                         0x1800
  CSTACK                      0x2000'2f28   0x800  <Block>
    CSTACK           uninit   0x2000'2f28   0x800  <Block tail>
  HEAP                        0x2000'3728  0x1000  <Block>
    HEAP             uninit   0x2000'3728  0x1000  <Block tail>
                            - 0x2000'4728  0x1800

Unused ranges:

         From           To    Size
         ----           --    ----
   0x800'8590   0x800'ffff  0x7a70
  0x2000'2f24  0x2000'2f27     0x4
  0x2000'4728  0x2000'4fff   0x8d8


*******************************************************************************
*** INIT TABLE
***

          Address      Size
          -------      ----
Zero (__iar_zero_init3)
    1 destination range, total size 0x2f07:
          0x2000'001c  0x2f07

Copy (__iar_copy_init3)
    1 source range, total size 0x1c:
           0x800'82f0    0x1c
    1 destination range, total size 0x1c:
          0x2000'0000    0x1c



*******************************************************************************
*** MODULE SUMMARY
***

    Module                 ro code  ro data  rw data
    ------                 -------  -------  -------
command line/config:
    ------------------------------------------------
    Total:

C:\Users\Harak\Documents\Projects\vacuumMetr\MCU_Proj\VacuumMetrProj\Debug\Obj: [1]
    ADC.o                      480                92
    BoardConfig.o              936       32
    Buttons.o                  280
    Buttons_Task.o             412       21       12
    Configuration.o            752        4        5
    DISP_Buff.o              1 478      784      504
    LASTLEVELMENU_Task.o     1 332      168       77
    METER_Task.o               908       16       20
    Menu_Task.o              1 388       88      128
    Snake.o                  2 436       44
    Tetris.o                 1 764       36
    heap_4.o                   568        4   10 272
    lcd5110.o                1 136                 1
    list.o                     154
    main.o                      32
    port.o                     228        4        4
    portasm.o                  136
    queue.o                  1 548
    startup_stm32f103xb.o      448
    stm32f1xx_it.o             360
    system_stm32f1xx.o         244
    tasks.o                  3 068       12      304
    ------------------------------------------------
    Total:                  20 088    1 213   11 419

dl7M_tln.a: [2]
    abort.o                      6
    abs.o                        8
    dlmalloc.o               5 344               496
    exit.o                       4
    heaptramp0.o                 4
    low_level_init.o             4
    rand.o                     164        8      140
    sprintf.o                   64
    xfail_s.o                   64                 4
    xgetmemchunk.o              44                 4
    xprintffull_nomb.o       3 570
    xsprout.o                   10
    ------------------------------------------------
    Total:                   9 286        8      644

m7M_tl.a: [3]
    DblAdd.o                   362
    DblCmpGe.o                  46
    DblCmpLe.o                  46
    DblDiv.o                   582
    DblMul.o                   418
    DblSub.o                   226
    DblToS32.o                  58
    DblToU32.o                  40
    S32ToDbl.o                  34
    U32ToDbl.o                  26
    frexp.o                    112
    ldexp.o                    314
    ------------------------------------------------
    Total:                   2 264

rt7M_tl.a: [4]
    ABImemclr4.o                 6
    ABImemcpy.o                166
    ABImemset.o                102
    ABImemset48.o               50
    I64DivMod.o                560
    I64DivZer.o                  2
    cexit.o                     10
    cmain.o                     30
    copy_init3.o                44
    cstartup_M.o                12
    data_init.o                 40
    memchr.o                    88
    strchr.o                    22
    strlen.o                    54
    zero_init3.o                58
    ------------------------------------------------
    Total:                   1 244

shb_l.a: [5]
    exit.o                      20
    ------------------------------------------------
    Total:                      20

    Gaps                        31                 4
    Linker created                       38    6 144
----------------------------------------------------
    Grand Total:            32 933    1 259   18 211


*******************************************************************************
*** ENTRY LIST
***

Entry                       Address    Size  Type      Object
-----                       -------    ----  ----      ------
.iar.init_table$$Base    0x800'8298           --   Gb  - Linker created -
.iar.init_table$$Limit   0x800'82bc           --   Gb  - Linker created -
?main                    0x800'82bd          Code  Gb  cmain.o [4]
ADC1Init                 0x800'5f77    0xd0  Code  Gb  ADC.o [1]
ADCBuff                 0x2000'2d68    0x50  Data  Gb  ADC.o [1]
ADCTIMinit               0x800'607f    0x60  Code  Gb  ADC.o [1]
ASCII                    0x800'7ce8   0x1e0  Data  Gb  DISP_Buff.o [1]
A_symb                   0x800'8154    0x30  Data  Gb  DISP_Buff.o [1]
ArrowDOWN                0x800'8410     0x8  Data  Gb  DISP_Buff.o [1]
ArrowUP                  0x800'8408     0x8  Data  Gb  DISP_Buff.o [1]
ButtCreate               0x800'46fd    0x3e  Code  Gb  Menu_Task.o [1]
Buttons_Task_init        0x800'4561    0x44  Code  Gb  Buttons_Task.o [1]
CSTACK$$Base            0x2000'2f28           --   Gb  - Linker created -
CSTACK$$Limit           0x2000'3728           --   Gb  - Linker created -
Config                  0x2000'0000     0x4  Data  Gb  Configuration.o [1]
DISP_Clear               0x800'5c9d    0x2e  Code  Gb  lcd5110.o [1]
DISP_Clear_DMA           0x800'5ccb    0x6c  Code  Gb  lcd5110.o [1]
DISP_Clear_DMA::zero    0x2000'2f22     0x1  Data  Lc  lcd5110.o [1]
DISP_Init                0x800'5b09    0x6c  Code  Gb  lcd5110.o [1]
DISP_Send_DMA            0x800'5bed    0x6c  Code  Gb  lcd5110.o [1]
DISP_SetPos              0x800'5d37    0x20  Code  Gb  lcd5110.o [1]
DISP_Update              0x800'5529     0xc  Code  Gb  DISP_Buff.o [1]
DISP_command             0x800'5b75    0x3a  Code  Gb  lcd5110.o [1]
DISP_data                0x800'5baf    0x3e  Code  Gb  lcd5110.o [1]
DISP_setBias             0x800'5c7b    0x22  Code  Gb  lcd5110.o [1]
DISP_setContrast         0x800'5c59    0x22  Code  Gb  lcd5110.o [1]
DMA1_Channel3_IRQHandler
                         0x800'7ec9    0x24  Code  Gb  stm32f1xx_it.o [1]
DMA_ADCInit              0x800'6047    0x38  Code  Gb  ADC.o [1]
FILT                    0x2000'2e74     0xc  Data  Gb  METER_Task.o [1]
GetButtons               0x800'6141    0x50  Code  Gb  Buttons.o [1]
HEAP$$Base              0x2000'3728           --   Gb  - Linker created -
HEAP$$Limit             0x2000'4728           --   Gb  - Linker created -
H_symb                   0x800'8124    0x30  Data  Gb  DISP_Buff.o [1]
I_symb                   0x800'81e4    0x30  Data  Gb  DISP_Buff.o [1]
K_symb                   0x800'81b4    0x30  Data  Gb  DISP_Buff.o [1]
LASTLEVELMENU_Task_init
                         0x800'5073    0x26  Code  Gb  LASTLEVELMENU_Task.o [1]
LoadInt                  0x800'17fb    0x7a  Code  Lc  xprintffull_nomb.o [2]
METER_Task_Deinit        0x800'4ccd    0x30  Code  Gb  METER_Task.o [1]
METER_Task_init          0x800'4c93    0x3a  Code  Gb  METER_Task.o [1]
Menu_Task_init           0x800'482b    0x24  Code  Gb  Menu_Task.o [1]
NVIC_EnableIRQ           0x800'5f61    0x16  Code  Lc  ADC.o [1]
NVIC_EnableIRQ           0x800'5af1    0x18  Code  Lc  lcd5110.o [1]
PendSV_Handler           0x800'4131          Code  Gb  portasm.o [1]
R_symb                   0x800'8184    0x30  Data  Gb  DISP_Buff.o [1]
ReadVoltageOnMainBatt    0x800'43e5    0xc8  Code  Gb  BoardConfig.o [1]
Region$$Table$$Base      0x800'8298           --   Gb  - Linker created -
Region$$Table$$Limit     0x800'82bc           --   Gb  - Linker created -
SPI2Init                 0x800'5dd9    0x14  Code  Gb  lcd5110.o [1]
SVC_Handler              0x800'4177          Code  Gb  portasm.o [1]
SaveBright               0x800'68f3    0x92  Code  Gb  Configuration.o [1]
SaveCongig               0x800'686d    0x86  Code  Gb  Configuration.o [1]
SensorVoltageStruct     0x2000'2e68     0xc  Data  Gb  ADC.o [1]
Snake_DeInit             0x800'6c83    0x22  Code  Gb  Snake.o [1]
Snake_Draw               0x800'6e57   0x55c  Code  Gb  Snake.o [1]
Snake_Init               0x800'6ba5    0xde  Code  Gb  Snake.o [1]
Snake_Move               0x800'6ca5   0x1b2  Code  Gb  Snake.o [1]
StandByCheck             0x800'44ad    0x42  Code  Gb  BoardConfig.o [1]
SysTick_Handler          0x800'40b1    0x28  Code  Gb  port.o [1]
SystemInit               0x800'8031    0xd0  Code  Gb  system_stm32f1xx.o [1]
TIM4_IRQHandler          0x800'7eed   0x124  Code  Gb  stm32f1xx_it.o [1]
Tetris_DeInit            0x800'76f7     0xc  Code  Gb  Tetris.o [1]
Tetris_Draw              0x800'7761   0x25c  Code  Gb  Tetris.o [1]
Tetris_Move              0x800'79bd   0x104  Code  Gb  Tetris.o [1]
VBUF                    0x2000'281c   0x1f8  Data  Gb  DISP_Buff.o [1]
VBUF_Clear               0x800'5535    0x18  Code  Gb  DISP_Buff.o [1]
VBUF_Draw_Image          0x800'57c5   0x162  Code  Gb  DISP_Buff.o [1]
VBUF_Draw_Line           0x800'554d    0xc0  Code  Gb  DISP_Buff.o [1]
VBUF_Draw_Pixel          0x800'560d    0x92  Code  Gb  DISP_Buff.o [1]
VBUF_Invert_Line         0x800'569f   0x126  Code  Gb  DISP_Buff.o [1]
VBUF_Write_Char          0x800'5927   0x164  Code  Gb  DISP_Buff.o [1]
VBUF_Write_String        0x800'5a95    0x24  Code  Gb  DISP_Buff.o [1]
VBUF_Write_String_Right
                         0x800'5ab9    0x36  Code  Gb  DISP_Buff.o [1]
V_symb                   0x800'8214    0x30  Data  Gb  DISP_Buff.o [1]
_GenldFullNoMb           0x800'213d   0x274  Code  Lc  xprintffull_nomb.o [2]
_LdtobFullNoMb           0x800'1d39   0x3d6  Code  Lc  xprintffull_nomb.o [2]
_LitobFullNoMb           0x800'1be9   0x10a  Code  Lc  xprintffull_nomb.o [2]
_PrintfFullNoMb          0x800'164d   0x19e  Code  Gb  xprintffull_nomb.o [2]
_PutcharsFullNoMb        0x800'23b1    0x2e  Code  Lc  xprintffull_nomb.o [2]
_PutfldFullNoMb          0x800'1875   0x268  Code  Lc  xprintffull_nomb.o [2]
_PuttxtFullNoMb          0x800'1add   0x10c  Code  Lc  xprintffull_nomb.o [2]
_Rand_idx               0x2000'2cf8     0x4  Data  Lc  rand.o [2]
_Rand_rv                0x2000'2c78    0x80  Data  Lc  rand.o [2]
_Randinit               0x2000'0014     0x1  Data  Gb  rand.o [2]
_Randseed               0x2000'0018     0x4  Data  Gb  rand.o [2]
_SProut                  0x800'243f     0xa  Code  Gb  xsprout.o [2]
__aeabi_cdcmple          0x800'2a1d          Code  Gb  DblCmpLe.o [3]
__aeabi_cdrcmple         0x800'2a4d          Code  Gb  DblCmpGe.o [3]
__aeabi_d2iz             0x800'2bb9          Code  Gb  DblToS32.o [3]
__aeabi_d2uiz            0x800'2f45          Code  Gb  DblToU32.o [3]
__aeabi_ddiv             0x800'2cfd          Code  Gb  DblDiv.o [3]
__aeabi_dmul             0x800'2761          Code  Gb  DblMul.o [3]
__aeabi_dsub             0x800'2c19          Code  Gb  DblSub.o [3]
__aeabi_i2d              0x800'2bf5          Code  Gb  S32ToDbl.o [3]
__aeabi_ldiv0            0x800'2f89          Code  Gb  I64DivZer.o [4]
__aeabi_memclr4          0x800'6865          Code  Gb  ABImemclr4.o [4]
__aeabi_memcpy           0x800'2905          Code  Gb  ABImemcpy.o [4]
__aeabi_memcpy4          0x800'2925          Code  Gb  ABImemcpy.o [4]
__aeabi_memcpy8          0x800'2925          Code  Gb  ABImemcpy.o [4]
__aeabi_memset           0x800'3f2d          Code  Gb  ABImemset.o [4]
__aeabi_ui2d             0x800'2f6d          Code  Gb  U32ToDbl.o [3]
__aeabi_uldivmod         0x800'2531          Code  Gb  I64DivMod.o [4]
__cmain                  0x800'82bd          Code  Gb  cmain.o [4]
__data_GetMemChunk       0x800'160d    0x2c  Code  Gb  xgetmemchunk.o [2]
__data_GetMemChunk::start
                        0x2000'2f1c     0x4  Data  Lc  xgetmemchunk.o [2]
__exit                   0x800'1639    0x14  Code  Gb  exit.o [5]
__iar_Fail_s             0x800'2461    0x1c  Code  Gb  xfail_s.o [2]
__iar_Memchr             0x800'24d9          Code  Gb  memchr.o [4]
__iar_Memset             0x800'3f2d          Code  Gb  ABImemset.o [4]
__iar_Memset4_word       0x800'7c0d          Code  Gb  ABImemset48.o [4]
__iar_Memset8_word       0x800'7c0d          Code  Gb  ABImemset48.o [4]
__iar_Memset_word        0x800'3f35          Code  Gb  ABImemset.o [4]
__iar_Strchr             0x800'2449          Code  Gb  strchr.o [4]
__iar_copy_init3         0x800'8245    0x2c  Code  Gb  copy_init3.o [4]
__iar_dadd               0x800'2c29          Code  Gb  DblSub.o [3]
__iar_data_init3         0x800'8271    0x28  Code  Gb  data_init.o [4]
__iar_dlfree             0x800'10cb   0x4f6  Code  Gb  dlmalloc.o [2]
__iar_dlmalloc           0x800'0e15   0x2b6  Code  Gb  dlmalloc.o [2]
__iar_dsub               0x800'2f8d          Code  Gb  DblAdd.o [3]
__iar_dsubStart          0x800'2f9f          Code  Gb  DblAdd.o [3]
__iar_frexp              0x800'29b9          Code  Gb  frexp.o [3]
__iar_frexp64            0x800'29ad          Code  Gb  frexp.o [3]
__iar_frexpl             0x800'29b9          Code  Gb  frexp.o [3]
__iar_ldexp64            0x800'2a7d          Code  Gb  ldexp.o [3]
__iar_program_start      0x800'83f5          Code  Gb  cstartup_M.o [4]
__iar_scalbln64          0x800'2a7d          Code  Gb  ldexp.o [3]
__iar_scalbn64           0x800'2a7d          Code  Gb  ldexp.o [3]
__iar_zero_init3         0x800'15d3    0x3a  Code  Gb  zero_init3.o [4]
__low_level_init         0x800'82db     0x4  Code  Gb  low_level_init.o [2]
__vector_table           0x800'0000          Data  Gb  startup_stm32f103xb.o [1]
_call_main               0x800'82c9          Code  Gb  cmain.o [4]
_exit                    0x800'82e5          Code  Gb  cexit.o [4]
_gm_                    0x2000'2a14   0x1d8  Data  Lc  dlmalloc.o [2]
_main                    0x800'82d7          Code  Gb  cmain.o [4]
abort                    0x800'15cd     0x6  Code  Gb  abort.o [2]
abs                      0x800'6b5d     0x8  Code  Gb  abs.o [2]
add_segment              0x800'04b5   0x1f2  Code  Lc  dlmalloc.o [2]
ampfCalibrate            0x800'6a39    0xfa  Code  Gb  Configuration.o [1]
biasCalibrate            0x800'6985    0xb4  Code  Gb  Configuration.o [1]
bltInit                  0x800'5ded   0x102  Code  Gb  lcd5110.o [1]
btnArray                0x2000'2cfc    0x6c  Data  Gb  Menu_Task.o [1]
calibBtnArray           0x2000'2db8    0x20  Data  Gb  LASTLEVELMENU_Task.o [1]
disp_LOGO                0x800'41b9   0x114  Code  Gb  BoardConfig.o [1]
enableFirstStepMainBatt
                         0x800'435d    0x44  Code  Gb  BoardConfig.o [1]
enablePWRDisp            0x800'4319    0x44  Code  Gb  BoardConfig.o [1]
enableSecondStepMainBatt
                         0x800'43a1    0x44  Code  Gb  BoardConfig.o [1]
enterStandBy             0x800'42e5    0x34  Code  Gb  BoardConfig.o [1]
exit                     0x800'82df     0x4  Code  Gb  exit.o [2]
filtAverage              0x800'4c69    0x2a  Code  Gb  METER_Task.o [1]
flagCalib               0x2000'2f20     0x1  Data  Gb  Configuration.o [1]
free                     0x800'7ce5     0x4  Code  Gb  heaptramp0.o [2]
frexp                    0x800'29ad          Code  Gb  frexp.o [3]
frexpl                   0x800'29ad          Code  Gb  frexp.o [3]
gen_I_Block              0x800'7529    0x42  Code  Gb  Tetris.o [1]
gen_J_Block              0x800'756b    0x42  Code  Gb  Tetris.o [1]
gen_L_Block              0x800'75ad    0x42  Code  Gb  Tetris.o [1]
gen_O_Block              0x800'75ef    0x42  Code  Gb  Tetris.o [1]
gen_S_Block              0x800'7631    0x42  Code  Gb  Tetris.o [1]
gen_T_Block              0x800'7673    0x42  Code  Gb  Tetris.o [1]
gen_Z_Block              0x800'76b5    0x42  Code  Gb  Tetris.o [1]
gpioInit                 0x800'5d57    0x82  Code  Gb  lcd5110.o [1]
initAll                  0x800'42cd    0x18  Code  Gb  BoardConfig.o [1]
initButt                 0x800'6191    0xb2  Code  Gb  Buttons.o [1]
init_mparams             0x800'0107    0x32  Code  Lc  dlmalloc.o [2]
init_top                 0x800'0139    0x36  Code  Lc  dlmalloc.o [2]
invertLastLevelCurrentButton
                         0x800'4ff5    0x4c  Code  Gb  LASTLEVELMENU_Task.o [1]
invertMenuCurrentButton
                         0x800'473b    0x50  Code  Gb  Menu_Task.o [1]
lastlevelButtArrayInit   0x800'5041    0x32  Code  Gb  LASTLEVELMENU_Task.o [1]
ldexp                    0x800'2a7d          Code  Gb  ldexp.o [3]
ldexpl                   0x800'2a7d          Code  Gb  ldexp.o [3]
main                     0x800'4111    0x1c  Code  Gb  main.o [1]
memchr                   0x800'24d9          Code  Gb  memchr.o [4]
menuButtArrayInit        0x800'478b    0xa0  Code  Gb  Menu_Task.o [1]
menuStruct              0x2000'2e98     0x8  Data  Gb  Menu_Task.o [1]
menuVBUFDraw             0x800'4b77    0x98  Code  Gb  Menu_Task.o [1]
mparams                 0x2000'2dd8    0x18  Data  Lc  dlmalloc.o [2]
prepend_alloc            0x800'016f   0x346  Code  Lc  dlmalloc.o [2]
prvAddCurrentTaskToDelayedList
                         0x800'3c45    0x82  Code  Lc  tasks.o [1]
prvAddNewTaskToReadyList
                         0x800'3259    0x9e  Code  Lc  tasks.o [1]
prvCheckTasksWaitingTermination
                         0x800'3975    0x3a  Code  Lc  tasks.o [1]
prvCopyDataFromQueue     0x800'6787    0x36  Code  Lc  queue.o [1]
prvCopyDataToQueue       0x800'66eb    0x9c  Code  Lc  queue.o [1]
prvDeleteTCB             0x800'39fd    0x12  Code  Lc  tasks.o [1]
prvGetDisinheritPriorityAfterTimeout
                         0x800'66d5    0x16  Code  Lc  queue.o [1]
prvHeapInit              0x800'3e47    0x62  Code  Lc  heap_4.o [1]
prvIdleTask              0x800'38f5    0x28  Code  Lc  tasks.o [1]
prvInitialiseNewQueue    0x800'6311    0x36  Code  Lc  queue.o [1]
prvInitialiseNewTask     0x800'316d    0xec  Code  Lc  tasks.o [1]
prvInitialiseTaskLists   0x800'3925    0x50  Code  Lc  tasks.o [1]
prvInsertBlockIntoFreeList
                         0x800'3ea9    0x5e  Code  Lc  heap_4.o [1]
prvIsQueueEmpty          0x800'682b    0x1c  Code  Lc  queue.o [1]
prvIsQueueFull           0x800'6847    0x1e  Code  Lc  queue.o [1]
prvResetNextTaskUnblockTime
                         0x800'3a0f    0x24  Code  Lc  tasks.o [1]
prvTaskCheckFreeStackSpace
                         0x800'39c5    0x16  Code  Lc  tasks.o [1]
prvTaskExitError         0x800'404d    0x10  Code  Lc  port.o [1]
prvTaskIsTaskSuspended   0x800'34af    0x2a  Code  Lc  tasks.o [1]
prvUnlockQueue           0x800'67bd    0x6e  Code  Lc  queue.o [1]
pvPortMalloc             0x800'3cf5   0x104  Code  Gb  heap_4.o [1]
pvTaskIncrementMutexHeldCount
                         0x800'3c05    0x16  Code  Gb  tasks.o [1]
pxCurrentTCB            0x2000'2edc     0x4  Data  Gb  tasks.o [1]
pxDelayedTaskList       0x2000'2ee0     0x4  Data  Lc  tasks.o [1]
pxEnd                   0x2000'2ea8     0x4  Data  Lc  heap_4.o [1]
pxOverflowDelayedTaskList
                        0x2000'2ee4     0x4  Data  Lc  tasks.o [1]
pxPortInitialiseStack    0x800'402d    0x20  Code  Gb  port.o [1]
pxReadyTasksLists       0x2000'2bec    0x8c  Data  Lc  tasks.o [1]
rand                     0x800'7c41    0x94  Code  Gb  rand.o [2]
scalbln                  0x800'2a7d          Code  Gb  ldexp.o [3]
scalblnl                 0x800'2a7d          Code  Gb  ldexp.o [3]
scalbn                   0x800'2a7d          Code  Gb  ldexp.o [3]
scalbnl                  0x800'2a7d          Code  Gb  ldexp.o [3]
scale                    0x800'1cf3    0x46  Code  Lc  xprintffull_nomb.o [2]
sec_hand                0x2000'2f18     0x4  Data  Lc  xfail_s.o [2]
segment_holding          0x800'00ed    0x1a  Code  Lc  dlmalloc.o [2]
sprintf                  0x800'6b65    0x40  Code  Gb  sprintf.o [2]
strchr                   0x800'2449          Code  Gb  strchr.o [4]
strlen                   0x800'24a1          Code  Gb  strlen.o [4]
sys_alloc                0x800'06ad   0x164  Code  Lc  dlmalloc.o [2]
sys_trim                 0x800'0811    0x64  Code  Lc  dlmalloc.o [2]
taskStack               0x2000'2ea0     0x4  Data  Gb  Buttons_Task.o [1]
tempConfig              0x2000'2df0    0x14  Data  Gb  LASTLEVELMENU_Task.o [1]
tmalloc_large            0x800'0881   0x386  Code  Lc  dlmalloc.o [2]
tmalloc_small            0x800'0c07   0x200  Code  Lc  dlmalloc.o [2]
ucHeap                  0x2000'001c  0x2800  Data  Lc  heap_4.o [1]
uxCriticalNesting       0x2000'000c     0x4  Data  Lc  port.o [1]
uxCurrentNumberOfTasks  0x2000'2eec     0x4  Data  Lc  tasks.o [1]
uxDeletedTasksWaitingCleanUp
                        0x2000'2ee8     0x4  Data  Lc  tasks.o [1]
uxListRemove             0x800'4005    0x28  Code  Gb  list.o [1]
uxSchedulerSuspended    0x2000'2f14     0x4  Data  Lc  tasks.o [1]
uxTaskGetStackHighWaterMark
                         0x800'39db    0x1c  Code  Gb  tasks.o [1]
uxTaskNumber            0x2000'2f08     0x4  Data  Lc  tasks.o [1]
uxTopReadyPriority      0x2000'2ef4     0x4  Data  Lc  tasks.o [1]
uxTopUsedPriority       0x2000'0010     0x4  Data  Gb  tasks.o [1]
vApplicationIdleHook     0x800'412d     0x2  Code  Gb  main.o [1]
vApplicationTickHook     0x800'412f     0x2  Code  Gb  main.o [1]
vBUTTONSCheck_Task       0x800'45a5   0x134  Code  Gb  Buttons_Task.o [1]
vBUTTONSCheck_Task::DOWN_BTN
                         0x800'24d6     0x1  Data  Lc  Buttons_Task.o [1]
vBUTTONSCheck_Task::ENTER_BTN
                         0x800'245f     0x1  Data  Lc  Buttons_Task.o [1]
vBUTTONSCheck_Task::LEFT_BTN
                         0x800'24d7     0x1  Data  Lc  Buttons_Task.o [1]
vBUTTONSCheck_Task::RIGHT_BTN
                         0x800'2902     0x1  Data  Lc  Buttons_Task.o [1]
vBUTTONSCheck_Task::UP_BTN
                         0x800'245e     0x1  Data  Lc  Buttons_Task.o [1]
vBtnSnake_Task           0x800'7461    0xa0  Code  Gb  Snake.o [1]
vBtnTetris_Task          0x800'7bad    0x40  Code  Gb  Tetris.o [1]
vDrawSnake_Task          0x800'7409    0x56  Code  Gb  Snake.o [1]
vDrawTetris_Task         0x800'7ac1    0xea  Code  Gb  Tetris.o [1]
vFILTER_Task             0x800'4f3d    0x9c  Code  Gb  METER_Task.o [1]
vLASTLEVELMENU_Task      0x800'5099   0x3f0  Code  Gb  LASTLEVELMENU_Task.o [1]
vLASTLEVELMENU_Task{2}{3}{4}{5}{7}::averVolt
                        0x2000'2ecc     0x4  Data  Lc  LASTLEVELMENU_Task.o [1]
vLASTLEVELMENU_Task{2}{3}{4}{5}{7}::battVolt
                        0x2000'2e90     0x8  Data  Lc  LASTLEVELMENU_Task.o [1]
vLASTLEVELMENU_Task{2}{3}{4}{5}{7}::countReads
                        0x2000'2f21     0x1  Data  Lc  LASTLEVELMENU_Task.o [1]
vListInitialise          0x800'3f93    0x1e  Code  Gb  list.o [1]
vListInitialiseItem      0x800'3fb1     0x6  Code  Gb  list.o [1]
vListInsert              0x800'3fcf    0x36  Code  Gb  list.o [1]
vListInsertEnd           0x800'3fb7    0x18  Code  Gb  list.o [1]
vMENU_Task               0x800'4851   0x326  Code  Gb  Menu_Task.o [1]
vMETER_Task              0x800'4cfd   0x23e  Code  Gb  METER_Task.o [1]
vPortEnterCritical       0x800'4083    0x18  Code  Gb  port.o [1]
vPortExitCritical        0x800'409b    0x16  Code  Gb  port.o [1]
vPortFree                0x800'3df9    0x4e  Code  Gb  heap_4.o [1]
vPortStartFirstTask      0x800'4197          Code  Gb  portasm.o [1]
vSnake_Start             0x800'73b3    0x54  Code  Gb  Snake.o [1]
vTaskDelay               0x800'33ab    0x34  Code  Gb  tasks.o [1]
vTaskDelete              0x800'32f7    0xb4  Code  Gb  tasks.o [1]
vTaskInternalSetTimeOutState
                         0x800'385d    0x12  Code  Gb  tasks.o [1]
vTaskMissedYield         0x800'38d9     0xa  Code  Gb  tasks.o [1]
vTaskPlaceOnEventList    0x800'37d3    0x20  Code  Gb  tasks.o [1]
vTaskPriorityDisinheritAfterTimeout
                         0x800'3b59    0xac  Code  Gb  tasks.o [1]
vTaskResume              0x800'34d9    0x6e  Code  Gb  tasks.o [1]
vTaskStartScheduler      0x800'3547    0x56  Code  Gb  tasks.o [1]
vTaskSuspend             0x800'33df    0xd0  Code  Gb  tasks.o [1]
vTaskSuspendAll          0x800'359d     0xc  Code  Gb  tasks.o [1]
vTaskSwitchContext       0x800'3781    0x52  Code  Gb  tasks.o [1]
vTetris_Start            0x800'7703    0x5e  Code  Gb  Tetris.o [1]
xBlockAllocatedBit      0x2000'2ebc     0x4  Data  Lc  heap_4.o [1]
xBtnPosArr              0x2000'0008     0x4  Data  Gb  Menu_Task.o [1]
xBtnPresQueue           0x2000'2ea4     0x4  Data  Gb  Buttons_Task.o [1]
xBtnPresSem             0x2000'2e88     0x4  Data  Gb  Buttons_Task.o [1]
xDelayedTaskList1       0x2000'2e04    0x14  Data  Lc  tasks.o [1]
xDelayedTaskList2       0x2000'2e18    0x14  Data  Lc  tasks.o [1]
xFilterHandle           0x2000'2ed8     0x4  Data  Gb  METER_Task.o [1]
xFreeBytesRemaining     0x2000'2eac     0x4  Data  Lc  heap_4.o [1]
xGameBtnHandle          0x2000'2ec8     0x4  Data  Gb  LASTLEVELMENU_Task.o [1]
xGameDrawHandle         0x2000'2ec4     0x4  Data  Gb  LASTLEVELMENU_Task.o [1]
xHeapStructSize          0x800'84d0     0x4  Data  Lc  heap_4.o [1]
xIdleTaskHandle         0x2000'2f10     0x4  Data  Lc  tasks.o [1]
xLASTLEVELMENUHandle    0x2000'2ec0     0x4  Data  Gb  LASTLEVELMENU_Task.o [1]
xMenuHandle             0x2000'2ed0     0x4  Data  Gb  Menu_Task.o [1]
xMeterHandle            0x2000'2ed4     0x4  Data  Gb  METER_Task.o [1]
xMinimumEverFreeBytesRemaining
                        0x2000'2eb0     0x4  Data  Lc  heap_4.o [1]
xNextTaskUnblockTime    0x2000'2f0c     0x4  Data  Lc  tasks.o [1]
xNumOfOverflows         0x2000'2f04     0x4  Data  Lc  tasks.o [1]
xNumberOfSuccessfulAllocations
                        0x2000'2eb4     0x4  Data  Lc  heap_4.o [1]
xNumberOfSuccessfulFrees
                        0x2000'2eb8     0x4  Data  Lc  heap_4.o [1]
xPendedTicks            0x2000'2efc     0x4  Data  Lc  tasks.o [1]
xPendingReadyList       0x2000'2e2c    0x14  Data  Lc  tasks.o [1]
xPortStartScheduler      0x800'405d    0x26  Code  Gb  port.o [1]
xQueueCreateCountingSemaphore
                         0x800'6347    0x18  Code  Gb  queue.o [1]
xQueueGenericCreate      0x800'62d9    0x38  Code  Gb  queue.o [1]
xQueueGenericReset       0x800'6259    0x80  Code  Gb  queue.o [1]
xQueueGenericSend        0x800'635f   0x120  Code  Gb  queue.o [1]
xQueueReceive            0x800'647f   0x108  Code  Gb  queue.o [1]
xQueueSemaphoreTake      0x800'6587   0x14a  Code  Gb  queue.o [1]
xSchedulerRunning       0x2000'2ef8     0x4  Data  Lc  tasks.o [1]
xStart                  0x2000'2e80     0x8  Data  Lc  heap_4.o [1]
xSuspendedTaskList      0x2000'2e54    0x14  Data  Lc  tasks.o [1]
xTaskCheckForTimeOut     0x800'386f    0x6a  Code  Gb  tasks.o [1]
xTaskCreate              0x800'30f9    0x74  Code  Gb  tasks.o [1]
xTaskIncrementTick       0x800'367b   0x106  Code  Gb  tasks.o [1]
xTaskPriorityDisinherit
                         0x800'3ae1    0x72  Code  Gb  tasks.o [1]
xTaskPriorityInherit     0x800'3a33    0xae  Code  Gb  tasks.o [1]
xTaskRemoveFromEventList
                         0x800'37f3    0x6a  Code  Gb  tasks.o [1]
xTaskResumeAll           0x800'35a9    0xd2  Code  Gb  tasks.o [1]
xTasksWaitingTermination
                        0x2000'2e40    0x14  Data  Lc  tasks.o [1]
xTickCount              0x2000'2ef0     0x4  Data  Lc  tasks.o [1]
xYieldPending           0x2000'2f00     0x4  Data  Lc  tasks.o [1]
yBtnPosArr              0x2000'0004     0x4  Data  Gb  Menu_Task.o [1]


[1] = C:\Users\Harak\Documents\Projects\vacuumMetr\MCU_Proj\VacuumMetrProj\Debug\Obj
[2] = dl7M_tln.a
[3] = m7M_tl.a
[4] = rt7M_tl.a
[5] = shb_l.a

  32 933 bytes of readonly  code memory
   1 259 bytes of readonly  data memory
  18 211 bytes of readwrite data memory

Errors: none
Warnings: none
