###############################################################################
#
# IAR ELF Linker V9.10.2.313/W64 for ARM                  06/Nov/2021  18:15:43
# Copyright 2007-2021 IAR Systems AB.
#
#    Output file  =
#        C:\Users\Harak\Documents\Projects\vacuumMetr\MCU_Proj\VacuumMetrProj\Debug\Exe\VacuumMetrProj.out
#    Map file     =
#        C:\Users\Harak\Documents\Projects\vacuumMetr\MCU_Proj\VacuumMetrProj\Debug\List\VacuumMetrProj.map
#    Command line =
#        -f
#        C:\Users\Harak\Documents\Projects\vacuumMetr\MCU_Proj\VacuumMetrProj\Debug\Exe\VacuumMetrProj.out.rsp
#        (C:\Users\Harak\Documents\Projects\vacuumMetr\MCU_Proj\VacuumMetrProj\Debug\Obj\User\libs\ADC.o
#        C:\Users\Harak\Documents\Projects\vacuumMetr\MCU_Proj\VacuumMetrProj\Debug\Obj\User\BoardConfig.o
#        C:\Users\Harak\Documents\Projects\vacuumMetr\MCU_Proj\VacuumMetrProj\Debug\Obj\User\build.o
#        C:\Users\Harak\Documents\Projects\vacuumMetr\MCU_Proj\VacuumMetrProj\Debug\Obj\User\libs\Buttons.o
#        C:\Users\Harak\Documents\Projects\vacuumMetr\MCU_Proj\VacuumMetrProj\Debug\Obj\User\Tasks\Buttons_Task.o
#        C:\Users\Harak\Documents\Projects\vacuumMetr\MCU_Proj\VacuumMetrProj\Debug\Obj\User\libs\Configuration.o
#        C:\Users\Harak\Documents\Projects\vacuumMetr\MCU_Proj\VacuumMetrProj\Debug\Obj\FreeRTOS\croutine.o
#        C:\Users\Harak\Documents\Projects\vacuumMetr\MCU_Proj\VacuumMetrProj\Debug\Obj\User\libs\DISP_Buff.o
#        C:\Users\Harak\Documents\Projects\vacuumMetr\MCU_Proj\VacuumMetrProj\Debug\Obj\FreeRTOS\portable\heap_4.o
#        C:\Users\Harak\Documents\Projects\vacuumMetr\MCU_Proj\VacuumMetrProj\Debug\Obj\User\Tasks\LASTLEVELMENU_Task.o
#        C:\Users\Harak\Documents\Projects\vacuumMetr\MCU_Proj\VacuumMetrProj\Debug\Obj\User\libs\lcd5110.o
#        C:\Users\Harak\Documents\Projects\vacuumMetr\MCU_Proj\VacuumMetrProj\Debug\Obj\FreeRTOS\list.o
#        C:\Users\Harak\Documents\Projects\vacuumMetr\MCU_Proj\VacuumMetrProj\Debug\Obj\User\main.o
#        C:\Users\Harak\Documents\Projects\vacuumMetr\MCU_Proj\VacuumMetrProj\Debug\Obj\User\Tasks\Menu_Task.o
#        C:\Users\Harak\Documents\Projects\vacuumMetr\MCU_Proj\VacuumMetrProj\Debug\Obj\User\Tasks\METER_Task.o
#        C:\Users\Harak\Documents\Projects\vacuumMetr\MCU_Proj\VacuumMetrProj\Debug\Obj\FreeRTOS\portable\port.o
#        C:\Users\Harak\Documents\Projects\vacuumMetr\MCU_Proj\VacuumMetrProj\Debug\Obj\FreeRTOS\portable\portasm.o
#        C:\Users\Harak\Documents\Projects\vacuumMetr\MCU_Proj\VacuumMetrProj\Debug\Obj\FreeRTOS\queue.o
#        C:\Users\Harak\Documents\Projects\vacuumMetr\MCU_Proj\VacuumMetrProj\Debug\Obj\User\Tasks\SCOPE_Task.o
#        C:\Users\Harak\Documents\Projects\vacuumMetr\MCU_Proj\VacuumMetrProj\Debug\Obj\User\Games\Snake.o
#        C:\Users\Harak\Documents\Projects\vacuumMetr\MCU_Proj\VacuumMetrProj\Debug\Obj\CMSIS\startup_stm32f103xb.o
#        C:\Users\Harak\Documents\Projects\vacuumMetr\MCU_Proj\VacuumMetrProj\Debug\Obj\User\libs\stm32f1xx_it.o
#        C:\Users\Harak\Documents\Projects\vacuumMetr\MCU_Proj\VacuumMetrProj\Debug\Obj\CMSIS\system_stm32f1xx.o
#        C:\Users\Harak\Documents\Projects\vacuumMetr\MCU_Proj\VacuumMetrProj\Debug\Obj\FreeRTOS\tasks.o
#        C:\Users\Harak\Documents\Projects\vacuumMetr\MCU_Proj\VacuumMetrProj\Debug\Obj\User\Games\Tetris.o
#        --no_out_extension -o
#        C:\Users\Harak\Documents\Projects\vacuumMetr\MCU_Proj\VacuumMetrProj\Debug\Exe\VacuumMetrProj.out
#        --redirect _Printf=_PrintfFullNoMb --redirect _Scanf=_ScanfFullNoMb
#        --map
#        C:\Users\Harak\Documents\Projects\vacuumMetr\MCU_Proj\VacuumMetrProj\Debug\List\VacuumMetrProj.map
#        --config
#        C:\Users\Harak\Documents\Projects\vacuumMetr\MCU_Proj\VacuumMetrProj\libs\VacuumMetrProj.icf
#        --semihosting --entry __iar_program_start --vfe --text_out locale)
#
###############################################################################

*******************************************************************************
*** RUNTIME MODEL ATTRIBUTES
***

CppFlavor       = *
__SystemLibrary = DLib
__dlib_version  = 6


*******************************************************************************
*** HEAP SELECTION
***

The basic heap was selected because no calls to memory allocation
functions were found in the application outside of system library
functions, and there are calls to deallocation functions in the
application.


*******************************************************************************
*** PLACEMENT SUMMARY
***

"A0":  place at address 0x800'0000 { ro section .intvec };
define block ROM_CONTENT with fixed order { ro section _version, ro };
"P1":  place in [from 0x800'0000 to 0x800'ffff] { block ROM_CONTENT };
define block CSTACK with size = 2K, alignment = 8 { };
define block HEAP with size = 0, alignment = 8 { };
"P2":  place in [from 0x2000'0000 to 0x2000'4fff] {
          rw, block CSTACK, block HEAP };
initialize by copy { rw };
keep { section _version };

  Section              Kind         Address    Size  Object
  -------              ----         -------    ----  ------
"A0":                                          0xec
  .intvec              ro code   0x800'0000    0xec  startup_stm32f103xb.o [1]
                               - 0x800'00ec    0xec

"P1":                                        0x7c91
  ROM_CONTENT                    0x800'00ec  0x7c91  <Block>
    _version           const     0x800'00ec    0x14  build.o [4]
    .rodata            const     0x800'0100     0xc  BoardConfig.o [4]
    .rodata            const     0x800'010c     0xc  BoardConfig.o [4]
    .rodata            const     0x800'0118     0x8  BoardConfig.o [4]
    .rodata            const     0x800'0120    0x10  Buttons_Task.o [6]
    .rodata            const     0x800'0130   0x1e0  DISP_Buff.o [7]
    .rodata            const     0x800'0310    0x30  DISP_Buff.o [7]
    .rodata            const     0x800'0340    0x30  DISP_Buff.o [7]
    .rodata            const     0x800'0370    0x30  DISP_Buff.o [7]
    .rodata            const     0x800'03a0    0x30  DISP_Buff.o [7]
    .rodata            const     0x800'03d0    0x30  DISP_Buff.o [7]
    .rodata            const     0x800'0400    0x30  DISP_Buff.o [7]
    .rodata            const     0x800'0430     0x8  DISP_Buff.o [7]
    .rodata            const     0x800'0438     0x8  DISP_Buff.o [7]
    .rodata            const     0x800'0440     0x4  heap_4.o [3]
    .rodata            const     0x800'0444     0xc  LASTLEVELMENU_Task.o [6]
    .rodata            const     0x800'0450     0xc  LASTLEVELMENU_Task.o [6]
    .rodata            const     0x800'045c    0x10  LASTLEVELMENU_Task.o [6]
    .rodata            const     0x800'046c     0x8  LASTLEVELMENU_Task.o [6]
    .rodata            const     0x800'0474     0x8  LASTLEVELMENU_Task.o [6]
    .rodata            const     0x800'047c     0x8  LASTLEVELMENU_Task.o [6]
    .rodata            const     0x800'0484     0x8  LASTLEVELMENU_Task.o [6]
    .rodata            const     0x800'048c     0x8  LASTLEVELMENU_Task.o [6]
    .rodata            const     0x800'0494     0x8  LASTLEVELMENU_Task.o [6]
    .rodata            const     0x800'049c     0x8  LASTLEVELMENU_Task.o [6]
    .rodata            const     0x800'04a4     0x8  LASTLEVELMENU_Task.o [6]
    .rodata            const     0x800'04ac     0x8  LASTLEVELMENU_Task.o [6]
    .rodata            const     0x800'04b4     0x8  LASTLEVELMENU_Task.o [6]
    .rodata            const     0x800'04bc     0x8  LASTLEVELMENU_Task.o [6]
    .rodata            const     0x800'04c4     0x8  LASTLEVELMENU_Task.o [6]
    .rodata            const     0x800'04cc     0x8  LASTLEVELMENU_Task.o [6]
    .rodata            const     0x800'04d4     0x8  LASTLEVELMENU_Task.o [6]
    .rodata            const     0x800'04dc     0x8  LASTLEVELMENU_Task.o [6]
    .rodata            const     0x800'04e4     0x8  LASTLEVELMENU_Task.o [6]
    .rodata            const     0x800'04ec     0x8  LASTLEVELMENU_Task.o [6]
    .rodata            const     0x800'04f4     0x8  Menu_Task.o [6]
    .rodata            const     0x800'04fc     0xc  Menu_Task.o [6]
    .rodata            const     0x800'0508     0x8  Menu_Task.o [6]
    .rodata            const     0x800'0510     0xc  Menu_Task.o [6]
    .rodata            const     0x800'051c     0xc  Menu_Task.o [6]
    .rodata            const     0x800'0528     0x8  Menu_Task.o [6]
    .rodata            const     0x800'0530     0x8  Menu_Task.o [6]
    .rodata            const     0x800'0538     0x8  Menu_Task.o [6]
    .rodata            const     0x800'0540     0xc  Menu_Task.o [6]
    .rodata            const     0x800'054c     0x8  Menu_Task.o [6]
    .rodata            const     0x800'0554     0x8  METER_Task.o [6]
    .rodata            const     0x800'055c     0x8  METER_Task.o [6]
    .rodata            const     0x800'0564     0x8  SCOPE_Task.o [6]
    .rodata            const     0x800'056c     0x8  SCOPE_Task.o [6]
    .rodata            const     0x800'0574    0x10  Snake.o [5]
    .rodata            const     0x800'0584    0x10  Snake.o [5]
    .rodata            const     0x800'0594     0xc  Snake.o [5]
    .rodata            const     0x800'05a0     0x8  tasks.o [2]
    .rodata            const     0x800'05a8    0x14  Tetris.o [5]
    .rodata            const     0x800'05bc    0x10  Tetris.o [5]
    .rodata            const     0x800'05cc     0xc  Tetris.o [5]
    .text              ro code   0x800'05d8   0x24c  ADC.o [7]
    .text              ro code   0x800'0824   0x434  BoardConfig.o [4]
    .text              ro code   0x800'0c58   0x606  DISP_Buff.o [7]
    .text              ro code   0x800'125e     0xa  xsprout.o [8]
    .text              ro code   0x800'1268   0x57c  lcd5110.o [7]
    .text              ro code   0x800'17e4   0x16c  Buttons.o [7]
    .text              ro code   0x800'1950    0x66  ABImemset.o [10]
    .text              ro code   0x800'19b6    0x3a  packbits_init_single.o [10]
    .text              ro code   0x800'19f0   0x270  Buttons_Task.o [6]
    .text              ro code   0x800'1c60   0x614  queue.o [2]
    .text              ro code   0x800'2274   0xc98  tasks.o [2]
    .text              ro code   0x800'2f0c   0x2c8  heap_4.o [3]
    .text              ro code   0x800'31d4    0xc8  port.o [3]
    .text              ro code   0x800'329c    0x9a  list.o [2]
    .rodata            const     0x800'3336     0x1  Buttons_Task.o [6]
    .rodata            const     0x800'3337     0x1  Buttons_Task.o [6]
    .text              ro code   0x800'3338    0xa6  ABImemcpy.o [10]
    .text              ro code   0x800'33de    0x22  main.o [4]
    .text              ro code   0x800'3400    0x28  port.o [3]
    CODE               ro code   0x800'3428    0x88  portasm.o [3]
    .text              ro code   0x800'34b0   0x784  Menu_Task.o [6]
    .text              ro code   0x800'3c34   0x4b4  METER_Task.o [6]
    .text              ro code   0x800'40e8   0x600  LASTLEVELMENU_Task.o [6]
    .text              ro code   0x800'46e8    0x14  memset.o [10]
    .text              ro code   0x800'46fc   0x158  SCOPE_Task.o [6]
    .text              ro code   0x800'4854   0x32c  Configuration.o [7]
    .text              ro code   0x800'4b80     0x8  abs.o [8]
    .text              ro code   0x800'4b88    0x40  sprintf.o [8]
    .text              ro code   0x800'4bc8    0x1c  U32ToDbl.o [9]
    .text              ro code   0x800'4be4   0x246  DblDiv.o [9]
    .rodata            const     0x800'4e2a     0x1  Buttons_Task.o [6]
    .rodata            const     0x800'4e2b     0x1  Buttons_Task.o [6]
    .text              ro code   0x800'4e2c   0x8f8  Snake.o [5]
    .text              ro code   0x800'5724   0x864  Tetris.o [5]
    .text              ro code   0x800'5f88   0xf12  xprintffull_nomb.o [8]
    .rodata            const     0x800'6e9a     0x1  Buttons_Task.o [6]
    .text              ro code   0x800'6e9c    0x9c  rand.o [8]
    .text              ro code   0x800'6f38    0x16  strchr.o [10]
    .text              ro code   0x800'6f50    0x40  xfail_s.o [8]
    .text              ro code   0x800'6f90    0x36  strlen.o [10]
    .text              ro code   0x800'6fc8    0x58  memchr.o [10]
    .text              ro code   0x800'7020    0x70  frexp.o [9]
    .text              ro code   0x800'7090    0x34  DblCmpLe.o [9]
    .text              ro code   0x800'70c4    0x34  DblCmpGe.o [9]
    .text              ro code   0x800'70f8   0x13a  ldexp.o [9]
    .text              ro code   0x800'7234    0x36  DblToS32.o [9]
    .text              ro code   0x800'726c    0x22  S32ToDbl.o [9]
    .text              ro code   0x800'7290   0x24e  DblAddSub.o [9]
    .text              ro code   0x800'74e0    0x22  DblToU32.o [9]
    .text              ro code   0x800'7504   0x1aa  DblMul.o [9]
    .text              ro code   0x800'76b0   0x230  I64DivMod.o [10]
    .text              ro code   0x800'78e0     0x6  abort.o [8]
    .text              ro code   0x800'78e8     0x2  I64DivZer.o [10]
    .text              ro code   0x800'78ec    0x14  exit.o [11]
    .text              ro code   0x800'7900    0x18  startup_stm32f103xb.o [1]
    .text              ro code   0x800'7918   0x18c  stm32f1xx_it.o [7]
    .text              ro code   0x800'7aa4   0x12c  system_stm32f1xx.o [1]
    .text              ro code   0x800'7bd0    0x1c  cstartup_M.o [10]
    .text              ro code   0x800'7bec    0x1e  cmain.o [10]
    .text              ro code   0x800'7c0a     0x4  low_level_init.o [8]
    .text              ro code   0x800'7c10    0x28  data_init.o [10]
    .text              ro code   0x800'7c38     0x4  exit.o [8]
    .text              ro code   0x800'7c3c     0xa  cexit.o [10]
    .text              ro code   0x800'7c46     0x4  startup_stm32f103xb.o [1]
    .text              ro code   0x800'7c4a     0x4  startup_stm32f103xb.o [1]
    .text              ro code   0x800'7c4e     0x4  startup_stm32f103xb.o [1]
    .text              ro code   0x800'7c52     0x4  startup_stm32f103xb.o [1]
    .text              ro code   0x800'7c56     0x4  startup_stm32f103xb.o [1]
    .text              ro code   0x800'7c5a     0x4  startup_stm32f103xb.o [1]
    .text              ro code   0x800'7c5e     0x4  startup_stm32f103xb.o [1]
    .text              ro code   0x800'7c62     0x4  startup_stm32f103xb.o [1]
    .text              ro code   0x800'7c66     0x4  startup_stm32f103xb.o [1]
    .text              ro code   0x800'7c6a     0x4  startup_stm32f103xb.o [1]
    .text              ro code   0x800'7c6e     0x4  startup_stm32f103xb.o [1]
    .text              ro code   0x800'7c72     0x4  startup_stm32f103xb.o [1]
    .text              ro code   0x800'7c76     0x4  startup_stm32f103xb.o [1]
    .text              ro code   0x800'7c7a     0x4  startup_stm32f103xb.o [1]
    .text              ro code   0x800'7c7e     0x4  startup_stm32f103xb.o [1]
    .text              ro code   0x800'7c82     0x4  startup_stm32f103xb.o [1]
    .text              ro code   0x800'7c86     0x4  startup_stm32f103xb.o [1]
    .text              ro code   0x800'7c8a     0x4  startup_stm32f103xb.o [1]
    .text              ro code   0x800'7c8e     0x4  startup_stm32f103xb.o [1]
    .text              ro code   0x800'7c92     0x4  startup_stm32f103xb.o [1]
    .text              ro code   0x800'7c96     0x4  startup_stm32f103xb.o [1]
    .text              ro code   0x800'7c9a     0x4  startup_stm32f103xb.o [1]
    .text              ro code   0x800'7c9e     0x4  startup_stm32f103xb.o [1]
    .text              ro code   0x800'7ca2     0x4  startup_stm32f103xb.o [1]
    .text              ro code   0x800'7ca6     0x4  startup_stm32f103xb.o [1]
    .text              ro code   0x800'7caa     0x4  startup_stm32f103xb.o [1]
    .text              ro code   0x800'7cae     0x4  startup_stm32f103xb.o [1]
    .text              ro code   0x800'7cb2     0x4  startup_stm32f103xb.o [1]
    .text              ro code   0x800'7cb6     0x4  startup_stm32f103xb.o [1]
    .text              ro code   0x800'7cba     0x4  startup_stm32f103xb.o [1]
    .text              ro code   0x800'7cbe     0x4  startup_stm32f103xb.o [1]
    .text              ro code   0x800'7cc2     0x4  startup_stm32f103xb.o [1]
    .text              ro code   0x800'7cc6     0x4  startup_stm32f103xb.o [1]
    .text              ro code   0x800'7cca     0x4  startup_stm32f103xb.o [1]
    .text              ro code   0x800'7cce     0x4  startup_stm32f103xb.o [1]
    .text              ro code   0x800'7cd2     0x4  startup_stm32f103xb.o [1]
    .text              ro code   0x800'7cd6     0x4  startup_stm32f103xb.o [1]
    .text              ro code   0x800'7cda     0x4  startup_stm32f103xb.o [1]
    .text              ro code   0x800'7cde     0x4  startup_stm32f103xb.o [1]
    .text              ro code   0x800'7ce2     0x4  startup_stm32f103xb.o [1]
    .text              ro code   0x800'7ce6     0x4  startup_stm32f103xb.o [1]
    .text              ro code   0x800'7cea     0x4  startup_stm32f103xb.o [1]
    .text              ro code   0x800'7cee     0x4  startup_stm32f103xb.o [1]
    .text              ro code   0x800'7cf2     0x4  startup_stm32f103xb.o [1]
    .text              ro code   0x800'7cf6     0x4  startup_stm32f103xb.o [1]
    .text              ro code   0x800'7cfa     0x4  startup_stm32f103xb.o [1]
    .text              ro code   0x800'7cfe     0x4  startup_stm32f103xb.o [1]
    .text              ro code   0x800'7d02    0x38  zero_init3.o [10]
    .iar.init_table    const     0x800'7d3c    0x20  - Linker created -
    .rodata            const     0x800'7d5c     0x0  zero_init3.o [10]
    .rodata            const     0x800'7d5c     0x0  packbits_init_single.o [10]
    Initializer bytes  const     0x800'7d5c    0x21  <for P2-1>
                               - 0x800'7d7d  0x7c91

"P2", part 1 of 3:                             0x40
  P2-1                          0x2000'0000    0x40  <Init block>
    .data              inited   0x2000'0000     0x4  Configuration.o [7]
    .data              inited   0x2000'0004     0x4  Menu_Task.o [6]
    .data              inited   0x2000'0008     0x4  Menu_Task.o [6]
    .data              inited   0x2000'000c    0x1c  METER_Task.o [6]
    .data              inited   0x2000'0028     0x4  port.o [3]
    .data              inited   0x2000'002c     0x8  SCOPE_Task.o [6]
    .data              inited   0x2000'0034     0x4  tasks.o [2]
    .data              inited   0x2000'0038     0x8  rand.o [8]
                              - 0x2000'0040    0x40

"P2", part 2 of 3:                           0x3d48
  .bss                 zero     0x2000'0040  0x3800  heap_4.o [3]
  .bss                 zero     0x2000'3840   0x1f8  DISP_Buff.o [7]
  .bss                 zero     0x2000'3a38    0x8c  tasks.o [2]
  .bss                 zero     0x2000'3ac4    0x88  Menu_Task.o [6]
  .bss                 zero     0x2000'3b4c    0x84  rand.o [8]
  .bss                 zero     0x2000'3bd0    0x50  ADC.o [7]
  .bss                 zero     0x2000'3c20    0x20  LASTLEVELMENU_Task.o [6]
  .bss                 zero     0x2000'3c40    0x1c  Buttons_Task.o [6]
  .bss                 zero     0x2000'3c5c    0x14  LASTLEVELMENU_Task.o [6]
  .bss                 zero     0x2000'3c70    0x14  tasks.o [2]
  .bss                 zero     0x2000'3c84    0x14  tasks.o [2]
  .bss                 zero     0x2000'3c98    0x14  tasks.o [2]
  .bss                 zero     0x2000'3cac    0x14  tasks.o [2]
  .bss                 zero     0x2000'3cc0    0x14  tasks.o [2]
  .bss                 zero     0x2000'3cd4     0xc  ADC.o [7]
  .bss                 zero     0x2000'3ce0     0x8  heap_4.o [3]
  .bss                 zero     0x2000'3ce8     0x8  LASTLEVELMENU_Task.o [6]
  .bss                 zero     0x2000'3cf0     0x8  Menu_Task.o [6]
  .bss                 zero     0x2000'3cf8     0x4  Buttons_Task.o [6]
  .bss                 zero     0x2000'3cfc     0x4  Buttons_Task.o [6]
  .bss                 zero     0x2000'3d00     0x4  heap_4.o [3]
  .bss                 zero     0x2000'3d04     0x4  heap_4.o [3]
  .bss                 zero     0x2000'3d08     0x4  heap_4.o [3]
  .bss                 zero     0x2000'3d0c     0x4  heap_4.o [3]
  .bss                 zero     0x2000'3d10     0x4  heap_4.o [3]
  .bss                 zero     0x2000'3d14     0x4  heap_4.o [3]
  .bss                 zero     0x2000'3d18     0x4  LASTLEVELMENU_Task.o [6]
  .bss                 zero     0x2000'3d1c     0x4  LASTLEVELMENU_Task.o [6]
  .bss                 zero     0x2000'3d20     0x4  LASTLEVELMENU_Task.o [6]
  .bss                 zero     0x2000'3d24     0x4  LASTLEVELMENU_Task.o [6]
  .bss                 zero     0x2000'3d28     0x4  Menu_Task.o [6]
  .bss                 zero     0x2000'3d2c     0x4  METER_Task.o [6]
  .bss                 zero     0x2000'3d30     0x4  METER_Task.o [6]
  .bss                 zero     0x2000'3d34     0x4  METER_Task.o [6]
  .bss                 zero     0x2000'3d38     0x4  SCOPE_Task.o [6]
  .bss                 zero     0x2000'3d3c     0x4  SCOPE_Task.o [6]
  .bss                 zero     0x2000'3d40     0x4  SCOPE_Task.o [6]
  .bss                 zero     0x2000'3d44     0x4  tasks.o [2]
  .bss                 zero     0x2000'3d48     0x4  tasks.o [2]
  .bss                 zero     0x2000'3d4c     0x4  tasks.o [2]
  .bss                 zero     0x2000'3d50     0x4  tasks.o [2]
  .bss                 zero     0x2000'3d54     0x4  tasks.o [2]
  .bss                 zero     0x2000'3d58     0x4  tasks.o [2]
  .bss                 zero     0x2000'3d5c     0x4  tasks.o [2]
  .bss                 zero     0x2000'3d60     0x4  tasks.o [2]
  .bss                 zero     0x2000'3d64     0x4  tasks.o [2]
  .bss                 zero     0x2000'3d68     0x4  tasks.o [2]
  .bss                 zero     0x2000'3d6c     0x4  tasks.o [2]
  .bss                 zero     0x2000'3d70     0x4  tasks.o [2]
  .bss                 zero     0x2000'3d74     0x4  tasks.o [2]
  .bss                 zero     0x2000'3d78     0x4  tasks.o [2]
  .bss                 zero     0x2000'3d7c     0x4  tasks.o [2]
  .bss                 zero     0x2000'3d80     0x4  xfail_s.o [8]
  .bss                 zero     0x2000'3d84     0x1  Configuration.o [7]
  .bss                 zero     0x2000'3d85     0x1  LASTLEVELMENU_Task.o [6]
  .bss                 zero     0x2000'3d86     0x1  lcd5110.o [7]
                              - 0x2000'3d87  0x3d47

"P2", part 3 of 3:                            0x800
  CSTACK                        0x2000'3d88   0x800  <Block>
    CSTACK             uninit   0x2000'3d88   0x800  <Block tail>
                              - 0x2000'4588   0x800

Unused ranges:

         From           To    Size
         ----           --    ----
   0x800'7d7d   0x800'ffff  0x8283
  0x2000'4588  0x2000'4fff   0xa78


*******************************************************************************
*** INIT TABLE
***

          Address      Size
          -------      ----
Zero (__iar_zero_init3)
    1 destination range, total size 0x3d47:
          0x2000'0040  0x3d47

Copy/packbits (__iar_packbits_init_single3)
    1 source range, total size 0x21 (51% of destination):
           0x800'7d5c    0x21
    1 destination range, total size 0x40:
          0x2000'0000    0x40



*******************************************************************************
*** MODULE SUMMARY
***

    Module                  ro code  ro data  rw data
    ------                  -------  -------  -------
command line/config:
    -------------------------------------------------
    Total:

C:\Users\Harak\Documents\Projects\vacuumMetr\MCU_Proj\VacuumMetrProj\Debug\Obj\CMSIS: [1]
    startup_stm32f103xb.o       448
    system_stm32f1xx.o          300
    -------------------------------------------------
    Total:                      748

C:\Users\Harak\Documents\Projects\vacuumMetr\MCU_Proj\VacuumMetrProj\Debug\Obj\FreeRTOS: [2]
    list.o                      154
    queue.o                   1'556
    tasks.o                   3'224       10      304
    -------------------------------------------------
    Total:                    4'934       10      304

C:\Users\Harak\Documents\Projects\vacuumMetr\MCU_Proj\VacuumMetrProj\Debug\Obj\FreeRTOS\portable: [3]
    heap_4.o                    712        4   14'368
    port.o                      240        2        4
    portasm.o                   136
    -------------------------------------------------
    Total:                    1'088        6   14'372

C:\Users\Harak\Documents\Projects\vacuumMetr\MCU_Proj\VacuumMetrProj\Debug\Obj\User: [4]
    BoardConfig.o             1'076       32
    build.o                               20
    main.o                       34
    -------------------------------------------------
    Total:                    1'110       52

C:\Users\Harak\Documents\Projects\vacuumMetr\MCU_Proj\VacuumMetrProj\Debug\Obj\User\Games: [5]
    Snake.o                   2'296       44
    Tetris.o                  2'148       48
    -------------------------------------------------
    Total:                    4'444       92

C:\Users\Harak\Documents\Projects\vacuumMetr\MCU_Proj\VacuumMetrProj\Debug\Obj\User\Tasks: [6]
    Buttons_Task.o              624       21       36
    LASTLEVELMENU_Task.o      1'536      176       77
    METER_Task.o              1'204       30       40
    Menu_Task.o               1'924      100      156
    SCOPE_Task.o                344       20       20
    -------------------------------------------------
    Total:                    5'632      347      329

C:\Users\Harak\Documents\Projects\vacuumMetr\MCU_Proj\VacuumMetrProj\Debug\Obj\User\libs: [7]
    ADC.o                       588                92
    Buttons.o                   364
    Configuration.o             812        2        5
    DISP_Buff.o               1'542      784      504
    lcd5110.o                 1'404                 1
    stm32f1xx_it.o              396
    -------------------------------------------------
    Total:                    5'106      786      602

dl7M_tln.a: [8]
    abort.o                       6
    abs.o                         8
    exit.o                        4
    low_level_init.o              4
    rand.o                      156        5      140
    sprintf.o                    64
    xfail_s.o                    64                 4
    xprintffull_nomb.o        3'858
    xsprout.o                    10
    -------------------------------------------------
    Total:                    4'174        5      144

m7M_tl.a: [9]
    DblAddSub.o                 590
    DblCmpGe.o                   52
    DblCmpLe.o                   52
    DblDiv.o                    582
    DblMul.o                    426
    DblToS32.o                   54
    DblToU32.o                   34
    S32ToDbl.o                   34
    U32ToDbl.o                   28
    frexp.o                     112
    ldexp.o                     314
    -------------------------------------------------
    Total:                    2'278

rt7M_tl.a: [10]
    ABImemcpy.o                 166
    ABImemset.o                 102
    I64DivMod.o                 560
    I64DivZer.o                   2
    cexit.o                      10
    cmain.o                      30
    cstartup_M.o                 28
    data_init.o                  40
    memchr.o                     88
    memset.o                     20
    packbits_init_single.o       58
    strchr.o                     22
    strlen.o                     54
    zero_init3.o                 56
    -------------------------------------------------
    Total:                    1'236

shb_l.a: [11]
    exit.o                       20
    -------------------------------------------------
    Total:                       20

    Gaps                         23        2
    Linker created                        32    2'048
-----------------------------------------------------
    Grand Total:             30'793    1'332   17'799


*******************************************************************************
*** ENTRY LIST
***

Entry                       Address    Size  Type      Object
-----                       -------    ----  ----      ------
.iar.init_table$$Base    0x800'7d3c           --   Gb  - Linker created -
.iar.init_table$$Limit   0x800'7d5c           --   Gb  - Linker created -
?main                    0x800'7bed          Code  Gb  cmain.o [10]
ADC1Init                 0x800'05ef   0x11e  Code  Gb  ADC.o [7]
ADCBuff                 0x2000'3bd0    0x50  Data  Gb  ADC.o [7]
ADCTIMinit               0x800'074b    0x78  Code  Gb  ADC.o [7]
ASCII                    0x800'0130   0x1e0  Data  Gb  DISP_Buff.o [7]
A_symb                   0x800'0340    0x30  Data  Gb  DISP_Buff.o [7]
ArrowDOWN                0x800'0438     0x8  Data  Gb  DISP_Buff.o [7]
ArrowUP                  0x800'0430     0x8  Data  Gb  DISP_Buff.o [7]
ButtCreate               0x800'34b1    0x40  Code  Gb  Menu_Task.o [6]
Buttons_Task_init        0x800'19f1    0x48  Code  Gb  Buttons_Task.o [6]
CSTACK$$Base            0x2000'3d88           --   Gb  - Linker created -
CSTACK$$Limit           0x2000'4588           --   Gb  - Linker created -
Config                  0x2000'0000     0x4  Data  Gb  Configuration.o [7]
DISP_Clear               0x800'1483    0x2e  Code  Gb  lcd5110.o [7]
DISP_Clear_DMA           0x800'14b1    0x7e  Code  Gb  lcd5110.o [7]
DISP_Clear_DMA::zero    0x2000'3d86     0x1  Data  Lc  lcd5110.o [7]
DISP_Init                0x800'1281    0x7c  Code  Gb  lcd5110.o [7]
DISP_Send_DMA            0x800'139d    0xa2  Code  Gb  lcd5110.o [7]
DISP_SetPos              0x800'152f    0x20  Code  Gb  lcd5110.o [7]
DISP_Update              0x800'0c59     0xc  Code  Gb  DISP_Buff.o [7]
DISP_command             0x800'12fd    0x4e  Code  Gb  lcd5110.o [7]
DISP_data                0x800'134b    0x52  Code  Gb  lcd5110.o [7]
DISP_setBias             0x800'1461    0x22  Code  Gb  lcd5110.o [7]
DISP_setContrast         0x800'143f    0x22  Code  Gb  lcd5110.o [7]
DMA1_Channel3_IRQHandler
                         0x800'7919    0x2a  Code  Gb  stm32f1xx_it.o [7]
DMA_ADCInit              0x800'070d    0x3e  Code  Gb  ADC.o [7]
FILT                    0x2000'000c    0x1c  Data  Gb  METER_Task.o [6]
GetButtons               0x800'17e5    0x58  Code  Gb  Buttons.o [7]
H_symb                   0x800'0310    0x30  Data  Gb  DISP_Buff.o [7]
I_symb                   0x800'03d0    0x30  Data  Gb  DISP_Buff.o [7]
K_symb                   0x800'03a0    0x30  Data  Gb  DISP_Buff.o [7]
LASTLEVELMENU_Task_init
                         0x800'416f    0x2a  Code  Gb  LASTLEVELMENU_Task.o [6]
METER_Task_Deinit        0x800'3cbb    0xb4  Code  Gb  METER_Task.o [6]
METER_Task_init          0x800'3c5f    0x5c  Code  Gb  METER_Task.o [6]
Menu_Task_init           0x800'3619    0x24  Code  Gb  Menu_Task.o [6]
NVIC_EnableIRQ           0x800'05d9    0x16  Code  Lc  ADC.o [7]
NVIC_EnableIRQ           0x800'1269    0x18  Code  Lc  lcd5110.o [7]
PendSV_Handler           0x800'3429          Code  Gb  portasm.o [3]
ROM_CONTENT$$Base        0x800'00ec           --   Gb  - Linker created -
ROM_CONTENT$$Limit       0x800'7d7d           --   Gb  - Linker created -
R_symb                   0x800'0370    0x30  Data  Gb  DISP_Buff.o [7]
ReadVoltageOnMainBatt    0x800'0aaf    0xe0  Code  Gb  BoardConfig.o [4]
Region$$Table$$Base      0x800'7d3c           --   Gb  - Linker created -
Region$$Table$$Limit     0x800'7d5c           --   Gb  - Linker created -
SCOPE                   0x2000'002c     0x8  Data  Gb  SCOPE_Task.o [6]
SCOPE_Task_Deinit        0x800'474d    0x4e  Code  Gb  SCOPE_Task.o [6]
SCOPE_Task_init          0x800'46fd    0x50  Code  Gb  SCOPE_Task.o [6]
SPI2Init                 0x800'1605    0x16  Code  Gb  lcd5110.o [7]
SVC_Handler              0x800'346f          Code  Gb  portasm.o [3]
SaveBright               0x800'48f3    0xaa  Code  Gb  Configuration.o [7]
SaveCongig               0x800'4855    0x9e  Code  Gb  Configuration.o [7]
SensorVoltageStruct     0x2000'3cd4     0xc  Data  Gb  ADC.o [7]
Snake_DeInit             0x800'4f0f    0x22  Code  Gb  Snake.o [5]
Snake_Draw               0x800'50e7   0x4ca  Code  Gb  Snake.o [5]
Snake_Init               0x800'4e2d    0xe2  Code  Gb  Snake.o [5]
Snake_Move               0x800'4f31   0x1b6  Code  Gb  Snake.o [5]
StandByCheck             0x800'0b8f    0x4e  Code  Gb  BoardConfig.o [4]
Stats                   0x2000'3c40    0x1c  Data  Gb  Buttons_Task.o [6]
SysTick_Handler          0x800'3265    0x28  Code  Gb  port.o [3]
SystemInit               0x800'7aa5   0x106  Code  Gb  system_stm32f1xx.o [1]
TIM4_IRQHandler          0x800'7943   0x142  Code  Gb  stm32f1xx_it.o [7]
TetrisShiftLeft          0x800'5e95    0x34  Code  Gb  Tetris.o [5]
TetrisShiftRight         0x800'5ec9    0x34  Code  Gb  Tetris.o [5]
Tetris_DeInit            0x800'58f3     0xc  Code  Gb  Tetris.o [5]
Tetris_Draw              0x800'595d   0x26e  Code  Gb  Tetris.o [5]
Tetris_Move              0x800'5bcb   0x1ac  Code  Gb  Tetris.o [5]
VBUF                    0x2000'3840   0x1f8  Data  Gb  DISP_Buff.o [7]
VBUF_Clear               0x800'0c65    0x18  Code  Gb  DISP_Buff.o [7]
VBUF_Draw_Image          0x800'0f1b   0x16e  Code  Gb  DISP_Buff.o [7]
VBUF_Draw_Line           0x800'0c7d    0xc6  Code  Gb  DISP_Buff.o [7]
VBUF_Draw_Pixel          0x800'0d43    0x9e  Code  Gb  DISP_Buff.o [7]
VBUF_Invert_Line         0x800'0de1   0x13a  Code  Gb  DISP_Buff.o [7]
VBUF_Write_Char          0x800'1089   0x172  Code  Gb  DISP_Buff.o [7]
VBUF_Write_String        0x800'1205    0x24  Code  Gb  DISP_Buff.o [7]
VBUF_Write_String_Right
                         0x800'1229    0x36  Code  Gb  DISP_Buff.o [7]
V_symb                   0x800'0400    0x30  Data  Gb  DISP_Buff.o [7]
_LitobFullNoMb           0x800'6ca1   0x10c  Code  Lc  xprintffull_nomb.o [8]
_PrintfFullNoMb          0x800'5f89   0xcea  Code  Gb  xprintffull_nomb.o [8]
_PutcharFullNoMb         0x800'6e05    0x20  Code  Lc  xprintffull_nomb.o [8]
_PutcharsFullNoMb        0x800'6e25    0x2e  Code  Lc  xprintffull_nomb.o [8]
_Rand_idx               0x2000'3bcc     0x4  Data  Lc  rand.o [8]
_Rand_rv                0x2000'3b4c    0x80  Data  Lc  rand.o [8]
_Randinit               0x2000'0038     0x1  Data  Gb  rand.o [8]
_Randseed               0x2000'003c     0x4  Data  Gb  rand.o [8]
_SProut                  0x800'125f     0xa  Code  Gb  xsprout.o [8]
__aeabi_cdcmple          0x800'7091          Code  Gb  DblCmpLe.o [9]
__aeabi_cdrcmple         0x800'70c5          Code  Gb  DblCmpGe.o [9]
__aeabi_d2iz             0x800'7235          Code  Gb  DblToS32.o [9]
__aeabi_d2uiz            0x800'74e1          Code  Gb  DblToU32.o [9]
__aeabi_ddiv             0x800'4be5          Code  Gb  DblDiv.o [9]
__aeabi_dmul             0x800'7505          Code  Gb  DblMul.o [9]
__aeabi_dsub             0x800'73fd          Code  Gb  DblAddSub.o [9]
__aeabi_i2d              0x800'726d          Code  Gb  S32ToDbl.o [9]
__aeabi_ldiv0            0x800'78e9          Code  Gb  I64DivZer.o [10]
__aeabi_memcpy           0x800'3339          Code  Gb  ABImemcpy.o [10]
__aeabi_memcpy4          0x800'3359          Code  Gb  ABImemcpy.o [10]
__aeabi_memcpy8          0x800'3359          Code  Gb  ABImemcpy.o [10]
__aeabi_memset           0x800'1951          Code  Gb  ABImemset.o [10]
__aeabi_ui2d             0x800'4bc9          Code  Gb  U32ToDbl.o [9]
__aeabi_uldivmod         0x800'76b1          Code  Gb  I64DivMod.o [10]
__cmain                  0x800'7bed          Code  Gb  cmain.o [10]
__exit                   0x800'78ed    0x14  Code  Gb  exit.o [11]
__iar_Fail_s             0x800'6f51    0x1c  Code  Gb  xfail_s.o [8]
__iar_Memchr             0x800'6fc9          Code  Gb  memchr.o [10]
__iar_Memset             0x800'1951          Code  Gb  ABImemset.o [10]
__iar_Memset_word        0x800'1959          Code  Gb  ABImemset.o [10]
__iar_Strchr             0x800'6f39          Code  Gb  strchr.o [10]
__iar_data_init3         0x800'7c11    0x28  Code  Gb  data_init.o [10]
__iar_frexp              0x800'702d          Code  Gb  frexp.o [9]
__iar_frexp64            0x800'7021          Code  Gb  frexp.o [9]
__iar_frexpl             0x800'702d          Code  Gb  frexp.o [9]
__iar_ldexp64            0x800'70f9          Code  Gb  ldexp.o [9]
__iar_packbits_init_single3
                         0x800'19b7    0x3a  Code  Gb  packbits_init_single.o [10]
__iar_program_start      0x800'7bd1          Code  Gb  cstartup_M.o [10]
__iar_scalbln64          0x800'70f9          Code  Gb  ldexp.o [9]
__iar_scalbn64           0x800'70f9          Code  Gb  ldexp.o [9]
__iar_zero_init3         0x800'7d03    0x38  Code  Gb  zero_init3.o [10]
__low_level_init         0x800'7c0b     0x4  Code  Gb  low_level_init.o [8]
__vector_table           0x800'0000          Data  Gb  startup_stm32f103xb.o [1]
_call_main               0x800'7bf9          Code  Gb  cmain.o [10]
_exit                    0x800'7c3d          Code  Gb  cexit.o [10]
abort                    0x800'78e1     0x6  Code  Gb  abort.o [8]
abs                      0x800'4b81     0x8  Code  Gb  abs.o [8]
ampfCalibrate            0x800'4a53   0x104  Code  Gb  Configuration.o [7]
biasCalibrate            0x800'499d    0xb6  Code  Gb  Configuration.o [7]
bltInit                  0x800'161b   0x158  Code  Gb  lcd5110.o [7]
btnArray                0x2000'3ac4    0x88  Data  Gb  Menu_Task.o [6]
build                    0x800'00ec    0x14  Data  Gb  build.o [4]
calibBtnArray           0x2000'3c20    0x20  Data  Gb  LASTLEVELMENU_Task.o [6]
disp_LOGO                0x800'0825   0x18a  Code  Gb  BoardConfig.o [4]
enablePWRDisp            0x800'0a07    0x54  Code  Gb  BoardConfig.o [4]
enableVoltMeas           0x800'0a5b    0x54  Code  Gb  BoardConfig.o [4]
enterStandBy             0x800'09c7    0x40  Code  Gb  BoardConfig.o [4]
exit                     0x800'7c39     0x4  Code  Gb  exit.o [8]
filtAverage              0x800'3c35    0x2a  Code  Gb  METER_Task.o [6]
flagCalib               0x2000'3d84     0x1  Data  Gb  Configuration.o [7]
frexp                    0x800'7021          Code  Gb  frexp.o [9]
frexpl                   0x800'7021          Code  Gb  frexp.o [9]
gen_I_Block              0x800'5725    0x42  Code  Gb  Tetris.o [5]
gen_J_Block              0x800'5767    0x42  Code  Gb  Tetris.o [5]
gen_L_Block              0x800'57a9    0x42  Code  Gb  Tetris.o [5]
gen_O_Block              0x800'57eb    0x42  Code  Gb  Tetris.o [5]
gen_S_Block              0x800'582d    0x42  Code  Gb  Tetris.o [5]
gen_T_Block              0x800'586f    0x42  Code  Gb  Tetris.o [5]
gen_Z_Block              0x800'58b1    0x42  Code  Gb  Tetris.o [5]
gpioInit                 0x800'154f    0xb6  Code  Gb  lcd5110.o [7]
initAll                  0x800'09af    0x18  Code  Gb  BoardConfig.o [4]
initButt                 0x800'183d    0xfe  Code  Gb  Buttons.o [7]
invertLastLevelCurrentButton
                         0x800'40e9    0x54  Code  Gb  LASTLEVELMENU_Task.o [6]
invertMenuCurrentButton
                         0x800'34f1    0x5c  Code  Gb  Menu_Task.o [6]
lastlevelButtArrayInit   0x800'413d    0x32  Code  Gb  LASTLEVELMENU_Task.o [6]
ldexp                    0x800'70f9          Code  Gb  ldexp.o [9]
ldexpl                   0x800'70f9          Code  Gb  ldexp.o [9]
main                     0x800'33df    0x1e  Code  Gb  main.o [4]
memchr                   0x800'6fc9          Code  Gb  memchr.o [10]
memset                   0x800'46e9    0x14  Code  Gb  memset.o [10]
menuButtArrayInit        0x800'354d    0xcc  Code  Gb  Menu_Task.o [6]
menuStruct              0x2000'3cf0     0x8  Data  Gb  Menu_Task.o [6]
menuVBUFDraw             0x800'3b15    0xa0  Code  Gb  Menu_Task.o [6]
prvAddCurrentTaskToDelayedList
                         0x800'2e55    0x7e  Code  Lc  tasks.o [2]
prvAddNewTaskToReadyList
                         0x800'23cd    0xc2  Code  Lc  tasks.o [2]
prvCheckTasksWaitingTermination
                         0x800'2b87    0x4a  Code  Lc  tasks.o [2]
prvCopyDataFromQueue     0x800'2193    0x36  Code  Lc  queue.o [2]
prvCopyDataToQueue       0x800'20f7    0x9c  Code  Lc  queue.o [2]
prvDeleteTCB             0x800'2be1    0x12  Code  Lc  tasks.o [2]
prvGetDisinheritPriorityAfterTimeout
                         0x800'20e1    0x16  Code  Lc  queue.o [2]
prvHeapInit              0x800'3077    0x6a  Code  Lc  heap_4.o [3]
prvIdleTask              0x800'2afd    0x2a  Code  Lc  tasks.o [2]
prvInitialiseNewQueue    0x800'1d1d    0x36  Code  Lc  queue.o [2]
prvInitialiseNewTask     0x800'22e1    0xec  Code  Lc  tasks.o [2]
prvInitialiseTaskLists   0x800'2b31    0x56  Code  Lc  tasks.o [2]
prvInsertBlockIntoFreeList
                         0x800'30e1    0x60  Code  Lc  heap_4.o [3]
prvIsQueueEmpty          0x800'223b    0x1c  Code  Lc  queue.o [2]
prvIsQueueFull           0x800'2257    0x1e  Code  Lc  queue.o [2]
prvResetNextTaskUnblockTime
                         0x800'2bf3    0x26  Code  Lc  tasks.o [2]
prvTaskExitError         0x800'31f5    0x10  Code  Lc  port.o [3]
prvTaskIsTaskSuspended   0x800'2669    0x2a  Code  Lc  tasks.o [2]
prvUnlockQueue           0x800'21c9    0x72  Code  Lc  queue.o [2]
pvPortMalloc             0x800'2f0d   0x116  Code  Gb  heap_4.o [3]
pvTaskIncrementMutexHeldCount
                         0x800'2e0b    0x1e  Code  Gb  tasks.o [2]
pxCurrentTCB            0x2000'3d44     0x4  Data  Gb  tasks.o [2]
pxDelayedTaskList       0x2000'3d48     0x4  Data  Lc  tasks.o [2]
pxEnd                   0x2000'3d00     0x4  Data  Lc  heap_4.o [3]
pxOverflowDelayedTaskList
                        0x2000'3d4c     0x4  Data  Lc  tasks.o [2]
pxPortInitialiseStack    0x800'31d5    0x20  Code  Gb  port.o [3]
pxReadyTasksLists       0x2000'3a38    0x8c  Data  Lc  tasks.o [2]
rand                     0x800'6e9d    0x8a  Code  Gb  rand.o [8]
scalbln                  0x800'70f9          Code  Gb  ldexp.o [9]
scalblnl                 0x800'70f9          Code  Gb  ldexp.o [9]
scalbn                   0x800'70f9          Code  Gb  ldexp.o [9]
scalbnl                  0x800'70f9          Code  Gb  ldexp.o [9]
scale                    0x800'6dad    0x46  Code  Lc  xprintffull_nomb.o [8]
sec_hand                0x2000'3d80     0x4  Data  Lc  xfail_s.o [8]
sprintf                  0x800'4b89    0x40  Code  Gb  sprintf.o [8]
strchr                   0x800'6f39          Code  Gb  strchr.o [10]
strlen                   0x800'6f91          Code  Gb  strlen.o [10]
tempConfig              0x2000'3c5c    0x14  Data  Gb  LASTLEVELMENU_Task.o [6]
ucHeap                  0x2000'0040  0x3800  Data  Lc  heap_4.o [3]
uxCriticalNesting       0x2000'0028     0x4  Data  Lc  port.o [3]
uxCurrentNumberOfTasks  0x2000'3d54     0x4  Data  Lc  tasks.o [2]
uxDeletedTasksWaitingCleanUp
                        0x2000'3d50     0x4  Data  Lc  tasks.o [2]
uxListRemove             0x800'330f    0x28  Code  Gb  list.o [2]
uxSchedulerSuspended    0x2000'3d7c     0x4  Data  Lc  tasks.o [2]
uxTaskNumber            0x2000'3d70     0x4  Data  Lc  tasks.o [2]
uxTopReadyPriority      0x2000'3d5c     0x4  Data  Lc  tasks.o [2]
uxTopUsedPriority       0x2000'0034     0x4  Data  Gb  tasks.o [2]
vACCUM_Task              0x800'47e9    0x50  Code  Gb  SCOPE_Task.o [6]
vApplicationIdleHook     0x800'33fd     0x2  Code  Gb  main.o [4]
vApplicationTickHook     0x800'33ff     0x2  Code  Gb  main.o [4]
vBUTTONSCheck_Task       0x800'1a39   0x1f2  Code  Gb  Buttons_Task.o [6]
vBUTTONSCheck_Task::DOWN_BTN
                         0x800'4e2a     0x1  Data  Lc  Buttons_Task.o [6]
vBUTTONSCheck_Task::ENTER_BTN
                         0x800'3337     0x1  Data  Lc  Buttons_Task.o [6]
vBUTTONSCheck_Task::LEFT_BTN
                         0x800'4e2b     0x1  Data  Lc  Buttons_Task.o [6]
vBUTTONSCheck_Task::RIGHT_BTN
                         0x800'6e9a     0x1  Data  Lc  Buttons_Task.o [6]
vBUTTONSCheck_Task::UP_BTN
                         0x800'3336     0x1  Data  Lc  Buttons_Task.o [6]
vBtnSnake_Task           0x800'565d    0xa0  Code  Gb  Snake.o [5]
vBtnTetris_Task          0x800'5efd    0x66  Code  Gb  Tetris.o [5]
vDrawSnake_Task          0x800'5605    0x56  Code  Gb  Snake.o [5]
vDrawTetris_Task         0x800'5d79   0x11c  Code  Gb  Tetris.o [5]
vFILTER_Task             0x800'3fe9    0xde  Code  Gb  METER_Task.o [6]
vLASTLEVELMENU_Task      0x800'4199   0x49c  Code  Gb  LASTLEVELMENU_Task.o [6]
vLASTLEVELMENU_Task{3}{4}{5}{6}{8}::averVolt
                        0x2000'3d24     0x4  Data  Lc  LASTLEVELMENU_Task.o [6]
vLASTLEVELMENU_Task{3}{4}{5}{6}{8}::battVolt
                        0x2000'3ce8     0x8  Data  Lc  LASTLEVELMENU_Task.o [6]
vLASTLEVELMENU_Task{3}{4}{5}{6}{8}::countReads
                        0x2000'3d85     0x1  Data  Lc  LASTLEVELMENU_Task.o [6]
vListInitialise          0x800'329d    0x1e  Code  Gb  list.o [2]
vListInitialiseItem      0x800'32bb     0x6  Code  Gb  list.o [2]
vListInsert              0x800'32d9    0x36  Code  Gb  list.o [2]
vListInsertEnd           0x800'32c1    0x18  Code  Gb  list.o [2]
vMENU_Task               0x800'363d   0x4d8  Code  Gb  Menu_Task.o [6]
vMETER_Task              0x800'3d71   0x276  Code  Gb  METER_Task.o [6]
vPortEnterCritical       0x800'3231    0x1a  Code  Gb  port.o [3]
vPortExitCritical        0x800'324b    0x1a  Code  Gb  port.o [3]
vPortFree                0x800'3023    0x54  Code  Gb  heap_4.o [3]
vPortGetHeapStats        0x800'3141    0x6e  Code  Gb  heap_4.o [3]
vPortSetupTimerInterrupt
                         0x800'3401    0x28  Code  Gb  port.o [3]
vPortStartFirstTask      0x800'348f          Code  Gb  portasm.o [3]
vSCOPE_Task              0x800'479d    0x4c  Code  Gb  SCOPE_Task.o [6]
vSnake_Start             0x800'55b1    0x54  Code  Gb  Snake.o [5]
vTaskDelay               0x800'2557    0x34  Code  Gb  tasks.o [2]
vTaskDelete              0x800'248f    0xc8  Code  Gb  tasks.o [2]
vTaskInternalSetTimeOutState
                         0x800'2a61    0x12  Code  Gb  tasks.o [2]
vTaskMissedYield         0x800'2af3     0xa  Code  Gb  tasks.o [2]
vTaskPlaceOnEventList    0x800'29d1    0x20  Code  Gb  tasks.o [2]
vTaskPriorityDisinheritAfterTimeout
                         0x800'2d55    0xb6  Code  Gb  tasks.o [2]
vTaskResume              0x800'2693    0x76  Code  Gb  tasks.o [2]
vTaskStartScheduler      0x800'2709    0x56  Code  Gb  tasks.o [2]
vTaskSuspend             0x800'258b    0xde  Code  Gb  tasks.o [2]
vTaskSuspendAll          0x800'275f    0x10  Code  Gb  tasks.o [2]
vTaskSwitchContext       0x800'297f    0x52  Code  Gb  tasks.o [2]
vTetris_Start            0x800'58ff    0x5e  Code  Gb  Tetris.o [5]
xAccumDone              0x2000'3d40     0x4  Data  Gb  SCOPE_Task.o [6]
xAccumHandle            0x2000'3d3c     0x4  Data  Gb  SCOPE_Task.o [6]
xBlockAllocatedBit      0x2000'3d14     0x4  Data  Lc  heap_4.o [3]
xBtnPosArr              0x2000'0008     0x4  Data  Gb  Menu_Task.o [6]
xBtnPresQueue           0x2000'3cfc     0x4  Data  Gb  Buttons_Task.o [6]
xBtnPresSem             0x2000'3cf8     0x4  Data  Gb  Buttons_Task.o [6]
xDelayedTaskList1       0x2000'3c70    0x14  Data  Lc  tasks.o [2]
xDelayedTaskList2       0x2000'3c84    0x14  Data  Lc  tasks.o [2]
xFilterDone             0x2000'3d2c     0x4  Data  Gb  METER_Task.o [6]
xFilterHandle           0x2000'3d34     0x4  Data  Gb  METER_Task.o [6]
xFreeBytesRemaining     0x2000'3d04     0x4  Data  Lc  heap_4.o [3]
xGameBtnHandle          0x2000'3d20     0x4  Data  Gb  LASTLEVELMENU_Task.o [6]
xGameDrawHandle         0x2000'3d1c     0x4  Data  Gb  LASTLEVELMENU_Task.o [6]
xHeapStructSize          0x800'0440     0x4  Data  Lc  heap_4.o [3]
xIdleTaskHandle         0x2000'3d78     0x4  Data  Lc  tasks.o [2]
xLASTLEVELMENUHandle    0x2000'3d18     0x4  Data  Gb  LASTLEVELMENU_Task.o [6]
xMenuHandle             0x2000'3d28     0x4  Data  Gb  Menu_Task.o [6]
xMeterHandle            0x2000'3d30     0x4  Data  Gb  METER_Task.o [6]
xMinimumEverFreeBytesRemaining
                        0x2000'3d08     0x4  Data  Lc  heap_4.o [3]
xNextTaskUnblockTime    0x2000'3d74     0x4  Data  Lc  tasks.o [2]
xNumOfOverflows         0x2000'3d6c     0x4  Data  Lc  tasks.o [2]
xNumberOfSuccessfulAllocations
                        0x2000'3d0c     0x4  Data  Lc  heap_4.o [3]
xNumberOfSuccessfulFrees
                        0x2000'3d10     0x4  Data  Lc  heap_4.o [3]
xPendedTicks            0x2000'3d64     0x4  Data  Lc  tasks.o [2]
xPendingReadyList       0x2000'3c98    0x14  Data  Lc  tasks.o [2]
xPortStartScheduler      0x800'3205    0x2c  Code  Gb  port.o [3]
xQueueCreateCountingSemaphore
                         0x800'1d53    0x18  Code  Gb  queue.o [2]
xQueueGenericCreate      0x800'1ce5    0x38  Code  Gb  queue.o [2]
xQueueGenericReset       0x800'1c61    0x84  Code  Gb  queue.o [2]
xQueueGenericSend        0x800'1d6b   0x120  Code  Gb  queue.o [2]
xQueueReceive            0x800'1e8b   0x108  Code  Gb  queue.o [2]
xQueueSemaphoreTake      0x800'1f93   0x14a  Code  Gb  queue.o [2]
xSchedulerRunning       0x2000'3d60     0x4  Data  Lc  tasks.o [2]
xScopeHandle            0x2000'3d38     0x4  Data  Gb  SCOPE_Task.o [6]
xStart                  0x2000'3ce0     0x8  Data  Lc  heap_4.o [3]
xSuspendedTaskList      0x2000'3cc0    0x14  Data  Lc  tasks.o [2]
xTaskCheckForTimeOut     0x800'2a89    0x6a  Code  Gb  tasks.o [2]
xTaskCreate              0x800'2275    0x6c  Code  Gb  tasks.o [2]
xTaskGetTickCount        0x800'2855     0x8  Code  Gb  tasks.o [2]
xTaskIncrementTick       0x800'285d   0x122  Code  Gb  tasks.o [2]
xTaskPriorityDisinherit
                         0x800'2cd3    0x7a  Code  Gb  tasks.o [2]
xTaskPriorityInherit     0x800'2c19    0xba  Code  Gb  tasks.o [2]
xTaskRemoveFromEventList
                         0x800'29f1    0x6c  Code  Gb  tasks.o [2]
xTaskResumeAll           0x800'276f    0xe6  Code  Gb  tasks.o [2]
xTasksWaitingTermination
                        0x2000'3cac    0x14  Data  Lc  tasks.o [2]
xTickCount              0x2000'3d58     0x4  Data  Lc  tasks.o [2]
xYieldPending           0x2000'3d68     0x4  Data  Lc  tasks.o [2]
yBtnPosArr              0x2000'0004     0x4  Data  Gb  Menu_Task.o [6]


[1] = C:\Users\Harak\Documents\Projects\vacuumMetr\MCU_Proj\VacuumMetrProj\Debug\Obj\CMSIS
[2] = C:\Users\Harak\Documents\Projects\vacuumMetr\MCU_Proj\VacuumMetrProj\Debug\Obj\FreeRTOS
[3] = C:\Users\Harak\Documents\Projects\vacuumMetr\MCU_Proj\VacuumMetrProj\Debug\Obj\FreeRTOS\portable
[4] = C:\Users\Harak\Documents\Projects\vacuumMetr\MCU_Proj\VacuumMetrProj\Debug\Obj\User
[5] = C:\Users\Harak\Documents\Projects\vacuumMetr\MCU_Proj\VacuumMetrProj\Debug\Obj\User\Games
[6] = C:\Users\Harak\Documents\Projects\vacuumMetr\MCU_Proj\VacuumMetrProj\Debug\Obj\User\Tasks
[7] = C:\Users\Harak\Documents\Projects\vacuumMetr\MCU_Proj\VacuumMetrProj\Debug\Obj\User\libs
[8] = dl7M_tln.a
[9] = m7M_tl.a
[10] = rt7M_tl.a
[11] = shb_l.a

  30'793 bytes of readonly  code memory
   1'332 bytes of readonly  data memory
  17'799 bytes of readwrite data memory

Errors: none
Warnings: none
