###############################################################################
#
# IAR ELF Linker V9.10.2.313/W64 for ARM                  22/Nov/2021  21:52:24
# Copyright 2007-2021 IAR Systems AB.
#
#    Output file  =
#        C:\Users\Harak\Documents\Projects\vacuumMetr\MCU_Proj\VacuumMetrProj\Debug\Exe\VacuumMetrProj.out
#    Map file     =
#        C:\Users\Harak\Documents\Projects\vacuumMetr\MCU_Proj\VacuumMetrProj\Debug\List\VacuumMetrProj.map
#    Command line =
#        -f
#        C:\Users\Harak\Documents\Projects\vacuumMetr\MCU_Proj\VacuumMetrProj\Debug\List\VacuumMetrProj.map.rsp
#        (C:\Users\Harak\Documents\Projects\vacuumMetr\MCU_Proj\VacuumMetrProj\Debug\Obj\User\libs\ADC.o
#        C:\Users\Harak\Documents\Projects\vacuumMetr\MCU_Proj\VacuumMetrProj\Debug\Obj\User\BoardConfig.o
#        C:\Users\Harak\Documents\Projects\vacuumMetr\MCU_Proj\VacuumMetrProj\Debug\Obj\User\build.o
#        C:\Users\Harak\Documents\Projects\vacuumMetr\MCU_Proj\VacuumMetrProj\Debug\Obj\User\libs\Buttons.o
#        C:\Users\Harak\Documents\Projects\vacuumMetr\MCU_Proj\VacuumMetrProj\Debug\Obj\User\Tasks\Buttons_Task.o
#        C:\Users\Harak\Documents\Projects\vacuumMetr\MCU_Proj\VacuumMetrProj\Debug\Obj\User\libs\Configuration.o
#        C:\Users\Harak\Documents\Projects\vacuumMetr\MCU_Proj\VacuumMetrProj\Debug\Obj\FreeRTOS\croutine.o
#        C:\Users\Harak\Documents\Projects\vacuumMetr\MCU_Proj\VacuumMetrProj\Debug\Obj\User\libs\DISP_Buff.o
#        C:\Users\Harak\Documents\Projects\vacuumMetr\MCU_Proj\VacuumMetrProj\Debug\Obj\FreeRTOS\portable\heap_4.o
#        C:\Users\Harak\Documents\Projects\vacuumMetr\MCU_Proj\VacuumMetrProj\Debug\Obj\User\Tasks\LASTLEVELMENU_Task.o
#        C:\Users\Harak\Documents\Projects\vacuumMetr\MCU_Proj\VacuumMetrProj\Debug\Obj\User\libs\lcd5110.o
#        C:\Users\Harak\Documents\Projects\vacuumMetr\MCU_Proj\VacuumMetrProj\Debug\Obj\FreeRTOS\list.o
#        C:\Users\Harak\Documents\Projects\vacuumMetr\MCU_Proj\VacuumMetrProj\Debug\Obj\User\main.o
#        C:\Users\Harak\Documents\Projects\vacuumMetr\MCU_Proj\VacuumMetrProj\Debug\Obj\User\Tasks\Menu_Task.o
#        C:\Users\Harak\Documents\Projects\vacuumMetr\MCU_Proj\VacuumMetrProj\Debug\Obj\User\Tasks\METER_Task.o
#        C:\Users\Harak\Documents\Projects\vacuumMetr\MCU_Proj\VacuumMetrProj\Debug\Obj\FreeRTOS\portable\port.o
#        C:\Users\Harak\Documents\Projects\vacuumMetr\MCU_Proj\VacuumMetrProj\Debug\Obj\FreeRTOS\portable\portasm.o
#        C:\Users\Harak\Documents\Projects\vacuumMetr\MCU_Proj\VacuumMetrProj\Debug\Obj\FreeRTOS\queue.o
#        C:\Users\Harak\Documents\Projects\vacuumMetr\MCU_Proj\VacuumMetrProj\Debug\Obj\User\Tasks\SCOPE_Task.o
#        C:\Users\Harak\Documents\Projects\vacuumMetr\MCU_Proj\VacuumMetrProj\Debug\Obj\User\Games\Snake.o
#        C:\Users\Harak\Documents\Projects\vacuumMetr\MCU_Proj\VacuumMetrProj\Debug\Obj\CMSIS\startup_stm32f103xb.o
#        C:\Users\Harak\Documents\Projects\vacuumMetr\MCU_Proj\VacuumMetrProj\Debug\Obj\User\libs\stm32f1xx_it.o
#        C:\Users\Harak\Documents\Projects\vacuumMetr\MCU_Proj\VacuumMetrProj\Debug\Obj\CMSIS\system_stm32f1xx.o
#        C:\Users\Harak\Documents\Projects\vacuumMetr\MCU_Proj\VacuumMetrProj\Debug\Obj\FreeRTOS\tasks.o
#        C:\Users\Harak\Documents\Projects\vacuumMetr\MCU_Proj\VacuumMetrProj\Debug\Obj\User\Games\Tetris.o
#        --no_out_extension -o
#        C:\Users\Harak\Documents\Projects\vacuumMetr\MCU_Proj\VacuumMetrProj\Debug\Exe\VacuumMetrProj.out
#        --redirect _Printf=_PrintfFullNoMb --redirect _Scanf=_ScanfFullNoMb
#        --map
#        C:\Users\Harak\Documents\Projects\vacuumMetr\MCU_Proj\VacuumMetrProj\Debug\List\VacuumMetrProj.map
#        --config
#        C:\Users\Harak\Documents\Projects\vacuumMetr\MCU_Proj\VacuumMetrProj\libs\VacuumMetrProj.icf
#        --entry __iar_program_start --vfe --text_out locale)
#
###############################################################################

*******************************************************************************
*** RUNTIME MODEL ATTRIBUTES
***

CppFlavor       = *
__SystemLibrary = DLib
__dlib_version  = 6


*******************************************************************************
*** HEAP SELECTION
***

The basic heap was selected because no calls to memory allocation
functions were found in the application outside of system library
functions, and there are calls to deallocation functions in the
application.


*******************************************************************************
*** PLACEMENT SUMMARY
***

"A0":  place at address 0x800'0000 { ro section .intvec };
define block ROM_CONTENT with fixed order { ro section _version, ro };
"P1":  place in [from 0x800'0000 to 0x800'ffff] { block ROM_CONTENT };
define block CSTACK with size = 2K, alignment = 8 { };
define block HEAP with size = 0, alignment = 8 { };
"P2":  place in [from 0x2000'0000 to 0x2000'4fff] {
          rw, block CSTACK, block HEAP };
initialize by copy { rw };
keep { section _version };

  Section              Kind         Address    Size  Object
  -------              ----         -------    ----  ------
"A0":                                          0xec
  .intvec              ro code   0x800'0000    0xec  startup_stm32f103xb.o [1]
                               - 0x800'00ec    0xec

"P1":                                        0x7f4a
  ROM_CONTENT                    0x800'00ec  0x7f4a  <Block>
    _version           const     0x800'00ec    0x14  build.o [4]
    .rodata            const     0x800'0100     0xc  BoardConfig.o [4]
    .rodata            const     0x800'010c     0xc  BoardConfig.o [4]
    .rodata            const     0x800'0118     0x8  BoardConfig.o [4]
    .rodata            const     0x800'0120     0xc  BoardConfig.o [4]
    .rodata            const     0x800'012c     0x8  BoardConfig.o [4]
    .rodata            const     0x800'0134    0x10  Buttons_Task.o [6]
    .rodata            const     0x800'0144   0x1e0  DISP_Buff.o [7]
    .rodata            const     0x800'0324    0x30  DISP_Buff.o [7]
    .rodata            const     0x800'0354    0x30  DISP_Buff.o [7]
    .rodata            const     0x800'0384    0x30  DISP_Buff.o [7]
    .rodata            const     0x800'03b4    0x30  DISP_Buff.o [7]
    .rodata            const     0x800'03e4    0x30  DISP_Buff.o [7]
    .rodata            const     0x800'0414    0x30  DISP_Buff.o [7]
    .rodata            const     0x800'0444     0x8  DISP_Buff.o [7]
    .rodata            const     0x800'044c     0x8  DISP_Buff.o [7]
    .rodata            const     0x800'0454     0x4  heap_4.o [3]
    .rodata            const     0x800'0458     0xc  LASTLEVELMENU_Task.o [6]
    .rodata            const     0x800'0464     0xc  LASTLEVELMENU_Task.o [6]
    .rodata            const     0x800'0470    0x10  LASTLEVELMENU_Task.o [6]
    .rodata            const     0x800'0480     0x8  LASTLEVELMENU_Task.o [6]
    .rodata            const     0x800'0488     0x8  LASTLEVELMENU_Task.o [6]
    .rodata            const     0x800'0490     0x8  LASTLEVELMENU_Task.o [6]
    .rodata            const     0x800'0498     0x8  LASTLEVELMENU_Task.o [6]
    .rodata            const     0x800'04a0     0x8  LASTLEVELMENU_Task.o [6]
    .rodata            const     0x800'04a8     0x8  LASTLEVELMENU_Task.o [6]
    .rodata            const     0x800'04b0     0x8  LASTLEVELMENU_Task.o [6]
    .rodata            const     0x800'04b8     0x8  LASTLEVELMENU_Task.o [6]
    .rodata            const     0x800'04c0     0x8  LASTLEVELMENU_Task.o [6]
    .rodata            const     0x800'04c8     0x8  LASTLEVELMENU_Task.o [6]
    .rodata            const     0x800'04d0     0x8  LASTLEVELMENU_Task.o [6]
    .rodata            const     0x800'04d8     0x8  LASTLEVELMENU_Task.o [6]
    .rodata            const     0x800'04e0     0x8  LASTLEVELMENU_Task.o [6]
    .rodata            const     0x800'04e8     0x8  LASTLEVELMENU_Task.o [6]
    .rodata            const     0x800'04f0     0x8  LASTLEVELMENU_Task.o [6]
    .rodata            const     0x800'04f8     0x8  LASTLEVELMENU_Task.o [6]
    .rodata            const     0x800'0500     0x8  LASTLEVELMENU_Task.o [6]
    .rodata            const     0x800'0508     0x8  LASTLEVELMENU_Task.o [6]
    .rodata            const     0x800'0510     0xc  LASTLEVELMENU_Task.o [6]
    .rodata            const     0x800'051c     0x8  Menu_Task.o [6]
    .rodata            const     0x800'0524     0xc  Menu_Task.o [6]
    .rodata            const     0x800'0530     0x8  Menu_Task.o [6]
    .rodata            const     0x800'0538     0xc  Menu_Task.o [6]
    .rodata            const     0x800'0544     0xc  Menu_Task.o [6]
    .rodata            const     0x800'0550     0x8  Menu_Task.o [6]
    .rodata            const     0x800'0558     0x8  Menu_Task.o [6]
    .rodata            const     0x800'0560     0x8  Menu_Task.o [6]
    .rodata            const     0x800'0568     0xc  Menu_Task.o [6]
    .rodata            const     0x800'0574     0x8  Menu_Task.o [6]
    .rodata            const     0x800'057c     0x8  METER_Task.o [6]
    .rodata            const     0x800'0584     0x8  METER_Task.o [6]
    .rodata            const     0x800'058c     0x8  SCOPE_Task.o [6]
    .rodata            const     0x800'0594     0x8  SCOPE_Task.o [6]
    .rodata            const     0x800'059c    0x10  Snake.o [5]
    .rodata            const     0x800'05ac    0x10  Snake.o [5]
    .rodata            const     0x800'05bc     0xc  Snake.o [5]
    .rodata            const     0x800'05c8     0x8  tasks.o [2]
    .rodata            const     0x800'05d0    0x14  Tetris.o [5]
    .rodata            const     0x800'05e4    0x10  Tetris.o [5]
    .rodata            const     0x800'05f4     0xc  Tetris.o [5]
    .text              ro code   0x800'0600   0x24c  ADC.o [7]
    .text              ro code   0x800'084c   0x4a4  BoardConfig.o [4]
    .text              ro code   0x800'0cf0   0x606  DISP_Buff.o [7]
    .text              ro code   0x800'12f6     0xa  xsprout.o [8]
    .text              ro code   0x800'1300   0x554  lcd5110.o [7]
    .text              ro code   0x800'1854   0x16c  Buttons.o [7]
    .text              ro code   0x800'19c0    0x66  ABImemset.o [10]
    .text              ro code   0x800'1a26    0x3a  packbits_init_single.o [10]
    .text              ro code   0x800'1a60   0x2bc  Buttons_Task.o [6]
    .text              ro code   0x800'1d1c   0x614  queue.o [2]
    .text              ro code   0x800'2330   0xc98  tasks.o [2]
    .text              ro code   0x800'2fc8   0x2c8  heap_4.o [3]
    .text              ro code   0x800'3290    0xc8  port.o [3]
    .text              ro code   0x800'3358    0x9a  list.o [2]
    .rodata            const     0x800'33f2     0x1  Buttons_Task.o [6]
    .rodata            const     0x800'33f3     0x1  Buttons_Task.o [6]
    .text              ro code   0x800'33f4    0xa6  ABImemcpy.o [10]
    .text              ro code   0x800'349a    0x22  main.o [4]
    .text              ro code   0x800'34bc    0x28  port.o [3]
    CODE               ro code   0x800'34e4    0x88  portasm.o [3]
    .text              ro code   0x800'356c   0x840  Menu_Task.o [6]
    .text              ro code   0x800'3dac   0x4b4  METER_Task.o [6]
    .text              ro code   0x800'4260   0x678  LASTLEVELMENU_Task.o [6]
    .text              ro code   0x800'48d8    0x14  memset.o [10]
    .text              ro code   0x800'48ec   0x1e8  SCOPE_Task.o [6]
    .text              ro code   0x800'4ad4   0x340  Configuration.o [7]
    .text              ro code   0x800'4e14     0x8  abs.o [8]
    .text              ro code   0x800'4e1c    0x40  sprintf.o [8]
    .text              ro code   0x800'4e5c    0x1c  U32ToDbl.o [9]
    .text              ro code   0x800'4e78   0x246  DblDiv.o [9]
    .rodata            const     0x800'50be     0x1  Buttons_Task.o [6]
    .rodata            const     0x800'50bf     0x1  Buttons_Task.o [6]
    .text              ro code   0x800'50c0   0x8f8  Snake.o [5]
    .text              ro code   0x800'59b8   0x864  Tetris.o [5]
    .text              ro code   0x800'621c   0x274  I64DivMod.o [10]
    .text              ro code   0x800'6490   0xf12  xprintffull_nomb.o [8]
    .rodata            const     0x800'73a2     0x1  Buttons_Task.o [6]
    .text              ro code   0x800'73a4    0x9c  rand.o [8]
    .text              ro code   0x800'7440     0x2  I64DivZer.o [10]
    .text              ro code   0x800'7444    0x16  strchr.o [10]
    .text              ro code   0x800'745c    0x40  xfail_s.o [8]
    .text              ro code   0x800'749c    0x36  strlen.o [10]
    .text              ro code   0x800'74d4    0x58  memchr.o [10]
    .text              ro code   0x800'752c    0x70  frexp.o [9]
    .text              ro code   0x800'759c    0x34  DblCmpLe.o [9]
    .text              ro code   0x800'75d0    0x34  DblCmpGe.o [9]
    .text              ro code   0x800'7604   0x13a  ldexp.o [9]
    .text              ro code   0x800'7740    0x36  DblToS32.o [9]
    .text              ro code   0x800'7778    0x22  S32ToDbl.o [9]
    .text              ro code   0x800'779c   0x24e  DblAddSub.o [9]
    .text              ro code   0x800'79ec    0x22  DblToU32.o [9]
    .text              ro code   0x800'7a10   0x1aa  DblMul.o [9]
    .text              ro code   0x800'7bba     0x6  abort.o [8]
    .text              ro code   0x800'7bc0     0xc  XXexit.o [10]
    .text              ro code   0x800'7bcc    0x18  startup_stm32f103xb.o [1]
    .text              ro code   0x800'7be4   0x178  stm32f1xx_it.o [7]
    .text              ro code   0x800'7d5c   0x12c  system_stm32f1xx.o [1]
    .text              ro code   0x800'7e88    0x1c  cstartup_M.o [10]
    .text              ro code   0x800'7ea4    0x1e  cmain.o [10]
    .text              ro code   0x800'7ec2     0x4  low_level_init.o [8]
    .text              ro code   0x800'7ec8    0x28  data_init.o [10]
    .text              ro code   0x800'7ef0     0x4  exit.o [8]
    .text              ro code   0x800'7ef4     0xa  cexit.o [10]
    .text              ro code   0x800'7efe     0x4  startup_stm32f103xb.o [1]
    .text              ro code   0x800'7f02     0x4  startup_stm32f103xb.o [1]
    .text              ro code   0x800'7f06     0x4  startup_stm32f103xb.o [1]
    .text              ro code   0x800'7f0a     0x4  startup_stm32f103xb.o [1]
    .text              ro code   0x800'7f0e     0x4  startup_stm32f103xb.o [1]
    .text              ro code   0x800'7f12     0x4  startup_stm32f103xb.o [1]
    .text              ro code   0x800'7f16     0x4  startup_stm32f103xb.o [1]
    .text              ro code   0x800'7f1a     0x4  startup_stm32f103xb.o [1]
    .text              ro code   0x800'7f1e     0x4  startup_stm32f103xb.o [1]
    .text              ro code   0x800'7f22     0x4  startup_stm32f103xb.o [1]
    .text              ro code   0x800'7f26     0x4  startup_stm32f103xb.o [1]
    .text              ro code   0x800'7f2a     0x4  startup_stm32f103xb.o [1]
    .text              ro code   0x800'7f2e     0x4  startup_stm32f103xb.o [1]
    .text              ro code   0x800'7f32     0x4  startup_stm32f103xb.o [1]
    .text              ro code   0x800'7f36     0x4  startup_stm32f103xb.o [1]
    .text              ro code   0x800'7f3a     0x4  startup_stm32f103xb.o [1]
    .text              ro code   0x800'7f3e     0x4  startup_stm32f103xb.o [1]
    .text              ro code   0x800'7f42     0x4  startup_stm32f103xb.o [1]
    .text              ro code   0x800'7f46     0x4  startup_stm32f103xb.o [1]
    .text              ro code   0x800'7f4a     0x4  startup_stm32f103xb.o [1]
    .text              ro code   0x800'7f4e     0x4  startup_stm32f103xb.o [1]
    .text              ro code   0x800'7f52     0x4  startup_stm32f103xb.o [1]
    .text              ro code   0x800'7f56     0x4  startup_stm32f103xb.o [1]
    .text              ro code   0x800'7f5a     0x4  startup_stm32f103xb.o [1]
    .text              ro code   0x800'7f5e     0x4  startup_stm32f103xb.o [1]
    .text              ro code   0x800'7f62     0x4  startup_stm32f103xb.o [1]
    .text              ro code   0x800'7f66     0x4  startup_stm32f103xb.o [1]
    .text              ro code   0x800'7f6a     0x4  startup_stm32f103xb.o [1]
    .text              ro code   0x800'7f6e     0x4  startup_stm32f103xb.o [1]
    .text              ro code   0x800'7f72     0x4  startup_stm32f103xb.o [1]
    .text              ro code   0x800'7f76     0x4  startup_stm32f103xb.o [1]
    .text              ro code   0x800'7f7a     0x4  startup_stm32f103xb.o [1]
    .text              ro code   0x800'7f7e     0x4  startup_stm32f103xb.o [1]
    .text              ro code   0x800'7f82     0x4  startup_stm32f103xb.o [1]
    .text              ro code   0x800'7f86     0x4  startup_stm32f103xb.o [1]
    .text              ro code   0x800'7f8a     0x4  startup_stm32f103xb.o [1]
    .text              ro code   0x800'7f8e     0x4  startup_stm32f103xb.o [1]
    .text              ro code   0x800'7f92     0x4  startup_stm32f103xb.o [1]
    .text              ro code   0x800'7f96     0x4  startup_stm32f103xb.o [1]
    .text              ro code   0x800'7f9a     0x4  startup_stm32f103xb.o [1]
    .text              ro code   0x800'7f9e     0x4  startup_stm32f103xb.o [1]
    .text              ro code   0x800'7fa2     0x4  startup_stm32f103xb.o [1]
    .text              ro code   0x800'7fa6     0x4  startup_stm32f103xb.o [1]
    .text              ro code   0x800'7faa     0x4  startup_stm32f103xb.o [1]
    .text              ro code   0x800'7fae     0x4  startup_stm32f103xb.o [1]
    .text              ro code   0x800'7fb2     0x4  startup_stm32f103xb.o [1]
    .text              ro code   0x800'7fb6     0x4  startup_stm32f103xb.o [1]
    .text              ro code   0x800'7fba    0x38  zero_init3.o [10]
    .iar.init_table    const     0x800'7ff4    0x20  - Linker created -
    .rodata            const     0x800'8014     0x0  zero_init3.o [10]
    .rodata            const     0x800'8014     0x0  packbits_init_single.o [10]
    Initializer bytes  const     0x800'8014    0x22  <for P2-1>
                               - 0x800'8036  0x7f4a

"P2", part 1 of 3:                             0x48
  P2-1                          0x2000'0000    0x48  <Init block>
    .data              inited   0x2000'0000    0x10  SCOPE_Task.o [6]
    .data              inited   0x2000'0010     0x4  Configuration.o [7]
    .data              inited   0x2000'0014     0x4  Menu_Task.o [6]
    .data              inited   0x2000'0018     0x4  Menu_Task.o [6]
    .data              inited   0x2000'001c    0x1c  METER_Task.o [6]
    .data              inited   0x2000'0038     0x4  port.o [3]
    .data              inited   0x2000'003c     0x4  tasks.o [2]
    .data              inited   0x2000'0040     0x8  rand.o [8]
                              - 0x2000'0048    0x48

"P2", part 2 of 3:                           0x3d4c
  .bss                 zero     0x2000'0048  0x3800  heap_4.o [3]
  .bss                 zero     0x2000'3848   0x1f8  DISP_Buff.o [7]
  .bss                 zero     0x2000'3a40    0x8c  tasks.o [2]
  .bss                 zero     0x2000'3acc    0x88  Menu_Task.o [6]
  .bss                 zero     0x2000'3b54    0x84  rand.o [8]
  .bss                 zero     0x2000'3bd8    0x50  ADC.o [7]
  .bss                 zero     0x2000'3c28    0x20  LASTLEVELMENU_Task.o [6]
  .bss                 zero     0x2000'3c48    0x1c  Buttons_Task.o [6]
  .bss                 zero     0x2000'3c64    0x14  LASTLEVELMENU_Task.o [6]
  .bss                 zero     0x2000'3c78    0x14  tasks.o [2]
  .bss                 zero     0x2000'3c8c    0x14  tasks.o [2]
  .bss                 zero     0x2000'3ca0    0x14  tasks.o [2]
  .bss                 zero     0x2000'3cb4    0x14  tasks.o [2]
  .bss                 zero     0x2000'3cc8    0x14  tasks.o [2]
  .bss                 zero     0x2000'3cdc     0xc  ADC.o [7]
  .bss                 zero     0x2000'3ce8     0x8  heap_4.o [3]
  .bss                 zero     0x2000'3cf0     0x8  LASTLEVELMENU_Task.o [6]
  .bss                 zero     0x2000'3cf8     0x8  Menu_Task.o [6]
  .bss                 zero     0x2000'3d00     0x4  Buttons_Task.o [6]
  .bss                 zero     0x2000'3d04     0x4  Buttons_Task.o [6]
  .bss                 zero     0x2000'3d08     0x4  heap_4.o [3]
  .bss                 zero     0x2000'3d0c     0x4  heap_4.o [3]
  .bss                 zero     0x2000'3d10     0x4  heap_4.o [3]
  .bss                 zero     0x2000'3d14     0x4  heap_4.o [3]
  .bss                 zero     0x2000'3d18     0x4  heap_4.o [3]
  .bss                 zero     0x2000'3d1c     0x4  heap_4.o [3]
  .bss                 zero     0x2000'3d20     0x4  LASTLEVELMENU_Task.o [6]
  .bss                 zero     0x2000'3d24     0x4  LASTLEVELMENU_Task.o [6]
  .bss                 zero     0x2000'3d28     0x4  LASTLEVELMENU_Task.o [6]
  .bss                 zero     0x2000'3d2c     0x4  LASTLEVELMENU_Task.o [6]
  .bss                 zero     0x2000'3d30     0x4  Menu_Task.o [6]
  .bss                 zero     0x2000'3d34     0x4  METER_Task.o [6]
  .bss                 zero     0x2000'3d38     0x4  METER_Task.o [6]
  .bss                 zero     0x2000'3d3c     0x4  METER_Task.o [6]
  .bss                 zero     0x2000'3d40     0x4  SCOPE_Task.o [6]
  .bss                 zero     0x2000'3d44     0x4  SCOPE_Task.o [6]
  .bss                 zero     0x2000'3d48     0x4  SCOPE_Task.o [6]
  .bss                 zero     0x2000'3d4c     0x4  SCOPE_Task.o [6]
  .bss                 zero     0x2000'3d50     0x4  tasks.o [2]
  .bss                 zero     0x2000'3d54     0x4  tasks.o [2]
  .bss                 zero     0x2000'3d58     0x4  tasks.o [2]
  .bss                 zero     0x2000'3d5c     0x4  tasks.o [2]
  .bss                 zero     0x2000'3d60     0x4  tasks.o [2]
  .bss                 zero     0x2000'3d64     0x4  tasks.o [2]
  .bss                 zero     0x2000'3d68     0x4  tasks.o [2]
  .bss                 zero     0x2000'3d6c     0x4  tasks.o [2]
  .bss                 zero     0x2000'3d70     0x4  tasks.o [2]
  .bss                 zero     0x2000'3d74     0x4  tasks.o [2]
  .bss                 zero     0x2000'3d78     0x4  tasks.o [2]
  .bss                 zero     0x2000'3d7c     0x4  tasks.o [2]
  .bss                 zero     0x2000'3d80     0x4  tasks.o [2]
  .bss                 zero     0x2000'3d84     0x4  tasks.o [2]
  .bss                 zero     0x2000'3d88     0x4  tasks.o [2]
  .bss                 zero     0x2000'3d8c     0x4  xfail_s.o [8]
  .bss                 zero     0x2000'3d90     0x1  Configuration.o [7]
  .bss                 zero     0x2000'3d91     0x1  LASTLEVELMENU_Task.o [6]
  .bss                 zero     0x2000'3d92     0x1  lcd5110.o [7]
                              - 0x2000'3d93  0x3d4b

"P2", part 3 of 3:                            0x800
  CSTACK                        0x2000'3d98   0x800  <Block>
    CSTACK             uninit   0x2000'3d98   0x800  <Block tail>
                              - 0x2000'4598   0x800

Unused ranges:

         From           To    Size
         ----           --    ----
   0x800'8036   0x800'ffff  0x7fca
  0x2000'3d94  0x2000'3d97     0x4
  0x2000'4598  0x2000'4fff   0xa68


*******************************************************************************
*** INIT TABLE
***

          Address      Size
          -------      ----
Zero (__iar_zero_init3)
    1 destination range, total size 0x3d4b:
          0x2000'0048  0x3d4b

Copy/packbits (__iar_packbits_init_single3)
    1 source range, total size 0x22 (47% of destination):
           0x800'8014    0x22
    1 destination range, total size 0x48:
          0x2000'0000    0x48



*******************************************************************************
*** MODULE SUMMARY
***

    Module                  ro code  ro data  rw data
    ------                  -------  -------  -------
command line/config:
    -------------------------------------------------
    Total:

C:\Users\Harak\Documents\Projects\vacuumMetr\MCU_Proj\VacuumMetrProj\Debug\Obj\CMSIS: [1]
    startup_stm32f103xb.o       448
    system_stm32f1xx.o          300
    -------------------------------------------------
    Total:                      748

C:\Users\Harak\Documents\Projects\vacuumMetr\MCU_Proj\VacuumMetrProj\Debug\Obj\FreeRTOS: [2]
    list.o                      154
    queue.o                   1'556
    tasks.o                   3'224       10      304
    -------------------------------------------------
    Total:                    4'934       10      304

C:\Users\Harak\Documents\Projects\vacuumMetr\MCU_Proj\VacuumMetrProj\Debug\Obj\FreeRTOS\portable: [3]
    heap_4.o                    712        4   14'368
    port.o                      240        2        4
    portasm.o                   136
    -------------------------------------------------
    Total:                    1'088        6   14'372

C:\Users\Harak\Documents\Projects\vacuumMetr\MCU_Proj\VacuumMetrProj\Debug\Obj\User: [4]
    BoardConfig.o             1'188       52
    build.o                               20
    main.o                       34
    -------------------------------------------------
    Total:                    1'222       72

C:\Users\Harak\Documents\Projects\vacuumMetr\MCU_Proj\VacuumMetrProj\Debug\Obj\User\Games: [5]
    Snake.o                   2'296       44
    Tetris.o                  2'148       48
    -------------------------------------------------
    Total:                    4'444       92

C:\Users\Harak\Documents\Projects\vacuumMetr\MCU_Proj\VacuumMetrProj\Debug\Obj\User\Tasks: [6]
    Buttons_Task.o              700       21       36
    LASTLEVELMENU_Task.o      1'656      196       77
    METER_Task.o              1'204       29       40
    Menu_Task.o               2'112      100      156
    SCOPE_Task.o                488       23       32
    -------------------------------------------------
    Total:                    6'160      369      341

C:\Users\Harak\Documents\Projects\vacuumMetr\MCU_Proj\VacuumMetrProj\Debug\Obj\User\libs: [7]
    ADC.o                       588                92
    Buttons.o                   364
    Configuration.o             832        2        5
    DISP_Buff.o               1'542      784      504
    lcd5110.o                 1'364                 1
    stm32f1xx_it.o              376
    -------------------------------------------------
    Total:                    5'066      786      602

dl7M_tln.a: [8]
    abort.o                       6
    abs.o                         8
    exit.o                        4
    low_level_init.o              4
    rand.o                      156        4      140
    sprintf.o                    64
    xfail_s.o                    64                 4
    xprintffull_nomb.o        3'858
    xsprout.o                    10
    -------------------------------------------------
    Total:                    4'174        4      144

m7M_tl.a: [9]
    DblAddSub.o                 590
    DblCmpGe.o                   52
    DblCmpLe.o                   52
    DblDiv.o                    582
    DblMul.o                    426
    DblToS32.o                   54
    DblToU32.o                   34
    S32ToDbl.o                   34
    U32ToDbl.o                   28
    frexp.o                     112
    ldexp.o                     314
    -------------------------------------------------
    Total:                    2'278

rt7M_tl.a: [10]
    ABImemcpy.o                 166
    ABImemset.o                 102
    I64DivMod.o                 628
    I64DivZer.o                   2
    XXexit.o                     12
    cexit.o                      10
    cmain.o                      30
    cstartup_M.o                 28
    data_init.o                  40
    memchr.o                     88
    memset.o                     20
    packbits_init_single.o       58
    strchr.o                     22
    strlen.o                     54
    zero_init3.o                 56
    -------------------------------------------------
    Total:                    1'316

    Gaps                         19        2
    Linker created                        32    2'048
-----------------------------------------------------
    Grand Total:             31'449    1'373   17'811


*******************************************************************************
*** ENTRY LIST
***

Entry                       Address    Size  Type      Object
-----                       -------    ----  ----      ------
.iar.init_table$$Base    0x800'7ff4           --   Gb  - Linker created -
.iar.init_table$$Limit   0x800'8014           --   Gb  - Linker created -
?main                    0x800'7ea5          Code  Gb  cmain.o [10]
ADC1Init                 0x800'0617   0x11e  Code  Gb  ADC.o [7]
ADCBuff                 0x2000'3bd8    0x50  Data  Gb  ADC.o [7]
ADCTIMinit               0x800'0773    0x78  Code  Gb  ADC.o [7]
ASCII                    0x800'0144   0x1e0  Data  Gb  DISP_Buff.o [7]
A_symb                   0x800'0354    0x30  Data  Gb  DISP_Buff.o [7]
ArrowDOWN                0x800'044c     0x8  Data  Gb  DISP_Buff.o [7]
ArrowUP                  0x800'0444     0x8  Data  Gb  DISP_Buff.o [7]
ButtCreate               0x800'356d    0x40  Code  Gb  Menu_Task.o [6]
Buttons_Task_init        0x800'1a61    0x48  Code  Gb  Buttons_Task.o [6]
CSTACK$$Base            0x2000'3d98           --   Gb  - Linker created -
CSTACK$$Limit           0x2000'4598           --   Gb  - Linker created -
Config                  0x2000'0010     0x4  Data  Gb  Configuration.o [7]
DISP_Clear               0x800'14f7    0x2e  Code  Gb  lcd5110.o [7]
DISP_Clear_DMA           0x800'1525    0x7e  Code  Gb  lcd5110.o [7]
DISP_Clear_DMA::zero    0x2000'3d92     0x1  Data  Lc  lcd5110.o [7]
DISP_Init                0x800'1319    0x58  Code  Gb  lcd5110.o [7]
DISP_Send_DMA            0x800'1411    0xa2  Code  Gb  lcd5110.o [7]
DISP_SetPos              0x800'15a3    0x20  Code  Gb  lcd5110.o [7]
DISP_Update              0x800'0cf1     0xc  Code  Gb  DISP_Buff.o [7]
DISP_command             0x800'1371    0x4e  Code  Gb  lcd5110.o [7]
DISP_data                0x800'13bf    0x52  Code  Gb  lcd5110.o [7]
DISP_setBias             0x800'14d5    0x22  Code  Gb  lcd5110.o [7]
DISP_setContrast         0x800'14b3    0x22  Code  Gb  lcd5110.o [7]
DMA1_Channel3_IRQHandler
                         0x800'7be5    0x2a  Code  Gb  stm32f1xx_it.o [7]
DMA_ADCInit              0x800'0735    0x3e  Code  Gb  ADC.o [7]
FILT                    0x2000'001c    0x1c  Data  Gb  METER_Task.o [6]
GetButtons               0x800'1855    0x58  Code  Gb  Buttons.o [7]
H_symb                   0x800'0324    0x30  Data  Gb  DISP_Buff.o [7]
I_symb                   0x800'03e4    0x30  Data  Gb  DISP_Buff.o [7]
K_symb                   0x800'03b4    0x30  Data  Gb  DISP_Buff.o [7]
LASTLEVELMENU_Task_init
                         0x800'42e7    0x2a  Code  Gb  LASTLEVELMENU_Task.o [6]
METER_Task_Deinit        0x800'3e33    0xb4  Code  Gb  METER_Task.o [6]
METER_Task_init          0x800'3dd7    0x5c  Code  Gb  METER_Task.o [6]
Menu_Task_init           0x800'36d5    0x24  Code  Gb  Menu_Task.o [6]
NVIC_EnableIRQ           0x800'0601    0x16  Code  Lc  ADC.o [7]
NVIC_EnableIRQ           0x800'1301    0x18  Code  Lc  lcd5110.o [7]
PendSV_Handler           0x800'34e5          Code  Gb  portasm.o [3]
ROM_CONTENT$$Base        0x800'00ec           --   Gb  - Linker created -
ROM_CONTENT$$Limit       0x800'8036           --   Gb  - Linker created -
R_symb                   0x800'0384    0x30  Data  Gb  DISP_Buff.o [7]
ReadVoltageOnMainBatt    0x800'0a1b    0xe0  Code  Gb  BoardConfig.o [4]
Region$$Table$$Base      0x800'7ff4           --   Gb  - Linker created -
Region$$Table$$Limit     0x800'8014           --   Gb  - Linker created -
SCOPE                   0x2000'0000    0x10  Data  Gb  SCOPE_Task.o [6]
SCOPE_Task_Deinit        0x800'4961    0x4e  Code  Gb  SCOPE_Task.o [6]
SCOPE_Task_init          0x800'48ed    0x74  Code  Gb  SCOPE_Task.o [6]
SPI2Init                 0x800'1679    0x16  Code  Gb  lcd5110.o [7]
SVC_Handler              0x800'352b          Code  Gb  portasm.o [3]
SaveBright               0x800'4b6d    0xaa  Code  Gb  Configuration.o [7]
SaveCongig               0x800'4ad5    0x98  Code  Gb  Configuration.o [7]
SensorVoltageStruct     0x2000'3cdc     0xc  Data  Gb  ADC.o [7]
Snake_DeInit             0x800'51a3    0x22  Code  Gb  Snake.o [5]
Snake_Draw               0x800'537b   0x4ca  Code  Gb  Snake.o [5]
Snake_Init               0x800'50c1    0xe2  Code  Gb  Snake.o [5]
Snake_Move               0x800'51c5   0x1b6  Code  Gb  Snake.o [5]
StandByCheck             0x800'0c31    0x38  Code  Gb  BoardConfig.o [4]
Stats                   0x2000'3c48    0x1c  Data  Gb  Buttons_Task.o [6]
SysTick_Handler          0x800'3321    0x28  Code  Gb  port.o [3]
SystemInit               0x800'7d5d   0x106  Code  Gb  system_stm32f1xx.o [1]
TIM4_IRQHandler          0x800'7c0f   0x12c  Code  Gb  stm32f1xx_it.o [7]
TetrisShiftLeft          0x800'6129    0x34  Code  Gb  Tetris.o [5]
TetrisShiftRight         0x800'615d    0x34  Code  Gb  Tetris.o [5]
Tetris_DeInit            0x800'5b87     0xc  Code  Gb  Tetris.o [5]
Tetris_Draw              0x800'5bf1   0x26e  Code  Gb  Tetris.o [5]
Tetris_Move              0x800'5e5f   0x1ac  Code  Gb  Tetris.o [5]
VBUF                    0x2000'3848   0x1f8  Data  Gb  DISP_Buff.o [7]
VBUF_Clear               0x800'0cfd    0x18  Code  Gb  DISP_Buff.o [7]
VBUF_Draw_Image          0x800'0fb3   0x16e  Code  Gb  DISP_Buff.o [7]
VBUF_Draw_Line           0x800'0d15    0xc6  Code  Gb  DISP_Buff.o [7]
VBUF_Draw_Pixel          0x800'0ddb    0x9e  Code  Gb  DISP_Buff.o [7]
VBUF_Invert_Line         0x800'0e79   0x13a  Code  Gb  DISP_Buff.o [7]
VBUF_Write_Char          0x800'1121   0x172  Code  Gb  DISP_Buff.o [7]
VBUF_Write_String        0x800'129d    0x24  Code  Gb  DISP_Buff.o [7]
VBUF_Write_String_Right
                         0x800'12c1    0x36  Code  Gb  DISP_Buff.o [7]
V_symb                   0x800'0414    0x30  Data  Gb  DISP_Buff.o [7]
_LitobFullNoMb           0x800'71a9   0x10c  Code  Lc  xprintffull_nomb.o [8]
_PrintfFullNoMb          0x800'6491   0xcea  Code  Gb  xprintffull_nomb.o [8]
_PutcharFullNoMb         0x800'730d    0x20  Code  Lc  xprintffull_nomb.o [8]
_PutcharsFullNoMb        0x800'732d    0x2e  Code  Lc  xprintffull_nomb.o [8]
_Rand_idx               0x2000'3bd4     0x4  Data  Lc  rand.o [8]
_Rand_rv                0x2000'3b54    0x80  Data  Lc  rand.o [8]
_Randinit               0x2000'0040     0x1  Data  Gb  rand.o [8]
_Randseed               0x2000'0044     0x4  Data  Gb  rand.o [8]
_SProut                  0x800'12f7     0xa  Code  Gb  xsprout.o [8]
__aeabi_cdcmple          0x800'759d          Code  Gb  DblCmpLe.o [9]
__aeabi_cdrcmple         0x800'75d1          Code  Gb  DblCmpGe.o [9]
__aeabi_d2iz             0x800'7741          Code  Gb  DblToS32.o [9]
__aeabi_d2uiz            0x800'79ed          Code  Gb  DblToU32.o [9]
__aeabi_ddiv             0x800'4e79          Code  Gb  DblDiv.o [9]
__aeabi_dmul             0x800'7a11          Code  Gb  DblMul.o [9]
__aeabi_dsub             0x800'7909          Code  Gb  DblAddSub.o [9]
__aeabi_i2d              0x800'7779          Code  Gb  S32ToDbl.o [9]
__aeabi_ldiv0            0x800'7441          Code  Gb  I64DivZer.o [10]
__aeabi_ldivmod          0x800'621d          Code  Gb  I64DivMod.o [10]
__aeabi_memcpy           0x800'33f5          Code  Gb  ABImemcpy.o [10]
__aeabi_memcpy4          0x800'3415          Code  Gb  ABImemcpy.o [10]
__aeabi_memcpy8          0x800'3415          Code  Gb  ABImemcpy.o [10]
__aeabi_memset           0x800'19c1          Code  Gb  ABImemset.o [10]
__aeabi_ui2d             0x800'4e5d          Code  Gb  U32ToDbl.o [9]
__aeabi_uldivmod         0x800'6261          Code  Gb  I64DivMod.o [10]
__cmain                  0x800'7ea5          Code  Gb  cmain.o [10]
__exit                   0x800'7bc1          Code  Gb  XXexit.o [10]
__iar_Fail_s             0x800'745d    0x1c  Code  Gb  xfail_s.o [8]
__iar_Memchr             0x800'74d5          Code  Gb  memchr.o [10]
__iar_Memset             0x800'19c1          Code  Gb  ABImemset.o [10]
__iar_Memset_word        0x800'19c9          Code  Gb  ABImemset.o [10]
__iar_Strchr             0x800'7445          Code  Gb  strchr.o [10]
__iar_data_init3         0x800'7ec9    0x28  Code  Gb  data_init.o [10]
__iar_frexp              0x800'7539          Code  Gb  frexp.o [9]
__iar_frexp64            0x800'752d          Code  Gb  frexp.o [9]
__iar_frexpl             0x800'7539          Code  Gb  frexp.o [9]
__iar_ldexp64            0x800'7605          Code  Gb  ldexp.o [9]
__iar_packbits_init_single3
                         0x800'1a27    0x3a  Code  Gb  packbits_init_single.o [10]
__iar_program_start      0x800'7e89          Code  Gb  cstartup_M.o [10]
__iar_scalbln64          0x800'7605          Code  Gb  ldexp.o [9]
__iar_scalbn64           0x800'7605          Code  Gb  ldexp.o [9]
__iar_zero_init3         0x800'7fbb    0x38  Code  Gb  zero_init3.o [10]
__low_level_init         0x800'7ec3     0x4  Code  Gb  low_level_init.o [8]
__vector_table           0x800'0000          Data  Gb  startup_stm32f103xb.o [1]
_call_main               0x800'7eb1          Code  Gb  cmain.o [10]
_exit                    0x800'7ef5          Code  Gb  cexit.o [10]
abort                    0x800'7bbb     0x6  Code  Gb  abort.o [8]
abs                      0x800'4e15     0x8  Code  Gb  abs.o [8]
ampfCalibrate            0x800'4cdb   0x112  Code  Gb  Configuration.o [7]
biasCalibrate            0x800'4c17    0xc4  Code  Gb  Configuration.o [7]
bltInit                  0x800'168f   0x158  Code  Gb  lcd5110.o [7]
btnArray                0x2000'3acc    0x88  Data  Gb  Menu_Task.o [6]
build                    0x800'00ec    0x14  Data  Gb  build.o [4]
calibBtnArray           0x2000'3c28    0x20  Data  Gb  LASTLEVELMENU_Task.o [6]
disp_LOGO                0x800'084d   0x184  Code  Gb  BoardConfig.o [4]
disp_LOWBATT             0x800'09d1    0x4a  Code  Gb  BoardConfig.o [4]
enablePWRDisp            0x800'0b89    0x54  Code  Gb  BoardConfig.o [4]
enableVoltMeas           0x800'0bdd    0x54  Code  Gb  BoardConfig.o [4]
enterStandBy             0x800'0b49    0x40  Code  Gb  BoardConfig.o [4]
exit                     0x800'7ef1     0x4  Code  Gb  exit.o [8]
filtAverage              0x800'3dad    0x2a  Code  Gb  METER_Task.o [6]
flagCalib               0x2000'3d90     0x1  Data  Gb  Configuration.o [7]
frexp                    0x800'752d          Code  Gb  frexp.o [9]
frexpl                   0x800'752d          Code  Gb  frexp.o [9]
gen_I_Block              0x800'59b9    0x42  Code  Gb  Tetris.o [5]
gen_J_Block              0x800'59fb    0x42  Code  Gb  Tetris.o [5]
gen_L_Block              0x800'5a3d    0x42  Code  Gb  Tetris.o [5]
gen_O_Block              0x800'5a7f    0x42  Code  Gb  Tetris.o [5]
gen_S_Block              0x800'5ac1    0x42  Code  Gb  Tetris.o [5]
gen_T_Block              0x800'5b03    0x42  Code  Gb  Tetris.o [5]
gen_Z_Block              0x800'5b45    0x42  Code  Gb  Tetris.o [5]
gpioInit                 0x800'15c3    0xb6  Code  Gb  lcd5110.o [7]
initAll                  0x800'0afb    0x4e  Code  Gb  BoardConfig.o [4]
initButt                 0x800'18ad    0xfe  Code  Gb  Buttons.o [7]
invertLastLevelCurrentButton
                         0x800'4261    0x54  Code  Gb  LASTLEVELMENU_Task.o [6]
invertMenuCurrentButton
                         0x800'35ad    0x5c  Code  Gb  Menu_Task.o [6]
lastlevelButtArrayInit   0x800'42b5    0x32  Code  Gb  LASTLEVELMENU_Task.o [6]
ldexp                    0x800'7605          Code  Gb  ldexp.o [9]
ldexpl                   0x800'7605          Code  Gb  ldexp.o [9]
main                     0x800'349b    0x1e  Code  Gb  main.o [4]
memchr                   0x800'74d5          Code  Gb  memchr.o [10]
memset                   0x800'48d9    0x14  Code  Gb  memset.o [10]
menuButtArrayInit        0x800'3609    0xcc  Code  Gb  Menu_Task.o [6]
menuStruct              0x2000'3cf8     0x8  Data  Gb  Menu_Task.o [6]
menuVBUFDraw             0x800'3c89    0xa0  Code  Gb  Menu_Task.o [6]
prvAddCurrentTaskToDelayedList
                         0x800'2f11    0x7e  Code  Lc  tasks.o [2]
prvAddNewTaskToReadyList
                         0x800'2489    0xc2  Code  Lc  tasks.o [2]
prvCheckTasksWaitingTermination
                         0x800'2c43    0x4a  Code  Lc  tasks.o [2]
prvCopyDataFromQueue     0x800'224f    0x36  Code  Lc  queue.o [2]
prvCopyDataToQueue       0x800'21b3    0x9c  Code  Lc  queue.o [2]
prvDeleteTCB             0x800'2c9d    0x12  Code  Lc  tasks.o [2]
prvGetDisinheritPriorityAfterTimeout
                         0x800'219d    0x16  Code  Lc  queue.o [2]
prvHeapInit              0x800'3133    0x6a  Code  Lc  heap_4.o [3]
prvIdleTask              0x800'2bb9    0x2a  Code  Lc  tasks.o [2]
prvInitialiseNewQueue    0x800'1dd9    0x36  Code  Lc  queue.o [2]
prvInitialiseNewTask     0x800'239d    0xec  Code  Lc  tasks.o [2]
prvInitialiseTaskLists   0x800'2bed    0x56  Code  Lc  tasks.o [2]
prvInsertBlockIntoFreeList
                         0x800'319d    0x60  Code  Lc  heap_4.o [3]
prvIsQueueEmpty          0x800'22f7    0x1c  Code  Lc  queue.o [2]
prvIsQueueFull           0x800'2313    0x1e  Code  Lc  queue.o [2]
prvResetNextTaskUnblockTime
                         0x800'2caf    0x26  Code  Lc  tasks.o [2]
prvTaskExitError         0x800'32b1    0x10  Code  Lc  port.o [3]
prvTaskIsTaskSuspended   0x800'2725    0x2a  Code  Lc  tasks.o [2]
prvUnlockQueue           0x800'2285    0x72  Code  Lc  queue.o [2]
pvPortMalloc             0x800'2fc9   0x116  Code  Gb  heap_4.o [3]
pvTaskIncrementMutexHeldCount
                         0x800'2ec7    0x1e  Code  Gb  tasks.o [2]
pxCurrentTCB            0x2000'3d50     0x4  Data  Gb  tasks.o [2]
pxDelayedTaskList       0x2000'3d54     0x4  Data  Lc  tasks.o [2]
pxEnd                   0x2000'3d08     0x4  Data  Lc  heap_4.o [3]
pxOverflowDelayedTaskList
                        0x2000'3d58     0x4  Data  Lc  tasks.o [2]
pxPortInitialiseStack    0x800'3291    0x20  Code  Gb  port.o [3]
pxReadyTasksLists       0x2000'3a40    0x8c  Data  Lc  tasks.o [2]
rand                     0x800'73a5    0x8a  Code  Gb  rand.o [8]
scalbln                  0x800'7605          Code  Gb  ldexp.o [9]
scalblnl                 0x800'7605          Code  Gb  ldexp.o [9]
scalbn                   0x800'7605          Code  Gb  ldexp.o [9]
scalbnl                  0x800'7605          Code  Gb  ldexp.o [9]
scale                    0x800'72b5    0x46  Code  Lc  xprintffull_nomb.o [8]
sec_hand                0x2000'3d8c     0x4  Data  Lc  xfail_s.o [8]
sprintf                  0x800'4e1d    0x40  Code  Gb  sprintf.o [8]
strchr                   0x800'7445          Code  Gb  strchr.o [10]
strlen                   0x800'749d          Code  Gb  strlen.o [10]
tempConfig              0x2000'3c64    0x14  Data  Gb  LASTLEVELMENU_Task.o [6]
ucHeap                  0x2000'0048  0x3800  Data  Lc  heap_4.o [3]
uxCriticalNesting       0x2000'0038     0x4  Data  Lc  port.o [3]
uxCurrentNumberOfTasks  0x2000'3d60     0x4  Data  Lc  tasks.o [2]
uxDeletedTasksWaitingCleanUp
                        0x2000'3d5c     0x4  Data  Lc  tasks.o [2]
uxListRemove             0x800'33cb    0x28  Code  Gb  list.o [2]
uxSchedulerSuspended    0x2000'3d88     0x4  Data  Lc  tasks.o [2]
uxTaskNumber            0x2000'3d7c     0x4  Data  Lc  tasks.o [2]
uxTopReadyPriority      0x2000'3d68     0x4  Data  Lc  tasks.o [2]
uxTopUsedPriority       0x2000'003c     0x4  Data  Gb  tasks.o [2]
vACCUM_Task              0x800'4a29    0x8a  Code  Gb  SCOPE_Task.o [6]
vApplicationIdleHook     0x800'34b9     0x2  Code  Gb  main.o [4]
vApplicationTickHook     0x800'34bb     0x2  Code  Gb  main.o [4]
vBUTTONSCheck_Task       0x800'1aa9   0x23c  Code  Gb  Buttons_Task.o [6]
vBUTTONSCheck_Task::DOWN_BTN
                         0x800'50be     0x1  Data  Lc  Buttons_Task.o [6]
vBUTTONSCheck_Task::ENTER_BTN
                         0x800'33f3     0x1  Data  Lc  Buttons_Task.o [6]
vBUTTONSCheck_Task::LEFT_BTN
                         0x800'50bf     0x1  Data  Lc  Buttons_Task.o [6]
vBUTTONSCheck_Task::RIGHT_BTN
                         0x800'73a2     0x1  Data  Lc  Buttons_Task.o [6]
vBUTTONSCheck_Task::UP_BTN
                         0x800'33f2     0x1  Data  Lc  Buttons_Task.o [6]
vBtnSnake_Task           0x800'58f1    0xa0  Code  Gb  Snake.o [5]
vBtnTetris_Task          0x800'6191    0x66  Code  Gb  Tetris.o [5]
vDrawSnake_Task          0x800'5899    0x56  Code  Gb  Snake.o [5]
vDrawTetris_Task         0x800'600d   0x11c  Code  Gb  Tetris.o [5]
vFILTER_Task             0x800'4161    0xde  Code  Gb  METER_Task.o [6]
vLASTLEVELMENU_Task      0x800'4311   0x50c  Code  Gb  LASTLEVELMENU_Task.o [6]
vLASTLEVELMENU_Task{3}{4}{5}{6}{8}::averVolt
                        0x2000'3d2c     0x4  Data  Lc  LASTLEVELMENU_Task.o [6]
vLASTLEVELMENU_Task{3}{4}{5}{6}{8}::battVolt
                        0x2000'3cf0     0x8  Data  Lc  LASTLEVELMENU_Task.o [6]
vLASTLEVELMENU_Task{3}{4}{5}{6}{8}::countReads
                        0x2000'3d91     0x1  Data  Lc  LASTLEVELMENU_Task.o [6]
vListInitialise          0x800'3359    0x1e  Code  Gb  list.o [2]
vListInitialiseItem      0x800'3377     0x6  Code  Gb  list.o [2]
vListInsert              0x800'3395    0x36  Code  Gb  list.o [2]
vListInsertEnd           0x800'337d    0x18  Code  Gb  list.o [2]
vMENU_Task               0x800'36f9   0x590  Code  Gb  Menu_Task.o [6]
vMETER_Task              0x800'3ee9   0x276  Code  Gb  METER_Task.o [6]
vPortEnterCritical       0x800'32ed    0x1a  Code  Gb  port.o [3]
vPortExitCritical        0x800'3307    0x1a  Code  Gb  port.o [3]
vPortFree                0x800'30df    0x54  Code  Gb  heap_4.o [3]
vPortGetHeapStats        0x800'31fd    0x6e  Code  Gb  heap_4.o [3]
vPortSetupTimerInterrupt
                         0x800'34bd    0x28  Code  Gb  port.o [3]
vPortStartFirstTask      0x800'354b          Code  Gb  portasm.o [3]
vSCOPE_Task              0x800'49b1    0x76  Code  Gb  SCOPE_Task.o [6]
vSnake_Start             0x800'5845    0x54  Code  Gb  Snake.o [5]
vTaskDelay               0x800'2613    0x34  Code  Gb  tasks.o [2]
vTaskDelete              0x800'254b    0xc8  Code  Gb  tasks.o [2]
vTaskInternalSetTimeOutState
                         0x800'2b1d    0x12  Code  Gb  tasks.o [2]
vTaskMissedYield         0x800'2baf     0xa  Code  Gb  tasks.o [2]
vTaskPlaceOnEventList    0x800'2a8d    0x20  Code  Gb  tasks.o [2]
vTaskPriorityDisinheritAfterTimeout
                         0x800'2e11    0xb6  Code  Gb  tasks.o [2]
vTaskResume              0x800'274f    0x76  Code  Gb  tasks.o [2]
vTaskStartScheduler      0x800'27c5    0x56  Code  Gb  tasks.o [2]
vTaskSuspend             0x800'2647    0xde  Code  Gb  tasks.o [2]
vTaskSuspendAll          0x800'281b    0x10  Code  Gb  tasks.o [2]
vTaskSwitchContext       0x800'2a3b    0x52  Code  Gb  tasks.o [2]
vTetris_Start            0x800'5b93    0x5e  Code  Gb  Tetris.o [5]
xAccumDispDone          0x2000'3d4c     0x4  Data  Gb  SCOPE_Task.o [6]
xAccumDone              0x2000'3d48     0x4  Data  Gb  SCOPE_Task.o [6]
xAccumHandle            0x2000'3d44     0x4  Data  Gb  SCOPE_Task.o [6]
xBlockAllocatedBit      0x2000'3d1c     0x4  Data  Lc  heap_4.o [3]
xBtnPosArr              0x2000'0018     0x4  Data  Gb  Menu_Task.o [6]
xBtnPresQueue           0x2000'3d04     0x4  Data  Gb  Buttons_Task.o [6]
xBtnPresSem             0x2000'3d00     0x4  Data  Gb  Buttons_Task.o [6]
xDelayedTaskList1       0x2000'3c78    0x14  Data  Lc  tasks.o [2]
xDelayedTaskList2       0x2000'3c8c    0x14  Data  Lc  tasks.o [2]
xFilterDone             0x2000'3d34     0x4  Data  Gb  METER_Task.o [6]
xFilterHandle           0x2000'3d3c     0x4  Data  Gb  METER_Task.o [6]
xFreeBytesRemaining     0x2000'3d0c     0x4  Data  Lc  heap_4.o [3]
xGameBtnHandle          0x2000'3d28     0x4  Data  Gb  LASTLEVELMENU_Task.o [6]
xGameDrawHandle         0x2000'3d24     0x4  Data  Gb  LASTLEVELMENU_Task.o [6]
xHeapStructSize          0x800'0454     0x4  Data  Lc  heap_4.o [3]
xIdleTaskHandle         0x2000'3d84     0x4  Data  Lc  tasks.o [2]
xLASTLEVELMENUHandle    0x2000'3d20     0x4  Data  Gb  LASTLEVELMENU_Task.o [6]
xMenuHandle             0x2000'3d30     0x4  Data  Gb  Menu_Task.o [6]
xMeterHandle            0x2000'3d38     0x4  Data  Gb  METER_Task.o [6]
xMinimumEverFreeBytesRemaining
                        0x2000'3d10     0x4  Data  Lc  heap_4.o [3]
xNextTaskUnblockTime    0x2000'3d80     0x4  Data  Lc  tasks.o [2]
xNumOfOverflows         0x2000'3d78     0x4  Data  Lc  tasks.o [2]
xNumberOfSuccessfulAllocations
                        0x2000'3d14     0x4  Data  Lc  heap_4.o [3]
xNumberOfSuccessfulFrees
                        0x2000'3d18     0x4  Data  Lc  heap_4.o [3]
xPendedTicks            0x2000'3d70     0x4  Data  Lc  tasks.o [2]
xPendingReadyList       0x2000'3ca0    0x14  Data  Lc  tasks.o [2]
xPortStartScheduler      0x800'32c1    0x2c  Code  Gb  port.o [3]
xQueueCreateCountingSemaphore
                         0x800'1e0f    0x18  Code  Gb  queue.o [2]
xQueueGenericCreate      0x800'1da1    0x38  Code  Gb  queue.o [2]
xQueueGenericReset       0x800'1d1d    0x84  Code  Gb  queue.o [2]
xQueueGenericSend        0x800'1e27   0x120  Code  Gb  queue.o [2]
xQueueReceive            0x800'1f47   0x108  Code  Gb  queue.o [2]
xQueueSemaphoreTake      0x800'204f   0x14a  Code  Gb  queue.o [2]
xSchedulerRunning       0x2000'3d6c     0x4  Data  Lc  tasks.o [2]
xScopeHandle            0x2000'3d40     0x4  Data  Gb  SCOPE_Task.o [6]
xStart                  0x2000'3ce8     0x8  Data  Lc  heap_4.o [3]
xSuspendedTaskList      0x2000'3cc8    0x14  Data  Lc  tasks.o [2]
xTaskCheckForTimeOut     0x800'2b45    0x6a  Code  Gb  tasks.o [2]
xTaskCreate              0x800'2331    0x6c  Code  Gb  tasks.o [2]
xTaskGetTickCount        0x800'2911     0x8  Code  Gb  tasks.o [2]
xTaskIncrementTick       0x800'2919   0x122  Code  Gb  tasks.o [2]
xTaskPriorityDisinherit
                         0x800'2d8f    0x7a  Code  Gb  tasks.o [2]
xTaskPriorityInherit     0x800'2cd5    0xba  Code  Gb  tasks.o [2]
xTaskRemoveFromEventList
                         0x800'2aad    0x6c  Code  Gb  tasks.o [2]
xTaskResumeAll           0x800'282b    0xe6  Code  Gb  tasks.o [2]
xTasksWaitingTermination
                        0x2000'3cb4    0x14  Data  Lc  tasks.o [2]
xTickCount              0x2000'3d64     0x4  Data  Lc  tasks.o [2]
xYieldPending           0x2000'3d74     0x4  Data  Lc  tasks.o [2]
yBtnPosArr              0x2000'0014     0x4  Data  Gb  Menu_Task.o [6]


[1] = C:\Users\Harak\Documents\Projects\vacuumMetr\MCU_Proj\VacuumMetrProj\Debug\Obj\CMSIS
[2] = C:\Users\Harak\Documents\Projects\vacuumMetr\MCU_Proj\VacuumMetrProj\Debug\Obj\FreeRTOS
[3] = C:\Users\Harak\Documents\Projects\vacuumMetr\MCU_Proj\VacuumMetrProj\Debug\Obj\FreeRTOS\portable
[4] = C:\Users\Harak\Documents\Projects\vacuumMetr\MCU_Proj\VacuumMetrProj\Debug\Obj\User
[5] = C:\Users\Harak\Documents\Projects\vacuumMetr\MCU_Proj\VacuumMetrProj\Debug\Obj\User\Games
[6] = C:\Users\Harak\Documents\Projects\vacuumMetr\MCU_Proj\VacuumMetrProj\Debug\Obj\User\Tasks
[7] = C:\Users\Harak\Documents\Projects\vacuumMetr\MCU_Proj\VacuumMetrProj\Debug\Obj\User\libs
[8] = dl7M_tln.a
[9] = m7M_tl.a
[10] = rt7M_tl.a

  31'449 bytes of readonly  code memory
   1'373 bytes of readonly  data memory
  17'811 bytes of readwrite data memory

Errors: none
Warnings: none
