###############################################################################
#
# IAR ELF Linker V8.32.3.193/W32 for ARM                  11/Apr/2021  10:01:25
# Copyright 2007-2019 IAR Systems AB.
#
#    Output file  =  
#        C:\Users\Harak\Documents\Projects\vacuumMetr\MCU_Proj\VacuumMetrProj\Debug\Exe\VacuumMetrProj.out
#    Map file     =  
#        C:\Users\Harak\Documents\Projects\vacuumMetr\MCU_Proj\VacuumMetrProj\Debug\List\VacuumMetrProj.map
#    Command line =  
#        -f C:\Users\Harak\AppData\Local\Temp\EWD4C8.tmp
#        (C:\Users\Harak\Documents\Projects\vacuumMetr\MCU_Proj\VacuumMetrProj\Debug\Obj\ADC.o
#        C:\Users\Harak\Documents\Projects\vacuumMetr\MCU_Proj\VacuumMetrProj\Debug\Obj\BoardConfig.o
#        C:\Users\Harak\Documents\Projects\vacuumMetr\MCU_Proj\VacuumMetrProj\Debug\Obj\Buttons.o
#        C:\Users\Harak\Documents\Projects\vacuumMetr\MCU_Proj\VacuumMetrProj\Debug\Obj\Buttons_Task.o
#        C:\Users\Harak\Documents\Projects\vacuumMetr\MCU_Proj\VacuumMetrProj\Debug\Obj\Configuration.o
#        C:\Users\Harak\Documents\Projects\vacuumMetr\MCU_Proj\VacuumMetrProj\Debug\Obj\croutine.o
#        C:\Users\Harak\Documents\Projects\vacuumMetr\MCU_Proj\VacuumMetrProj\Debug\Obj\DISP_Buff.o
#        C:\Users\Harak\Documents\Projects\vacuumMetr\MCU_Proj\VacuumMetrProj\Debug\Obj\heap_4.o
#        C:\Users\Harak\Documents\Projects\vacuumMetr\MCU_Proj\VacuumMetrProj\Debug\Obj\LASTLEVELMENU_Task.o
#        C:\Users\Harak\Documents\Projects\vacuumMetr\MCU_Proj\VacuumMetrProj\Debug\Obj\lcd5110.o
#        C:\Users\Harak\Documents\Projects\vacuumMetr\MCU_Proj\VacuumMetrProj\Debug\Obj\list.o
#        C:\Users\Harak\Documents\Projects\vacuumMetr\MCU_Proj\VacuumMetrProj\Debug\Obj\main.o
#        C:\Users\Harak\Documents\Projects\vacuumMetr\MCU_Proj\VacuumMetrProj\Debug\Obj\Menu_Task.o
#        C:\Users\Harak\Documents\Projects\vacuumMetr\MCU_Proj\VacuumMetrProj\Debug\Obj\METER_Task.o
#        C:\Users\Harak\Documents\Projects\vacuumMetr\MCU_Proj\VacuumMetrProj\Debug\Obj\port.o
#        C:\Users\Harak\Documents\Projects\vacuumMetr\MCU_Proj\VacuumMetrProj\Debug\Obj\portasm.o
#        C:\Users\Harak\Documents\Projects\vacuumMetr\MCU_Proj\VacuumMetrProj\Debug\Obj\queue.o
#        C:\Users\Harak\Documents\Projects\vacuumMetr\MCU_Proj\VacuumMetrProj\Debug\Obj\Snake.o
#        C:\Users\Harak\Documents\Projects\vacuumMetr\MCU_Proj\VacuumMetrProj\Debug\Obj\startup_stm32f103xb.o
#        C:\Users\Harak\Documents\Projects\vacuumMetr\MCU_Proj\VacuumMetrProj\Debug\Obj\stm32f1xx_it.o
#        C:\Users\Harak\Documents\Projects\vacuumMetr\MCU_Proj\VacuumMetrProj\Debug\Obj\system_stm32f1xx.o
#        C:\Users\Harak\Documents\Projects\vacuumMetr\MCU_Proj\VacuumMetrProj\Debug\Obj\tasks.o
#        C:\Users\Harak\Documents\Projects\vacuumMetr\MCU_Proj\VacuumMetrProj\Debug\Obj\Tetris.o
#        --no_out_extension -o
#        C:\Users\Harak\Documents\Projects\vacuumMetr\MCU_Proj\VacuumMetrProj\Debug\Exe\VacuumMetrProj.out
#        --redirect _Printf=_PrintfFullNoMb --redirect _Scanf=_ScanfFullNoMb
#        --map
#        C:\Users\Harak\Documents\Projects\vacuumMetr\MCU_Proj\VacuumMetrProj\Debug\List\VacuumMetrProj.map
#        --config
#        C:\Users\Harak\Documents\Projects\vacuumMetr\MCU_Proj\VacuumMetrProj\libs\VacuumMetrProj.icf
#        --semihosting --entry __iar_program_start --vfe --text_out locale)
#
###############################################################################

*******************************************************************************
*** RUNTIME MODEL ATTRIBUTES
***

CppFlavor       = *
__Heap_Handler  = DLMalloc
__SystemLibrary = DLib
__dlib_version  = 6


*******************************************************************************
*** HEAP SELECTION
***

The advanced heap was selected because the application calls memory
allocation functions outside of system library functions, and there
are calls to deallocation functions in the application.


*******************************************************************************
*** PLACEMENT SUMMARY
***

"A0":  place at 0x800'0000 { ro section .intvec };
"P1":  place in [from 0x800'0000 to 0x800'ffff] { ro };
define block CSTACK with size = 2K, alignment = 8 { };
define block HEAP with size = 4K, alignment = 8 { };
"P2":  place in [from 0x2000'0000 to 0x2000'4fff] {
          rw, block CSTACK, block HEAP };
initialize by copy { rw };

  Section            Kind         Address    Size  Object
  -------            ----         -------    ----  ------
"A0":                                        0xec
  .intvec            ro code   0x800'0000    0xec  startup_stm32f103xb.o [1]
                             - 0x800'00ec    0xec

"P1":                                      0x823d
  .text              ro code   0x800'00ec  0x14e0  dlmalloc.o [2]
  .text              ro code   0x800'15cc     0x6  abort.o [2]
  .text              ro code   0x800'15d2    0x3a  zero_init3.o [4]
  .text              ro code   0x800'160c    0x2c  xgetmemchunk.o [2]
  .text              ro code   0x800'1638    0x14  exit.o [5]
  .text              ro code   0x800'164c   0xdf2  xprintffull_nomb.o [2]
  .text              ro code   0x800'243e     0xa  xsprout.o [2]
  .text              ro code   0x800'2448    0x16  strchr.o [4]
  .rodata            const     0x800'245e     0x1  Buttons_Task.o [1]
  .rodata            const     0x800'245f     0x1  Buttons_Task.o [1]
  .text              ro code   0x800'2460    0x40  xfail_s.o [2]
  .text              ro code   0x800'24a0    0x36  strlen.o [4]
  .rodata            const     0x800'24d6     0x1  Buttons_Task.o [1]
  .rodata            const     0x800'24d7     0x1  Buttons_Task.o [1]
  .text              ro code   0x800'24d8    0x58  memchr.o [4]
  .text              ro code   0x800'2530   0x230  I64DivMod.o [4]
  .text              ro code   0x800'2760   0x1a2  DblMul.o [3]
  .rodata            const     0x800'2902     0x1  Buttons_Task.o [1]
  .text              ro code   0x800'2904    0xa6  ABImemcpy.o [4]
  .text              ro code   0x800'29ac    0x70  frexp.o [3]
  .text              ro code   0x800'2a1c    0x2e  DblCmpLe.o [3]
  .text              ro code   0x800'2a4c    0x2e  DblCmpGe.o [3]
  .text              ro code   0x800'2a7c   0x13a  ldexp.o [3]
  .text              ro code   0x800'2bb8    0x3a  DblToS32.o [3]
  .text              ro code   0x800'2bf4    0x22  S32ToDbl.o [3]
  .text              ro code   0x800'2c18    0xe2  DblSub.o [3]
  .text              ro code   0x800'2cfc   0x246  DblDiv.o [3]
  .text              ro code   0x800'2f44    0x28  DblToU32.o [3]
  .text              ro code   0x800'2f6c    0x1a  U32ToDbl.o [3]
  .text              ro code   0x800'2f88     0x2  I64DivZer.o [4]
  .text              ro code   0x800'2f8c   0x16a  DblAdd.o [3]
  .text              ro code   0x800'30f8   0xbc8  tasks.o [1]
  .text              ro code   0x800'3cc0   0x2a8  heap_4.o [1]
  .text              ro code   0x800'3f68    0x66  ABImemset.o [4]
  .text              ro code   0x800'3fce    0x9a  list.o [1]
  .text              ro code   0x800'4068    0xe4  port.o [1]
  .text              ro code   0x800'414c    0x20  main.o [1]
  CODE               ro code   0x800'416c    0x88  portasm.o [1]
  .text              ro code   0x800'41f4   0x3b8  BoardConfig.o [1]
  .text              ro code   0x800'45ac   0x194  Buttons_Task.o [1]
  .text              ro code   0x800'4740   0x4fc  Menu_Task.o [1]
  .text              ro code   0x800'4c3c   0x384  METER_Task.o [1]
  .text              ro code   0x800'4fc0   0x4a4  LASTLEVELMENU_Task.o [1]
  .text              ro code   0x800'5464   0x590  DISP_Buff.o [1]
  .text              ro code   0x800'59f4   0x470  lcd5110.o [1]
  .text              ro code   0x800'5e64   0x1e0  ADC.o [1]
  .text              ro code   0x800'6044   0x118  Buttons.o [1]
  .text              ro code   0x800'615c   0x60c  queue.o [1]
  .text              ro code   0x800'6768     0x6  ABImemclr4.o [4]
  .text              ro code   0x800'6770   0x1ec  Configuration.o [1]
  .text              ro code   0x800'695c    0x40  sprintf.o [2]
  .text              ro code   0x800'699c   0x984  Snake.o [1]
  .text              ro code   0x800'7320   0x6e4  Tetris.o [1]
  .text              ro code   0x800'7a04    0x32  ABImemset48.o [4]
  .text              ro code   0x800'7a38    0xa4  rand.o [2]
  .text              ro code   0x800'7adc     0x4  heaptramp0.o [2]
  .rodata            const     0x800'7ae0   0x1e0  DISP_Buff.o [1]
  .text              ro code   0x800'7cc0   0x130  stm32f1xx_it.o [1]
  .text              ro code   0x800'7df0    0xf4  system_stm32f1xx.o [1]
  .text              ro code   0x800'7ee4    0x38  packbits_init_single.o [4]
  .rodata            const     0x800'7f1c    0x30  DISP_Buff.o [1]
  .rodata            const     0x800'7f4c    0x30  DISP_Buff.o [1]
  .rodata            const     0x800'7f7c    0x30  DISP_Buff.o [1]
  .rodata            const     0x800'7fac    0x30  DISP_Buff.o [1]
  .rodata            const     0x800'7fdc    0x30  DISP_Buff.o [1]
  .rodata            const     0x800'800c    0x30  DISP_Buff.o [1]
  .text              ro code   0x800'803c    0x28  data_init.o [4]
  .iar.init_table    const     0x800'8064    0x20  - Linker created -
  .text              ro code   0x800'8084    0x1e  cmain.o [4]
  .text              ro code   0x800'80a2     0x4  low_level_init.o [2]
  .text              ro code   0x800'80a6     0x4  exit.o [2]
  .text              ro code   0x800'80ac     0xa  cexit.o [4]
  .text              ro code   0x800'80b8    0x18  startup_stm32f103xb.o [1]
  .rodata            const     0x800'80d0    0x14  Tetris.o [1]
  .rodata            const     0x800'80e4    0x10  Buttons_Task.o [1]
  .rodata            const     0x800'80f4    0x10  LASTLEVELMENU_Task.o [1]
  .rodata            const     0x800'8104    0x10  Snake.o [1]
  .rodata            const     0x800'8114    0x10  Snake.o [1]
  .rodata            const     0x800'8124    0x10  Tetris.o [1]
  .rodata            const     0x800'8134     0xc  BoardConfig.o [1]
  .rodata            const     0x800'8140     0xc  BoardConfig.o [1]
  .rodata            const     0x800'814c     0xc  LASTLEVELMENU_Task.o [1]
  .rodata            const     0x800'8158     0xc  LASTLEVELMENU_Task.o [1]
  .rodata            const     0x800'8164     0xc  Menu_Task.o [1]
  .rodata            const     0x800'8170     0xc  Menu_Task.o [1]
  .rodata            const     0x800'817c     0xc  Menu_Task.o [1]
  .rodata            const     0x800'8188     0xc  Snake.o [1]
  .text              ro code   0x800'8194     0xc  cstartup_M.o [4]
  .rodata            const     0x800'81a0     0x8  BoardConfig.o [1]
  .rodata            const     0x800'81a8     0x8  DISP_Buff.o [1]
  .rodata            const     0x800'81b0     0x8  DISP_Buff.o [1]
  .rodata            const     0x800'81b8     0x8  LASTLEVELMENU_Task.o [1]
  .rodata            const     0x800'81c0     0x8  LASTLEVELMENU_Task.o [1]
  .rodata            const     0x800'81c8     0x8  LASTLEVELMENU_Task.o [1]
  .rodata            const     0x800'81d0     0x8  LASTLEVELMENU_Task.o [1]
  .rodata            const     0x800'81d8     0x8  LASTLEVELMENU_Task.o [1]
  .rodata            const     0x800'81e0     0x8  LASTLEVELMENU_Task.o [1]
  .rodata            const     0x800'81e8     0x8  LASTLEVELMENU_Task.o [1]
  .rodata            const     0x800'81f0     0x8  LASTLEVELMENU_Task.o [1]
  .rodata            const     0x800'81f8     0x8  LASTLEVELMENU_Task.o [1]
  .rodata            const     0x800'8200     0x8  LASTLEVELMENU_Task.o [1]
  .rodata            const     0x800'8208     0x8  LASTLEVELMENU_Task.o [1]
  .rodata            const     0x800'8210     0x8  LASTLEVELMENU_Task.o [1]
  .rodata            const     0x800'8218     0x8  Menu_Task.o [1]
  .rodata            const     0x800'8220     0x8  Menu_Task.o [1]
  .rodata            const     0x800'8228     0x8  Menu_Task.o [1]
  .rodata            const     0x800'8230     0x8  Menu_Task.o [1]
  .rodata            const     0x800'8238     0x8  METER_Task.o [1]
  .rodata            const     0x800'8240     0x8  METER_Task.o [1]
  .rodata            const     0x800'8248     0x8  tasks.o [1]
  .rodata            const     0x800'8250     0x4  heap_4.o [1]
  .text              ro code   0x800'8254     0x4  startup_stm32f103xb.o [1]
  .text              ro code   0x800'8258     0x4  startup_stm32f103xb.o [1]
  .text              ro code   0x800'825c     0x4  startup_stm32f103xb.o [1]
  .text              ro code   0x800'8260     0x4  startup_stm32f103xb.o [1]
  .text              ro code   0x800'8264     0x4  startup_stm32f103xb.o [1]
  .text              ro code   0x800'8268     0x4  startup_stm32f103xb.o [1]
  .text              ro code   0x800'826c     0x4  startup_stm32f103xb.o [1]
  .text              ro code   0x800'8270     0x4  startup_stm32f103xb.o [1]
  .text              ro code   0x800'8274     0x4  startup_stm32f103xb.o [1]
  .text              ro code   0x800'8278     0x4  startup_stm32f103xb.o [1]
  .text              ro code   0x800'827c     0x4  startup_stm32f103xb.o [1]
  .text              ro code   0x800'8280     0x4  startup_stm32f103xb.o [1]
  .text              ro code   0x800'8284     0x4  startup_stm32f103xb.o [1]
  .text              ro code   0x800'8288     0x4  startup_stm32f103xb.o [1]
  .text              ro code   0x800'828c     0x4  startup_stm32f103xb.o [1]
  .text              ro code   0x800'8290     0x4  startup_stm32f103xb.o [1]
  .text              ro code   0x800'8294     0x4  startup_stm32f103xb.o [1]
  .text              ro code   0x800'8298     0x4  startup_stm32f103xb.o [1]
  .text              ro code   0x800'829c     0x4  startup_stm32f103xb.o [1]
  .text              ro code   0x800'82a0     0x4  startup_stm32f103xb.o [1]
  .text              ro code   0x800'82a4     0x4  startup_stm32f103xb.o [1]
  .text              ro code   0x800'82a8     0x4  startup_stm32f103xb.o [1]
  .text              ro code   0x800'82ac     0x4  startup_stm32f103xb.o [1]
  .text              ro code   0x800'82b0     0x4  startup_stm32f103xb.o [1]
  .text              ro code   0x800'82b4     0x4  startup_stm32f103xb.o [1]
  .text              ro code   0x800'82b8     0x4  startup_stm32f103xb.o [1]
  .text              ro code   0x800'82bc     0x4  startup_stm32f103xb.o [1]
  .text              ro code   0x800'82c0     0x4  startup_stm32f103xb.o [1]
  .text              ro code   0x800'82c4     0x4  startup_stm32f103xb.o [1]
  .text              ro code   0x800'82c8     0x4  startup_stm32f103xb.o [1]
  .text              ro code   0x800'82cc     0x4  startup_stm32f103xb.o [1]
  .text              ro code   0x800'82d0     0x4  startup_stm32f103xb.o [1]
  .text              ro code   0x800'82d4     0x4  startup_stm32f103xb.o [1]
  .text              ro code   0x800'82d8     0x4  startup_stm32f103xb.o [1]
  .text              ro code   0x800'82dc     0x4  startup_stm32f103xb.o [1]
  .text              ro code   0x800'82e0     0x4  startup_stm32f103xb.o [1]
  .text              ro code   0x800'82e4     0x4  startup_stm32f103xb.o [1]
  .text              ro code   0x800'82e8     0x4  startup_stm32f103xb.o [1]
  .text              ro code   0x800'82ec     0x4  startup_stm32f103xb.o [1]
  .text              ro code   0x800'82f0     0x4  startup_stm32f103xb.o [1]
  .text              ro code   0x800'82f4     0x4  startup_stm32f103xb.o [1]
  .text              ro code   0x800'82f8     0x4  startup_stm32f103xb.o [1]
  .text              ro code   0x800'82fc     0x4  startup_stm32f103xb.o [1]
  .text              ro code   0x800'8300     0x4  startup_stm32f103xb.o [1]
  .text              ro code   0x800'8304     0x4  startup_stm32f103xb.o [1]
  .text              ro code   0x800'8308     0x4  startup_stm32f103xb.o [1]
  .text              ro code   0x800'830c     0x4  startup_stm32f103xb.o [1]
  .rodata            const     0x800'8310     0x0  zero_init3.o [4]
  .rodata            const     0x800'8310     0x0  packbits_init_single.o [4]
  Initializer bytes  const     0x800'8310    0x19  <for P2-1>
                             - 0x800'8329  0x823d

"P2", part 1 of 3:                           0x38
  P2-1                        0x2000'0000    0x38  <Init block>
    .data            inited   0x2000'0000     0x4  Configuration.o [1]
    .data            inited   0x2000'0004     0x4  Menu_Task.o [1]
    .data            inited   0x2000'0008     0x4  Menu_Task.o [1]
    .data            inited   0x2000'000c    0x1c  METER_Task.o [1]
    .data            inited   0x2000'0028     0x4  port.o [1]
    .data            inited   0x2000'002c     0x4  tasks.o [1]
    .data            inited   0x2000'0030     0x8  rand.o [2]
                            - 0x2000'0038    0x38

"P2", part 2 of 3:                         0x2f0c
  .bss               zero     0x2000'0038  0x2800  heap_4.o [1]
  .bss               zero     0x2000'2838   0x1f8  DISP_Buff.o [1]
  .bss               zero     0x2000'2a30   0x1d8  dlmalloc.o [2]
  .bss               zero     0x2000'2c08    0x8c  tasks.o [1]
  .bss               zero     0x2000'2c94    0x84  rand.o [2]
  .bss               zero     0x2000'2d18    0x6c  Menu_Task.o [1]
  .bss               zero     0x2000'2d84    0x50  ADC.o [1]
  .bss               zero     0x2000'2dd4    0x20  LASTLEVELMENU_Task.o [1]
  .bss               zero     0x2000'2df4    0x1c  METER_Task.o [1]
  .bss               zero     0x2000'2e10    0x18  dlmalloc.o [2]
  .bss               zero     0x2000'2e28    0x14  LASTLEVELMENU_Task.o [1]
  .bss               zero     0x2000'2e3c    0x14  tasks.o [1]
  .bss               zero     0x2000'2e50    0x14  tasks.o [1]
  .bss               zero     0x2000'2e64    0x14  tasks.o [1]
  .bss               zero     0x2000'2e78    0x14  tasks.o [1]
  .bss               zero     0x2000'2e8c    0x14  tasks.o [1]
  .bss               zero     0x2000'2ea0     0xc  ADC.o [1]
  .bss               zero     0x2000'2eac     0x8  heap_4.o [1]
  .bss               zero     0x2000'2eb4     0x4  Buttons_Task.o [1]
  .bss               zero     0x2000'2eb8     0x8  LASTLEVELMENU_Task.o [1]
  .bss               zero     0x2000'2ec0     0x8  Menu_Task.o [1]
  .bss               zero     0x2000'2ec8     0x4  Buttons_Task.o [1]
  .bss               zero     0x2000'2ecc     0x4  heap_4.o [1]
  .bss               zero     0x2000'2ed0     0x4  heap_4.o [1]
  .bss               zero     0x2000'2ed4     0x4  heap_4.o [1]
  .bss               zero     0x2000'2ed8     0x4  heap_4.o [1]
  .bss               zero     0x2000'2edc     0x4  heap_4.o [1]
  .bss               zero     0x2000'2ee0     0x4  heap_4.o [1]
  .bss               zero     0x2000'2ee4     0x4  LASTLEVELMENU_Task.o [1]
  .bss               zero     0x2000'2ee8     0x4  LASTLEVELMENU_Task.o [1]
  .bss               zero     0x2000'2eec     0x4  LASTLEVELMENU_Task.o [1]
  .bss               zero     0x2000'2ef0     0x4  LASTLEVELMENU_Task.o [1]
  .bss               zero     0x2000'2ef4     0x4  Menu_Task.o [1]
  .bss               zero     0x2000'2ef8     0x4  METER_Task.o [1]
  .bss               zero     0x2000'2efc     0x4  tasks.o [1]
  .bss               zero     0x2000'2f00     0x4  tasks.o [1]
  .bss               zero     0x2000'2f04     0x4  tasks.o [1]
  .bss               zero     0x2000'2f08     0x4  tasks.o [1]
  .bss               zero     0x2000'2f0c     0x4  tasks.o [1]
  .bss               zero     0x2000'2f10     0x4  tasks.o [1]
  .bss               zero     0x2000'2f14     0x4  tasks.o [1]
  .bss               zero     0x2000'2f18     0x4  tasks.o [1]
  .bss               zero     0x2000'2f1c     0x4  tasks.o [1]
  .bss               zero     0x2000'2f20     0x4  tasks.o [1]
  .bss               zero     0x2000'2f24     0x4  tasks.o [1]
  .bss               zero     0x2000'2f28     0x4  tasks.o [1]
  .bss               zero     0x2000'2f2c     0x4  tasks.o [1]
  .bss               zero     0x2000'2f30     0x4  tasks.o [1]
  .bss               zero     0x2000'2f34     0x4  tasks.o [1]
  .bss               zero     0x2000'2f38     0x4  xfail_s.o [2]
  .bss               zero     0x2000'2f3c     0x4  xgetmemchunk.o [2]
  .bss               zero     0x2000'2f40     0x1  Configuration.o [1]
  .bss               zero     0x2000'2f41     0x1  LASTLEVELMENU_Task.o [1]
  .bss               zero     0x2000'2f42     0x1  lcd5110.o [1]
                            - 0x2000'2f43  0x2f0b

"P2", part 3 of 3:                         0x1800
  CSTACK                      0x2000'2f48   0x800  <Block>
    CSTACK           uninit   0x2000'2f48   0x800  <Block tail>
  HEAP                        0x2000'3748  0x1000  <Block>
    HEAP             uninit   0x2000'3748  0x1000  <Block tail>
                            - 0x2000'4748  0x1800

Unused ranges:

         From           To    Size
         ----           --    ----
   0x800'8329   0x800'ffff  0x7cd7
  0x2000'2f44  0x2000'2f47     0x4
  0x2000'4748  0x2000'4fff   0x8b8


*******************************************************************************
*** INIT TABLE
***

          Address      Size
          -------      ----
Zero (__iar_zero_init3)
    1 destination range, total size 0x2f0b:
          0x2000'0038  0x2f0b

Copy/packbits (__iar_packbits_init_single3)
    1 source range, total size 0x19 (44% of destination):
           0x800'8310    0x19
    1 destination range, total size 0x38:
          0x2000'0000    0x38



*******************************************************************************
*** MODULE SUMMARY
***

    Module                  ro code  ro data  rw data
    ------                  -------  -------  -------
command line/config:
    -------------------------------------------------
    Total:

C:\Users\Harak\Documents\Projects\vacuumMetr\MCU_Proj\VacuumMetrProj\Debug\Obj: [1]
    ADC.o                       480                92
    BoardConfig.o               952       32
    Buttons.o                   280
    Buttons_Task.o              404       21        8
    Configuration.o             492        1        5
    DISP_Buff.o               1 424      784      504
    LASTLEVELMENU_Task.o      1 188      136       77
    METER_Task.o                900       28       60
    Menu_Task.o               1 276       72      128
    Snake.o                   2 436       44
    Tetris.o                  1 764       36
    heap_4.o                    680        4   10 272
    lcd5110.o                 1 136                 1
    list.o                      154
    main.o                       32
    port.o                      228        2        4
    portasm.o                   136
    queue.o                   1 548
    startup_stm32f103xb.o       448
    stm32f1xx_it.o              304
    system_stm32f1xx.o          244
    tasks.o                   3 016       10      304
    -------------------------------------------------
    Total:                   19 522    1 170   11 455

dl7M_tln.a: [2]
    abort.o                       6
    dlmalloc.o                5 344               496
    exit.o                        4
    heaptramp0.o                  4
    low_level_init.o              4
    rand.o                      164        4      140
    sprintf.o                    64
    xfail_s.o                    64                 4
    xgetmemchunk.o               44                 4
    xprintffull_nomb.o        3 570
    xsprout.o                    10
    -------------------------------------------------
    Total:                    9 278        4      644

m7M_tl.a: [3]
    DblAdd.o                    362
    DblCmpGe.o                   46
    DblCmpLe.o                   46
    DblDiv.o                    582
    DblMul.o                    418
    DblSub.o                    226
    DblToS32.o                   58
    DblToU32.o                   40
    S32ToDbl.o                   34
    U32ToDbl.o                   26
    frexp.o                     112
    ldexp.o                     314
    -------------------------------------------------
    Total:                    2 264

rt7M_tl.a: [4]
    ABImemclr4.o                  6
    ABImemcpy.o                 166
    ABImemset.o                 102
    ABImemset48.o                50
    I64DivMod.o                 560
    I64DivZer.o                   2
    cexit.o                      10
    cmain.o                      30
    cstartup_M.o                 12
    data_init.o                  40
    memchr.o                     88
    packbits_init_single.o       56
    strchr.o                     22
    strlen.o                     54
    zero_init3.o                 58
    -------------------------------------------------
    Total:                    1 256

shb_l.a: [5]
    exit.o                       20
    -------------------------------------------------
    Total:                       20

    Gaps                         31
    Linker created                        32    6 144
-----------------------------------------------------
    Grand Total:             32 371    1 206   18 243


*******************************************************************************
*** ENTRY LIST
***

Entry                       Address    Size  Type      Object
-----                       -------    ----  ----      ------
.iar.init_table$$Base    0x800'8064           --   Gb  - Linker created -
.iar.init_table$$Limit   0x800'8084           --   Gb  - Linker created -
?main                    0x800'8085          Code  Gb  cmain.o [4]
ADC1Init                 0x800'5e7b    0xd0  Code  Gb  ADC.o [1]
ADCBuff                 0x2000'2d84    0x50  Data  Gb  ADC.o [1]
ADCTIMinit               0x800'5f83    0x60  Code  Gb  ADC.o [1]
ASCII                    0x800'7ae0   0x1e0  Data  Gb  DISP_Buff.o [1]
A_symb                   0x800'7f4c    0x30  Data  Gb  DISP_Buff.o [1]
ArrowDOWN                0x800'81b0     0x8  Data  Gb  DISP_Buff.o [1]
ArrowUP                  0x800'81a8     0x8  Data  Gb  DISP_Buff.o [1]
ButtCreate               0x800'4741    0x3e  Code  Gb  Menu_Task.o [1]
Buttons_Task_init        0x800'45ad    0x46  Code  Gb  Buttons_Task.o [1]
CSTACK$$Base            0x2000'2f48           --   Gb  - Linker created -
CSTACK$$Limit           0x2000'3748           --   Gb  - Linker created -
Config                  0x2000'0000     0x4  Data  Gb  Configuration.o [1]
DISP_Clear               0x800'5ba1    0x2e  Code  Gb  lcd5110.o [1]
DISP_Clear_DMA           0x800'5bcf    0x6c  Code  Gb  lcd5110.o [1]
DISP_Clear_DMA::zero    0x2000'2f42     0x1  Data  Lc  lcd5110.o [1]
DISP_Init                0x800'5a0d    0x6c  Code  Gb  lcd5110.o [1]
DISP_Send_DMA            0x800'5af1    0x6c  Code  Gb  lcd5110.o [1]
DISP_SetPos              0x800'5c3b    0x20  Code  Gb  lcd5110.o [1]
DISP_Update              0x800'5465     0xc  Code  Gb  DISP_Buff.o [1]
DISP_command             0x800'5a79    0x3a  Code  Gb  lcd5110.o [1]
DISP_data                0x800'5ab3    0x3e  Code  Gb  lcd5110.o [1]
DISP_setBias             0x800'5b7f    0x22  Code  Gb  lcd5110.o [1]
DISP_setContrast         0x800'5b5d    0x22  Code  Gb  lcd5110.o [1]
DMA1_Channel3_IRQHandler
                         0x800'7cc1    0x24  Code  Gb  stm32f1xx_it.o [1]
DMA_ADCInit              0x800'5f4b    0x38  Code  Gb  ADC.o [1]
FILT                    0x2000'000c    0x1c  Data  Gb  METER_Task.o [1]
GetButtons               0x800'6045    0x50  Code  Gb  Buttons.o [1]
HEAP$$Base              0x2000'3748           --   Gb  - Linker created -
HEAP$$Limit             0x2000'4748           --   Gb  - Linker created -
H_symb                   0x800'7f1c    0x30  Data  Gb  DISP_Buff.o [1]
I_symb                   0x800'7fdc    0x30  Data  Gb  DISP_Buff.o [1]
K_symb                   0x800'7fac    0x30  Data  Gb  DISP_Buff.o [1]
LASTLEVELMENU_Task_init
                         0x800'503f    0x26  Code  Gb  LASTLEVELMENU_Task.o [1]
LoadInt                  0x800'17fb    0x7a  Code  Lc  xprintffull_nomb.o [2]
METER_Task_init          0x800'4c81    0x30  Code  Gb  METER_Task.o [1]
Menu_Task_init           0x800'4859    0x24  Code  Gb  Menu_Task.o [1]
NVIC_EnableIRQ           0x800'5e65    0x16  Code  Lc  ADC.o [1]
NVIC_EnableIRQ           0x800'59f5    0x18  Code  Lc  lcd5110.o [1]
PendSV_Handler           0x800'416d          Code  Gb  portasm.o [1]
R_symb                   0x800'7f7c    0x30  Data  Gb  DISP_Buff.o [1]
ReadVoltageOnMainBatt    0x800'4421    0xc8  Code  Gb  BoardConfig.o [1]
Region$$Table$$Base      0x800'8064           --   Gb  - Linker created -
Region$$Table$$Limit     0x800'8084           --   Gb  - Linker created -
SPI2Init                 0x800'5cdd    0x14  Code  Gb  lcd5110.o [1]
SVC_Handler              0x800'41b3          Code  Gb  portasm.o [1]
SaveBright               0x800'67f1    0x92  Code  Gb  Configuration.o [1]
SaveCongig               0x800'6771    0x80  Code  Gb  Configuration.o [1]
SensorVoltageStruct     0x2000'2ea0     0xc  Data  Gb  ADC.o [1]
Snake_DeInit             0x800'6a7b    0x22  Code  Gb  Snake.o [1]
Snake_Draw               0x800'6c4f   0x55c  Code  Gb  Snake.o [1]
Snake_Init               0x800'699d    0xde  Code  Gb  Snake.o [1]
Snake_Move               0x800'6a9d   0x1b2  Code  Gb  Snake.o [1]
StandByCheck             0x800'44e9    0x52  Code  Gb  BoardConfig.o [1]
SysTick_Handler          0x800'40ed    0x28  Code  Gb  port.o [1]
SystemInit               0x800'7df1    0xd0  Code  Gb  system_stm32f1xx.o [1]
TIM4_IRQHandler          0x800'7ce5    0xea  Code  Gb  stm32f1xx_it.o [1]
Tetris_DeInit            0x800'74ef     0xc  Code  Gb  Tetris.o [1]
Tetris_Draw              0x800'7559   0x25c  Code  Gb  Tetris.o [1]
Tetris_Move              0x800'77b5   0x104  Code  Gb  Tetris.o [1]
VBUF                    0x2000'2838   0x1f8  Data  Gb  DISP_Buff.o [1]
VBUF_Clear               0x800'5471    0x18  Code  Gb  DISP_Buff.o [1]
VBUF_Draw_Image          0x800'5701   0x162  Code  Gb  DISP_Buff.o [1]
VBUF_Draw_Line           0x800'5489    0xc0  Code  Gb  DISP_Buff.o [1]
VBUF_Draw_Pixel          0x800'5549    0x92  Code  Gb  DISP_Buff.o [1]
VBUF_Invert_Line         0x800'55db   0x126  Code  Gb  DISP_Buff.o [1]
VBUF_Write_Char          0x800'5863   0x164  Code  Gb  DISP_Buff.o [1]
VBUF_Write_String        0x800'59d1    0x24  Code  Gb  DISP_Buff.o [1]
V_symb                   0x800'800c    0x30  Data  Gb  DISP_Buff.o [1]
_GenldFullNoMb           0x800'213d   0x274  Code  Lc  xprintffull_nomb.o [2]
_LdtobFullNoMb           0x800'1d39   0x3d6  Code  Lc  xprintffull_nomb.o [2]
_LitobFullNoMb           0x800'1be9   0x10a  Code  Lc  xprintffull_nomb.o [2]
_PrintfFullNoMb          0x800'164d   0x19e  Code  Gb  xprintffull_nomb.o [2]
_PutcharsFullNoMb        0x800'23b1    0x2e  Code  Lc  xprintffull_nomb.o [2]
_PutfldFullNoMb          0x800'1875   0x268  Code  Lc  xprintffull_nomb.o [2]
_PuttxtFullNoMb          0x800'1add   0x10c  Code  Lc  xprintffull_nomb.o [2]
_Rand_idx               0x2000'2d14     0x4  Data  Lc  rand.o [2]
_Rand_rv                0x2000'2c94    0x80  Data  Lc  rand.o [2]
_Randinit               0x2000'0030     0x1  Data  Gb  rand.o [2]
_Randseed               0x2000'0034     0x4  Data  Gb  rand.o [2]
_SProut                  0x800'243f     0xa  Code  Gb  xsprout.o [2]
__aeabi_cdcmple          0x800'2a1d          Code  Gb  DblCmpLe.o [3]
__aeabi_cdrcmple         0x800'2a4d          Code  Gb  DblCmpGe.o [3]
__aeabi_d2iz             0x800'2bb9          Code  Gb  DblToS32.o [3]
__aeabi_d2uiz            0x800'2f45          Code  Gb  DblToU32.o [3]
__aeabi_ddiv             0x800'2cfd          Code  Gb  DblDiv.o [3]
__aeabi_dmul             0x800'2761          Code  Gb  DblMul.o [3]
__aeabi_dsub             0x800'2c19          Code  Gb  DblSub.o [3]
__aeabi_i2d              0x800'2bf5          Code  Gb  S32ToDbl.o [3]
__aeabi_ldiv0            0x800'2f89          Code  Gb  I64DivZer.o [4]
__aeabi_memclr4          0x800'6769          Code  Gb  ABImemclr4.o [4]
__aeabi_memcpy           0x800'2905          Code  Gb  ABImemcpy.o [4]
__aeabi_memcpy4          0x800'2925          Code  Gb  ABImemcpy.o [4]
__aeabi_memcpy8          0x800'2925          Code  Gb  ABImemcpy.o [4]
__aeabi_memset           0x800'3f69          Code  Gb  ABImemset.o [4]
__aeabi_ui2d             0x800'2f6d          Code  Gb  U32ToDbl.o [3]
__aeabi_uldivmod         0x800'2531          Code  Gb  I64DivMod.o [4]
__cmain                  0x800'8085          Code  Gb  cmain.o [4]
__data_GetMemChunk       0x800'160d    0x2c  Code  Gb  xgetmemchunk.o [2]
__data_GetMemChunk::start
                        0x2000'2f3c     0x4  Data  Lc  xgetmemchunk.o [2]
__exit                   0x800'1639    0x14  Code  Gb  exit.o [5]
__iar_Fail_s             0x800'2461    0x1c  Code  Gb  xfail_s.o [2]
__iar_Memchr             0x800'24d9          Code  Gb  memchr.o [4]
__iar_Memset             0x800'3f69          Code  Gb  ABImemset.o [4]
__iar_Memset4_word       0x800'7a05          Code  Gb  ABImemset48.o [4]
__iar_Memset8_word       0x800'7a05          Code  Gb  ABImemset48.o [4]
__iar_Memset_word        0x800'3f71          Code  Gb  ABImemset.o [4]
__iar_Strchr             0x800'2449          Code  Gb  strchr.o [4]
__iar_dadd               0x800'2c29          Code  Gb  DblSub.o [3]
__iar_data_init3         0x800'803d    0x28  Code  Gb  data_init.o [4]
__iar_dlfree             0x800'10cb   0x4f6  Code  Gb  dlmalloc.o [2]
__iar_dlmalloc           0x800'0e15   0x2b6  Code  Gb  dlmalloc.o [2]
__iar_dsub               0x800'2f8d          Code  Gb  DblAdd.o [3]
__iar_dsubStart          0x800'2f9f          Code  Gb  DblAdd.o [3]
__iar_frexp              0x800'29b9          Code  Gb  frexp.o [3]
__iar_frexp64            0x800'29ad          Code  Gb  frexp.o [3]
__iar_frexpl             0x800'29b9          Code  Gb  frexp.o [3]
__iar_ldexp64            0x800'2a7d          Code  Gb  ldexp.o [3]
__iar_packbits_init_single3
                         0x800'7ee5    0x38  Code  Gb  packbits_init_single.o [4]
__iar_program_start      0x800'8195          Code  Gb  cstartup_M.o [4]
__iar_scalbln64          0x800'2a7d          Code  Gb  ldexp.o [3]
__iar_scalbn64           0x800'2a7d          Code  Gb  ldexp.o [3]
__iar_zero_init3         0x800'15d3    0x3a  Code  Gb  zero_init3.o [4]
__low_level_init         0x800'80a3     0x4  Code  Gb  low_level_init.o [2]
__vector_table           0x800'0000          Data  Gb  startup_stm32f103xb.o [1]
_call_main               0x800'8091          Code  Gb  cmain.o [4]
_exit                    0x800'80ad          Code  Gb  cexit.o [4]
_gm_                    0x2000'2a30   0x1d8  Data  Lc  dlmalloc.o [2]
_main                    0x800'809f          Code  Gb  cmain.o [4]
abort                    0x800'15cd     0x6  Code  Gb  abort.o [2]
add_segment              0x800'04b5   0x1f2  Code  Lc  dlmalloc.o [2]
biasCalibrate            0x800'6883    0xb2  Code  Gb  Configuration.o [1]
bltInit                  0x800'5cf1   0x102  Code  Gb  lcd5110.o [1]
btnArray                0x2000'2d18    0x6c  Data  Gb  Menu_Task.o [1]
calibBtnArray           0x2000'2dd4    0x20  Data  Gb  LASTLEVELMENU_Task.o [1]
disp_LOGO                0x800'41f5   0x114  Code  Gb  BoardConfig.o [1]
enableFirstStepMainBatt
                         0x800'4399    0x44  Code  Gb  BoardConfig.o [1]
enablePWRDisp            0x800'4355    0x44  Code  Gb  BoardConfig.o [1]
enableSecondStepMainBatt
                         0x800'43dd    0x44  Code  Gb  BoardConfig.o [1]
enterStandBy             0x800'4321    0x34  Code  Gb  BoardConfig.o [1]
exit                     0x800'80a7     0x4  Code  Gb  exit.o [2]
filtAverage              0x800'4c4b    0x2a  Code  Gb  METER_Task.o [1]
flagCalib               0x2000'2f40     0x1  Data  Gb  Configuration.o [1]
free                     0x800'7add     0x4  Code  Gb  heaptramp0.o [2]
frexp                    0x800'29ad          Code  Gb  frexp.o [3]
frexpl                   0x800'29ad          Code  Gb  frexp.o [3]
gen_I_Block              0x800'7321    0x42  Code  Gb  Tetris.o [1]
gen_J_Block              0x800'7363    0x42  Code  Gb  Tetris.o [1]
gen_L_Block              0x800'73a5    0x42  Code  Gb  Tetris.o [1]
gen_O_Block              0x800'73e7    0x42  Code  Gb  Tetris.o [1]
gen_S_Block              0x800'7429    0x42  Code  Gb  Tetris.o [1]
gen_T_Block              0x800'746b    0x42  Code  Gb  Tetris.o [1]
gen_Z_Block              0x800'74ad    0x42  Code  Gb  Tetris.o [1]
gpioInit                 0x800'5c5b    0x82  Code  Gb  lcd5110.o [1]
initAll                  0x800'4309    0x18  Code  Gb  BoardConfig.o [1]
initButt                 0x800'6095    0xb2  Code  Gb  Buttons.o [1]
init_mparams             0x800'0107    0x32  Code  Lc  dlmalloc.o [2]
init_top                 0x800'0139    0x36  Code  Lc  dlmalloc.o [2]
invertLastLevelCurrentButton
                         0x800'4fc1    0x4c  Code  Gb  LASTLEVELMENU_Task.o [1]
invertMenuCurrentButton
                         0x800'477f    0x50  Code  Gb  Menu_Task.o [1]
lastlevelButtArrayInit   0x800'500d    0x32  Code  Gb  LASTLEVELMENU_Task.o [1]
ldexp                    0x800'2a7d          Code  Gb  ldexp.o [3]
ldexpl                   0x800'2a7d          Code  Gb  ldexp.o [3]
main                     0x800'414d    0x1c  Code  Gb  main.o [1]
memchr                   0x800'24d9          Code  Gb  memchr.o [4]
memoryToFiltAlloc        0x800'4c3d     0xe  Code  Gb  METER_Task.o [1]
memoryToFiltFree         0x800'4c75     0xc  Code  Gb  METER_Task.o [1]
menuButtArrayInit        0x800'47cf    0x8a  Code  Gb  Menu_Task.o [1]
menuStruct              0x2000'2ec0     0x8  Data  Gb  Menu_Task.o [1]
menuVBUFDraw             0x800'4b41    0xa4  Code  Gb  Menu_Task.o [1]
mparams                 0x2000'2e10    0x18  Data  Lc  dlmalloc.o [2]
prepend_alloc            0x800'016f   0x346  Code  Lc  dlmalloc.o [2]
prvAddCurrentTaskToDelayedList
                         0x800'3c11    0x82  Code  Lc  tasks.o [1]
prvAddNewTaskToReadyList
                         0x800'3259    0x9e  Code  Lc  tasks.o [1]
prvCheckTasksWaitingTermination
                         0x800'3975    0x3a  Code  Lc  tasks.o [1]
prvCopyDataFromQueue     0x800'668b    0x36  Code  Lc  queue.o [1]
prvCopyDataToQueue       0x800'65ef    0x9c  Code  Lc  queue.o [1]
prvDeleteTCB             0x800'39c9    0x12  Code  Lc  tasks.o [1]
prvGetDisinheritPriorityAfterTimeout
                         0x800'65d9    0x16  Code  Lc  queue.o [1]
prvHeapInit              0x800'3e13    0x62  Code  Lc  heap_4.o [1]
prvIdleTask              0x800'38f5    0x28  Code  Lc  tasks.o [1]
prvInitialiseNewQueue    0x800'6215    0x36  Code  Lc  queue.o [1]
prvInitialiseNewTask     0x800'316d    0xec  Code  Lc  tasks.o [1]
prvInitialiseTaskLists   0x800'3925    0x50  Code  Lc  tasks.o [1]
prvInsertBlockIntoFreeList
                         0x800'3e75    0x5e  Code  Lc  heap_4.o [1]
prvIsQueueEmpty          0x800'672f    0x1c  Code  Lc  queue.o [1]
prvIsQueueFull           0x800'674b    0x1e  Code  Lc  queue.o [1]
prvResetNextTaskUnblockTime
                         0x800'39db    0x24  Code  Lc  tasks.o [1]
prvTaskExitError         0x800'4089    0x10  Code  Lc  port.o [1]
prvTaskIsTaskSuspended   0x800'34af    0x2a  Code  Lc  tasks.o [1]
prvUnlockQueue           0x800'66c1    0x6e  Code  Lc  queue.o [1]
pvPortMalloc             0x800'3cc1   0x104  Code  Gb  heap_4.o [1]
pvTaskIncrementMutexHeldCount
                         0x800'3bd1    0x16  Code  Gb  tasks.o [1]
pxCurrentTCB            0x2000'2efc     0x4  Data  Gb  tasks.o [1]
pxDelayedTaskList       0x2000'2f00     0x4  Data  Lc  tasks.o [1]
pxEnd                   0x2000'2ecc     0x4  Data  Lc  heap_4.o [1]
pxHeapStats             0x2000'2df4    0x1c  Data  Gb  METER_Task.o [1]
pxOverflowDelayedTaskList
                        0x2000'2f04     0x4  Data  Lc  tasks.o [1]
pxPortInitialiseStack    0x800'4069    0x20  Code  Gb  port.o [1]
pxReadyTasksLists       0x2000'2c08    0x8c  Data  Lc  tasks.o [1]
rand                     0x800'7a39    0x94  Code  Gb  rand.o [2]
scalbln                  0x800'2a7d          Code  Gb  ldexp.o [3]
scalblnl                 0x800'2a7d          Code  Gb  ldexp.o [3]
scalbn                   0x800'2a7d          Code  Gb  ldexp.o [3]
scalbnl                  0x800'2a7d          Code  Gb  ldexp.o [3]
scale                    0x800'1cf3    0x46  Code  Lc  xprintffull_nomb.o [2]
sec_hand                0x2000'2f38     0x4  Data  Lc  xfail_s.o [2]
segment_holding          0x800'00ed    0x1a  Code  Lc  dlmalloc.o [2]
sprintf                  0x800'695d    0x40  Code  Gb  sprintf.o [2]
strchr                   0x800'2449          Code  Gb  strchr.o [4]
strlen                   0x800'24a1          Code  Gb  strlen.o [4]
sys_alloc                0x800'06ad   0x164  Code  Lc  dlmalloc.o [2]
sys_trim                 0x800'0811    0x64  Code  Lc  dlmalloc.o [2]
tempConfig              0x2000'2e28    0x14  Data  Gb  LASTLEVELMENU_Task.o [1]
tmalloc_large            0x800'0881   0x386  Code  Lc  dlmalloc.o [2]
tmalloc_small            0x800'0c07   0x200  Code  Lc  dlmalloc.o [2]
ucHeap                  0x2000'0038  0x2800  Data  Lc  heap_4.o [1]
uxCriticalNesting       0x2000'0028     0x4  Data  Lc  port.o [1]
uxCurrentNumberOfTasks  0x2000'2f0c     0x4  Data  Lc  tasks.o [1]
uxDeletedTasksWaitingCleanUp
                        0x2000'2f08     0x4  Data  Lc  tasks.o [1]
uxListRemove             0x800'4041    0x28  Code  Gb  list.o [1]
uxSchedulerSuspended    0x2000'2f34     0x4  Data  Lc  tasks.o [1]
uxTaskNumber            0x2000'2f28     0x4  Data  Lc  tasks.o [1]
uxTopReadyPriority      0x2000'2f14     0x4  Data  Lc  tasks.o [1]
uxTopUsedPriority       0x2000'002c     0x4  Data  Gb  tasks.o [1]
vApplicationIdleHook     0x800'4169     0x2  Code  Gb  main.o [1]
vApplicationTickHook     0x800'416b     0x2  Code  Gb  main.o [1]
vBUTTONSCheck_Task       0x800'45f5   0x12a  Code  Gb  Buttons_Task.o [1]
vBUTTONSCheck_Task::DOWN_BTN
                         0x800'24d6     0x1  Data  Lc  Buttons_Task.o [1]
vBUTTONSCheck_Task::ENTER_BTN
                         0x800'245f     0x1  Data  Lc  Buttons_Task.o [1]
vBUTTONSCheck_Task::LEFT_BTN
                         0x800'24d7     0x1  Data  Lc  Buttons_Task.o [1]
vBUTTONSCheck_Task::RIGHT_BTN
                         0x800'2902     0x1  Data  Lc  Buttons_Task.o [1]
vBUTTONSCheck_Task::UP_BTN
                         0x800'245e     0x1  Data  Lc  Buttons_Task.o [1]
vBtnSnake_Task           0x800'7259    0xa0  Code  Gb  Snake.o [1]
vBtnTetris_Task          0x800'79a5    0x40  Code  Gb  Tetris.o [1]
vDrawSnake_Task          0x800'7201    0x56  Code  Gb  Snake.o [1]
vDrawTetris_Task         0x800'78b9    0xea  Code  Gb  Tetris.o [1]
vFILTER_Task             0x800'4e89   0x11c  Code  Gb  METER_Task.o [1]
vLASTLEVELMENU_Task      0x800'5065   0x374  Code  Gb  LASTLEVELMENU_Task.o [1]
vLASTLEVELMENU_Task{2}{3}{4}{5}{6}::averVolt
                        0x2000'2ef0     0x4  Data  Lc  LASTLEVELMENU_Task.o [1]
vLASTLEVELMENU_Task{2}{3}{4}{5}{6}::battVolt
                        0x2000'2eb8     0x8  Data  Lc  LASTLEVELMENU_Task.o [1]
vLASTLEVELMENU_Task{2}{3}{4}{5}{6}::countReads
                        0x2000'2f41     0x1  Data  Lc  LASTLEVELMENU_Task.o [1]
vListInitialise          0x800'3fcf    0x1e  Code  Gb  list.o [1]
vListInitialiseItem      0x800'3fed     0x6  Code  Gb  list.o [1]
vListInsert              0x800'400b    0x36  Code  Gb  list.o [1]
vListInsertEnd           0x800'3ff3    0x18  Code  Gb  list.o [1]
vMENU_Task               0x800'487d   0x2c4  Code  Gb  Menu_Task.o [1]
vMETER_Task              0x800'4cb1   0x1d8  Code  Gb  METER_Task.o [1]
vPortEnterCritical       0x800'40bf    0x18  Code  Gb  port.o [1]
vPortExitCritical        0x800'40d7    0x16  Code  Gb  port.o [1]
vPortFree                0x800'3dc5    0x4e  Code  Gb  heap_4.o [1]
vPortGetHeapStats        0x800'3ed3    0x6e  Code  Gb  heap_4.o [1]
vPortStartFirstTask      0x800'41d3          Code  Gb  portasm.o [1]
vSnake_Start             0x800'71ab    0x54  Code  Gb  Snake.o [1]
vTaskDelay               0x800'33ab    0x34  Code  Gb  tasks.o [1]
vTaskDelete              0x800'32f7    0xb4  Code  Gb  tasks.o [1]
vTaskInternalSetTimeOutState
                         0x800'385d    0x12  Code  Gb  tasks.o [1]
vTaskMissedYield         0x800'38d9     0xa  Code  Gb  tasks.o [1]
vTaskPlaceOnEventList    0x800'37d3    0x20  Code  Gb  tasks.o [1]
vTaskPriorityDisinheritAfterTimeout
                         0x800'3b25    0xac  Code  Gb  tasks.o [1]
vTaskResume              0x800'34d9    0x6e  Code  Gb  tasks.o [1]
vTaskStartScheduler      0x800'3547    0x56  Code  Gb  tasks.o [1]
vTaskSuspend             0x800'33df    0xd0  Code  Gb  tasks.o [1]
vTaskSuspendAll          0x800'359d     0xc  Code  Gb  tasks.o [1]
vTaskSwitchContext       0x800'3781    0x52  Code  Gb  tasks.o [1]
vTetris_Start            0x800'74fb    0x5e  Code  Gb  Tetris.o [1]
xBlockAllocatedBit      0x2000'2ee0     0x4  Data  Lc  heap_4.o [1]
xBtnPosArr              0x2000'0008     0x4  Data  Gb  Menu_Task.o [1]
xBtnPresQueue           0x2000'2ec8     0x4  Data  Gb  Buttons_Task.o [1]
xBtnPresSem             0x2000'2eb4     0x4  Data  Gb  Buttons_Task.o [1]
xDelayedTaskList1       0x2000'2e3c    0x14  Data  Lc  tasks.o [1]
xDelayedTaskList2       0x2000'2e50    0x14  Data  Lc  tasks.o [1]
xFreeBytesRemaining     0x2000'2ed0     0x4  Data  Lc  heap_4.o [1]
xGameBtnHandle          0x2000'2eec     0x4  Data  Gb  LASTLEVELMENU_Task.o [1]
xGameDrawHandle         0x2000'2ee8     0x4  Data  Gb  LASTLEVELMENU_Task.o [1]
xHeapStructSize          0x800'8250     0x4  Data  Lc  heap_4.o [1]
xIdleTaskHandle         0x2000'2f30     0x4  Data  Lc  tasks.o [1]
xLASTLEVELMENUHandle    0x2000'2ee4     0x4  Data  Gb  LASTLEVELMENU_Task.o [1]
xMenuHandle             0x2000'2ef4     0x4  Data  Gb  Menu_Task.o [1]
xMeterHandle            0x2000'2ef8     0x4  Data  Gb  METER_Task.o [1]
xMinimumEverFreeBytesRemaining
                        0x2000'2ed4     0x4  Data  Lc  heap_4.o [1]
xNextTaskUnblockTime    0x2000'2f2c     0x4  Data  Lc  tasks.o [1]
xNumOfOverflows         0x2000'2f24     0x4  Data  Lc  tasks.o [1]
xNumberOfSuccessfulAllocations
                        0x2000'2ed8     0x4  Data  Lc  heap_4.o [1]
xNumberOfSuccessfulFrees
                        0x2000'2edc     0x4  Data  Lc  heap_4.o [1]
xPendedTicks            0x2000'2f1c     0x4  Data  Lc  tasks.o [1]
xPendingReadyList       0x2000'2e64    0x14  Data  Lc  tasks.o [1]
xPortStartScheduler      0x800'4099    0x26  Code  Gb  port.o [1]
xQueueCreateCountingSemaphore
                         0x800'624b    0x18  Code  Gb  queue.o [1]
xQueueGenericCreate      0x800'61dd    0x38  Code  Gb  queue.o [1]
xQueueGenericReset       0x800'615d    0x80  Code  Gb  queue.o [1]
xQueueGenericSend        0x800'6263   0x120  Code  Gb  queue.o [1]
xQueueReceive            0x800'6383   0x108  Code  Gb  queue.o [1]
xQueueSemaphoreTake      0x800'648b   0x14a  Code  Gb  queue.o [1]
xSchedulerRunning       0x2000'2f18     0x4  Data  Lc  tasks.o [1]
xStart                  0x2000'2eac     0x8  Data  Lc  heap_4.o [1]
xSuspendedTaskList      0x2000'2e8c    0x14  Data  Lc  tasks.o [1]
xTaskCheckForTimeOut     0x800'386f    0x6a  Code  Gb  tasks.o [1]
xTaskCreate              0x800'30f9    0x74  Code  Gb  tasks.o [1]
xTaskIncrementTick       0x800'367b   0x106  Code  Gb  tasks.o [1]
xTaskPriorityDisinherit
                         0x800'3aad    0x72  Code  Gb  tasks.o [1]
xTaskPriorityInherit     0x800'39ff    0xae  Code  Gb  tasks.o [1]
xTaskRemoveFromEventList
                         0x800'37f3    0x6a  Code  Gb  tasks.o [1]
xTaskResumeAll           0x800'35a9    0xd2  Code  Gb  tasks.o [1]
xTasksWaitingTermination
                        0x2000'2e78    0x14  Data  Lc  tasks.o [1]
xTickCount              0x2000'2f10     0x4  Data  Lc  tasks.o [1]
xYieldPending           0x2000'2f20     0x4  Data  Lc  tasks.o [1]
yBtnPosArr              0x2000'0004     0x4  Data  Gb  Menu_Task.o [1]


[1] = C:\Users\Harak\Documents\Projects\vacuumMetr\MCU_Proj\VacuumMetrProj\Debug\Obj
[2] = dl7M_tln.a
[3] = m7M_tl.a
[4] = rt7M_tl.a
[5] = shb_l.a

  32 371 bytes of readonly  code memory
   1 206 bytes of readonly  data memory
  18 243 bytes of readwrite data memory

Errors: none
Warnings: none
