###############################################################################
#
# IAR ELF Linker V8.32.3.193/W32 for ARM                  06/Feb/2021  22:09:06
# Copyright 2007-2019 IAR Systems AB.
#
#    Output file  =  
#        C:\Users\Harak\Documents\Projects\vacuumMetr\MCU_Proj\VacuumMetrProj\Debug\Exe\VacuumMetrProj.out
#    Map file     =  
#        C:\Users\Harak\Documents\Projects\vacuumMetr\MCU_Proj\VacuumMetrProj\Debug\List\VacuumMetrProj.map
#    Command line =  
#        -f C:\Users\Harak\AppData\Local\Temp\EWC396.tmp
#        (C:\Users\Harak\Documents\Projects\vacuumMetr\MCU_Proj\VacuumMetrProj\Debug\Obj\ADC.o
#        C:\Users\Harak\Documents\Projects\vacuumMetr\MCU_Proj\VacuumMetrProj\Debug\Obj\BoardConfig.o
#        C:\Users\Harak\Documents\Projects\vacuumMetr\MCU_Proj\VacuumMetrProj\Debug\Obj\Buttons.o
#        C:\Users\Harak\Documents\Projects\vacuumMetr\MCU_Proj\VacuumMetrProj\Debug\Obj\croutine.o
#        C:\Users\Harak\Documents\Projects\vacuumMetr\MCU_Proj\VacuumMetrProj\Debug\Obj\heap_3.o
#        C:\Users\Harak\Documents\Projects\vacuumMetr\MCU_Proj\VacuumMetrProj\Debug\Obj\lcd5110.o
#        C:\Users\Harak\Documents\Projects\vacuumMetr\MCU_Proj\VacuumMetrProj\Debug\Obj\LCD_Task.o
#        C:\Users\Harak\Documents\Projects\vacuumMetr\MCU_Proj\VacuumMetrProj\Debug\Obj\list.o
#        C:\Users\Harak\Documents\Projects\vacuumMetr\MCU_Proj\VacuumMetrProj\Debug\Obj\main.o
#        C:\Users\Harak\Documents\Projects\vacuumMetr\MCU_Proj\VacuumMetrProj\Debug\Obj\port.o
#        C:\Users\Harak\Documents\Projects\vacuumMetr\MCU_Proj\VacuumMetrProj\Debug\Obj\portasm.o
#        C:\Users\Harak\Documents\Projects\vacuumMetr\MCU_Proj\VacuumMetrProj\Debug\Obj\queue.o
#        C:\Users\Harak\Documents\Projects\vacuumMetr\MCU_Proj\VacuumMetrProj\Debug\Obj\startup_stm32f103xb.o
#        C:\Users\Harak\Documents\Projects\vacuumMetr\MCU_Proj\VacuumMetrProj\Debug\Obj\stm32f1xx_it.o
#        C:\Users\Harak\Documents\Projects\vacuumMetr\MCU_Proj\VacuumMetrProj\Debug\Obj\system_stm32f1xx.o
#        C:\Users\Harak\Documents\Projects\vacuumMetr\MCU_Proj\VacuumMetrProj\Debug\Obj\tasks.o
#        --no_out_extension -o
#        C:\Users\Harak\Documents\Projects\vacuumMetr\MCU_Proj\VacuumMetrProj\Debug\Exe\VacuumMetrProj.out
#        --redirect _Printf=_PrintfFullNoMb --redirect _Scanf=_ScanfFullNoMb
#        --map
#        C:\Users\Harak\Documents\Projects\vacuumMetr\MCU_Proj\VacuumMetrProj\Debug\List\VacuumMetrProj.map
#        --config
#        C:\Users\Harak\Documents\Projects\vacuumMetr\MCU_Proj\VacuumMetrProj\libs\VacuumMetrProj.icf
#        --semihosting --entry __iar_program_start --vfe --text_out locale)
#
###############################################################################

*******************************************************************************
*** RUNTIME MODEL ATTRIBUTES
***

CppFlavor       = *
__Heap_Handler  = DLMalloc
__SystemLibrary = DLib
__dlib_version  = 6


*******************************************************************************
*** HEAP SELECTION
***

The advanced heap was selected because the application calls memory
allocation functions outside of system library functions, and there
are calls to deallocation functions in the application.


*******************************************************************************
*** PLACEMENT SUMMARY
***

"A0":  place at 0x800'0000 { ro section .intvec };
"P1":  place in [from 0x800'0000 to 0x800'ffff] { ro };
define block CSTACK with size = 2K, alignment = 8 { };
define block HEAP with size = 10K, alignment = 8 { };
"P2":  place in [from 0x2000'0000 to 0x2000'4fff] {
          rw, block CSTACK, block HEAP };
initialize by copy { rw };

  Section            Kind         Address    Size  Object
  -------            ----         -------    ----  ------
"A0":                                        0xec
  .intvec            ro code   0x800'0000    0xec  startup_stm32f103xb.o [1]
                             - 0x800'00ec    0xec

"P1":                                      0x2c2c
  .text              ro code   0x800'00ec  0x14e0  dlmalloc.o [2]
  .text              ro code   0x800'15cc     0x6  abort.o [2]
  .text              ro code   0x800'15d2    0x3a  zero_init3.o [4]
  .text              ro code   0x800'160c    0x2c  xgetmemchunk.o [2]
  .text              ro code   0x800'1638    0x14  exit.o [5]
  .text              ro code   0x800'164c   0x6b0  tasks.o [1]
  .text              ro code   0x800'1cfc    0x30  heap_3.o [1]
  .text              ro code   0x800'1d2c    0x66  ABImemset.o [4]
  .text              ro code   0x800'1d92    0x9a  list.o [1]
  .text              ro code   0x800'1e2c    0xe4  port.o [1]
  .text              ro code   0x800'1f10    0x8c  main.o [1]
  .text              ro code   0x800'1f9c     0x4  heaptramp0.o [2]
  CODE               ro code   0x800'1fa0    0x88  portasm.o [1]
  .text              ro code   0x800'2028   0x3ec  lcd5110.o [1]
  .text              ro code   0x800'2414    0x10  BoardConfig.o [1]
  .text              ro code   0x800'2424   0x1dc  ADC.o [1]
  .text              ro code   0x800'2600    0xc0  Buttons.o [1]
  .text              ro code   0x800'26c0   0x1a2  DblMul.o [3]
  .text              ro code   0x800'2864    0xf4  system_stm32f1xx.o [1]
  .text              ro code   0x800'2958    0xf0  stm32f1xx_it.o [1]
  .text              ro code   0x800'2a48     0x6  ABImemclr4.o [4]
  .text              ro code   0x800'2a50    0x1a  U32ToDbl.o [3]
  .text              ro code   0x800'2a6c    0x3a  DblToS32.o [3]
  .text              ro code   0x800'2aa8    0x32  ABImemset48.o [4]
  .text              ro code   0x800'2ada    0x38  packbits_init_single.o [4]
  .text              ro code   0x800'2b14    0x28  data_init.o [4]
  .iar.init_table    const     0x800'2b3c    0x20  - Linker created -
  .text              ro code   0x800'2b5c    0x1e  cmain.o [4]
  .text              ro code   0x800'2b7a     0x4  low_level_init.o [2]
  .text              ro code   0x800'2b7e     0x4  exit.o [2]
  .text              ro code   0x800'2b84     0xa  cexit.o [4]
  .rodata            const     0x800'2b90    0x10  main.o [1]
  .rodata            const     0x800'2ba0    0x10  main.o [1]
  .text              ro code   0x800'2bb0    0x10  startup_stm32f103xb.o [1]
  .text              ro code   0x800'2bc0     0xc  cstartup_M.o [4]
  .rodata            const     0x800'2bcc     0x8  tasks.o [1]
  .text              ro code   0x800'2bd4     0x4  startup_stm32f103xb.o [1]
  .text              ro code   0x800'2bd8     0x4  startup_stm32f103xb.o [1]
  .text              ro code   0x800'2bdc     0x4  startup_stm32f103xb.o [1]
  .text              ro code   0x800'2be0     0x4  startup_stm32f103xb.o [1]
  .text              ro code   0x800'2be4     0x4  startup_stm32f103xb.o [1]
  .text              ro code   0x800'2be8     0x4  startup_stm32f103xb.o [1]
  .text              ro code   0x800'2bec     0x4  startup_stm32f103xb.o [1]
  .text              ro code   0x800'2bf0     0x4  startup_stm32f103xb.o [1]
  .text              ro code   0x800'2bf4     0x4  startup_stm32f103xb.o [1]
  .text              ro code   0x800'2bf8     0x4  startup_stm32f103xb.o [1]
  .text              ro code   0x800'2bfc     0x4  startup_stm32f103xb.o [1]
  .text              ro code   0x800'2c00     0x4  startup_stm32f103xb.o [1]
  .text              ro code   0x800'2c04     0x4  startup_stm32f103xb.o [1]
  .text              ro code   0x800'2c08     0x4  startup_stm32f103xb.o [1]
  .text              ro code   0x800'2c0c     0x4  startup_stm32f103xb.o [1]
  .text              ro code   0x800'2c10     0x4  startup_stm32f103xb.o [1]
  .text              ro code   0x800'2c14     0x4  startup_stm32f103xb.o [1]
  .text              ro code   0x800'2c18     0x4  startup_stm32f103xb.o [1]
  .text              ro code   0x800'2c1c     0x4  startup_stm32f103xb.o [1]
  .text              ro code   0x800'2c20     0x4  startup_stm32f103xb.o [1]
  .text              ro code   0x800'2c24     0x4  startup_stm32f103xb.o [1]
  .text              ro code   0x800'2c28     0x4  startup_stm32f103xb.o [1]
  .text              ro code   0x800'2c2c     0x4  startup_stm32f103xb.o [1]
  .text              ro code   0x800'2c30     0x4  startup_stm32f103xb.o [1]
  .text              ro code   0x800'2c34     0x4  startup_stm32f103xb.o [1]
  .text              ro code   0x800'2c38     0x4  startup_stm32f103xb.o [1]
  .text              ro code   0x800'2c3c     0x4  startup_stm32f103xb.o [1]
  .text              ro code   0x800'2c40     0x4  startup_stm32f103xb.o [1]
  .text              ro code   0x800'2c44     0x4  startup_stm32f103xb.o [1]
  .text              ro code   0x800'2c48     0x4  startup_stm32f103xb.o [1]
  .text              ro code   0x800'2c4c     0x4  startup_stm32f103xb.o [1]
  .text              ro code   0x800'2c50     0x4  startup_stm32f103xb.o [1]
  .text              ro code   0x800'2c54     0x4  startup_stm32f103xb.o [1]
  .text              ro code   0x800'2c58     0x4  startup_stm32f103xb.o [1]
  .text              ro code   0x800'2c5c     0x4  startup_stm32f103xb.o [1]
  .text              ro code   0x800'2c60     0x4  startup_stm32f103xb.o [1]
  .text              ro code   0x800'2c64     0x4  startup_stm32f103xb.o [1]
  .text              ro code   0x800'2c68     0x4  startup_stm32f103xb.o [1]
  .text              ro code   0x800'2c6c     0x4  startup_stm32f103xb.o [1]
  .text              ro code   0x800'2c70     0x4  startup_stm32f103xb.o [1]
  .text              ro code   0x800'2c74     0x4  startup_stm32f103xb.o [1]
  .text              ro code   0x800'2c78     0x4  startup_stm32f103xb.o [1]
  .text              ro code   0x800'2c7c     0x4  startup_stm32f103xb.o [1]
  .text              ro code   0x800'2c80     0x4  startup_stm32f103xb.o [1]
  .text              ro code   0x800'2c84     0x4  startup_stm32f103xb.o [1]
  .text              ro code   0x800'2c88     0x4  startup_stm32f103xb.o [1]
  .text              ro code   0x800'2c8c     0x4  startup_stm32f103xb.o [1]
  .rodata            const     0x800'2c90     0x0  zero_init3.o [4]
  .rodata            const     0x800'2c90     0x0  packbits_init_single.o [4]
  Initializer bytes  const     0x800'2c90    0x88  <for P2-1>
                             - 0x800'2d18  0x2c2c

"P2", part 1 of 3:                          0x200
  P2-1                        0x2000'0000   0x200  <Init block>
    .data            inited   0x2000'0000   0x1f8  lcd5110.o [1]
    .data            inited   0x2000'01f8     0x4  port.o [1]
    .data            inited   0x2000'01fc     0x4  tasks.o [1]
                            - 0x2000'0200   0x200

"P2", part 2 of 3:                          0x380
  .bss               zero     0x2000'0200   0x1d8  dlmalloc.o [2]
  .bss               zero     0x2000'03d8    0x8c  tasks.o [1]
  .bss               zero     0x2000'0464    0x50  ADC.o [1]
  .bss               zero     0x2000'04b4    0x18  dlmalloc.o [2]
  .bss               zero     0x2000'04cc    0x14  tasks.o [1]
  .bss               zero     0x2000'04e0    0x14  tasks.o [1]
  .bss               zero     0x2000'04f4    0x14  tasks.o [1]
  .bss               zero     0x2000'0508    0x14  tasks.o [1]
  .bss               zero     0x2000'051c    0x14  tasks.o [1]
  .bss               zero     0x2000'0530     0xc  ADC.o [1]
  .bss               zero     0x2000'053c     0x4  tasks.o [1]
  .bss               zero     0x2000'0540     0x4  tasks.o [1]
  .bss               zero     0x2000'0544     0x4  tasks.o [1]
  .bss               zero     0x2000'0548     0x4  tasks.o [1]
  .bss               zero     0x2000'054c     0x4  tasks.o [1]
  .bss               zero     0x2000'0550     0x4  tasks.o [1]
  .bss               zero     0x2000'0554     0x4  tasks.o [1]
  .bss               zero     0x2000'0558     0x4  tasks.o [1]
  .bss               zero     0x2000'055c     0x4  tasks.o [1]
  .bss               zero     0x2000'0560     0x4  tasks.o [1]
  .bss               zero     0x2000'0564     0x4  tasks.o [1]
  .bss               zero     0x2000'0568     0x4  tasks.o [1]
  .bss               zero     0x2000'056c     0x4  tasks.o [1]
  .bss               zero     0x2000'0570     0x4  tasks.o [1]
  .bss               zero     0x2000'0574     0x4  tasks.o [1]
  .bss               zero     0x2000'0578     0x4  xgetmemchunk.o [2]
  .bss               zero     0x2000'057c     0x1  lcd5110.o [1]
                            - 0x2000'057d   0x37d

"P2", part 3 of 3:                         0x3000
  CSTACK                      0x2000'0580   0x800  <Block>
    CSTACK           uninit   0x2000'0580   0x800  <Block tail>
  HEAP                        0x2000'0d80  0x2800  <Block>
    HEAP             uninit   0x2000'0d80  0x2800  <Block tail>
                            - 0x2000'3580  0x3000

Unused ranges:

         From           To    Size
         ----           --    ----
   0x800'2d18   0x800'ffff  0xd2e8
  0x2000'3580  0x2000'4fff  0x1a80


*******************************************************************************
*** INIT TABLE
***

          Address      Size
          -------      ----
Zero (__iar_zero_init3)
    1 destination range, total size 0x37d:
          0x2000'0200  0x37d

Copy/packbits (__iar_packbits_init_single3)
    1 source range, total size 0x88 (26% of destination):
           0x800'2c90   0x88
    1 destination range, total size 0x200:
          0x2000'0000  0x200



*******************************************************************************
*** MODULE SUMMARY
***

    Module                  ro code  ro data  rw data
    ------                  -------  -------  -------
command line/config:
    -------------------------------------------------
    Total:

C:\Users\Harak\Documents\Projects\vacuumMetr\MCU_Proj\VacuumMetrProj\Debug\Obj: [1]
    ADC.o                       476                92
    BoardConfig.o                16
    Buttons.o                   192
    heap_3.o                     48
    lcd5110.o                 1 004      133      505
    list.o                      154
    main.o                      140       32
    port.o                      228        1        4
    portasm.o                   136
    startup_stm32f103xb.o       440
    stm32f1xx_it.o              240
    system_stm32f1xx.o          244
    tasks.o                   1 712       10      304
    -------------------------------------------------
    Total:                    5 030      176      905

dl7M_tln.a: [2]
    abort.o                       6
    dlmalloc.o                5 344               496
    exit.o                        4
    heaptramp0.o                  4
    low_level_init.o              4
    xgetmemchunk.o               44                 4
    -------------------------------------------------
    Total:                    5 406               500

m7M_tl.a: [3]
    DblMul.o                    418
    DblToS32.o                   58
    U32ToDbl.o                   26
    -------------------------------------------------
    Total:                      502

rt7M_tl.a: [4]
    ABImemclr4.o                  6
    ABImemset.o                 102
    ABImemset48.o                50
    cexit.o                      10
    cmain.o                      30
    cstartup_M.o                 12
    data_init.o                  40
    packbits_init_single.o       56
    zero_init3.o                 58
    -------------------------------------------------
    Total:                      364

shb_l.a: [5]
    exit.o                       20
    -------------------------------------------------
    Total:                       20

    Gaps                         12        2
    Linker created                        32   12 288
-----------------------------------------------------
    Grand Total:             11 334      210   13 693


*******************************************************************************
*** ENTRY LIST
***

Entry                       Address   Size  Type      Object
-----                       -------   ----  ----      ------
.iar.init_table$$Base    0x800'2b3c          --   Gb  - Linker created -
.iar.init_table$$Limit   0x800'2b5c          --   Gb  - Linker created -
?main                    0x800'2b5d         Code  Gb  cmain.o [4]
ADC1Init                 0x800'243b   0xd2  Code  Gb  ADC.o [1]
ADCBuff                 0x2000'0464   0x50  Data  Gb  ADC.o [1]
ADCTIMinit               0x800'2545   0x60  Code  Gb  ADC.o [1]
CSTACK$$Base            0x2000'0580          --   Gb  - Linker created -
CSTACK$$Limit           0x2000'0d80          --   Gb  - Linker created -
DMA1_Channel3_IRQHandler
                         0x800'2959   0x24  Code  Gb  stm32f1xx_it.o [1]
DMA_ADCInit              0x800'250d   0x38  Code  Gb  ADC.o [1]
HEAP$$Base              0x2000'0d80          --   Gb  - Linker created -
HEAP$$Limit             0x2000'3580          --   Gb  - Linker created -
LCDInit                  0x800'2041   0x50  Code  Gb  lcd5110.o [1]
NVIC_EnableIRQ           0x800'2425   0x16  Code  Lc  ADC.o [1]
NVIC_EnableIRQ           0x800'2029   0x18  Code  Lc  lcd5110.o [1]
PendSV_Handler           0x800'1fa1         Code  Gb  portasm.o [1]
Region$$Table$$Base      0x800'2b3c          --   Gb  - Linker created -
Region$$Table$$Limit     0x800'2b5c          --   Gb  - Linker created -
SPI2Init                 0x800'2289   0x14  Code  Gb  lcd5110.o [1]
SVC_Handler              0x800'1fe7         Code  Gb  portasm.o [1]
SensorVoltageStruct     0x2000'0530    0xc  Data  Gb  ADC.o [1]
SysTick_Handler          0x800'1eb1   0x28  Code  Gb  port.o [1]
SystemInit               0x800'2865   0xd0  Code  Gb  system_stm32f1xx.o [1]
TIM4_IRQHandler          0x800'297d   0xaa  Code  Gb  stm32f1xx_it.o [1]
VBUF_Send_DMA            0x800'20cb   0x6c  Code  Gb  lcd5110.o [1]
__aeabi_d2iz             0x800'2a6d         Code  Gb  DblToS32.o [3]
__aeabi_dmul             0x800'26c1         Code  Gb  DblMul.o [3]
__aeabi_memclr4          0x800'2a49         Code  Gb  ABImemclr4.o [4]
__aeabi_memset           0x800'1d2d         Code  Gb  ABImemset.o [4]
__aeabi_ui2d             0x800'2a51         Code  Gb  U32ToDbl.o [3]
__cmain                  0x800'2b5d         Code  Gb  cmain.o [4]
__data_GetMemChunk       0x800'160d   0x2c  Code  Gb  xgetmemchunk.o [2]
__data_GetMemChunk::start
                        0x2000'0578    0x4  Data  Lc  xgetmemchunk.o [2]
__exit                   0x800'1639   0x14  Code  Gb  exit.o [5]
__iar_Memset             0x800'1d2d         Code  Gb  ABImemset.o [4]
__iar_Memset4_word       0x800'2aa9         Code  Gb  ABImemset48.o [4]
__iar_Memset8_word       0x800'2aa9         Code  Gb  ABImemset48.o [4]
__iar_Memset_word        0x800'1d35         Code  Gb  ABImemset.o [4]
__iar_data_init3         0x800'2b15   0x28  Code  Gb  data_init.o [4]
__iar_dlfree             0x800'10cb  0x4f6  Code  Gb  dlmalloc.o [2]
__iar_dlmalloc           0x800'0e15  0x2b6  Code  Gb  dlmalloc.o [2]
__iar_packbits_init_single3
                         0x800'2adb   0x38  Code  Gb  packbits_init_single.o [4]
__iar_program_start      0x800'2bc1         Code  Gb  cstartup_M.o [4]
__iar_zero_init3         0x800'15d3   0x3a  Code  Gb  zero_init3.o [4]
__low_level_init         0x800'2b7b    0x4  Code  Gb  low_level_init.o [2]
__vector_table           0x800'0000         Data  Gb  startup_stm32f103xb.o [1]
_call_main               0x800'2b69         Code  Gb  cmain.o [4]
_exit                    0x800'2b85         Code  Gb  cexit.o [4]
_gm_                    0x2000'0200  0x1d8  Data  Lc  dlmalloc.o [2]
_main                    0x800'2b77         Code  Gb  cmain.o [4]
abort                    0x800'15cd    0x6  Code  Gb  abort.o [2]
add_segment              0x800'04b5  0x1f2  Code  Lc  dlmalloc.o [2]
bender                  0x2000'0000  0x1f8  Data  Gb  lcd5110.o [1]
bltInit                  0x800'229d  0x104  Code  Gb  lcd5110.o [1]
exit                     0x800'2b7f    0x4  Code  Gb  exit.o [2]
free                     0x800'1f9d    0x4  Code  Gb  heaptramp0.o [2]
gpioInit                 0x800'2207   0x82  Code  Gb  lcd5110.o [1]
initAll                  0x800'2415   0x10  Code  Gb  BoardConfig.o [1]
initButt                 0x800'2601   0xb0  Code  Gb  Buttons.o [1]
init_mparams             0x800'0107   0x32  Code  Lc  dlmalloc.o [2]
init_top                 0x800'0139   0x36  Code  Lc  dlmalloc.o [2]
lcd5110_Clear_DMA        0x800'217b   0x6c  Code  Gb  lcd5110.o [1]
lcd5110_Clear_DMA::zero
                        0x2000'057c    0x1  Data  Lc  lcd5110.o [1]
lcd5110_SetPos           0x800'21e7   0x20  Code  Gb  lcd5110.o [1]
lcd5110_command          0x800'2091   0x3a  Code  Gb  lcd5110.o [1]
lcd5110_setBias          0x800'2159   0x22  Code  Gb  lcd5110.o [1]
lcd5110_setContrast      0x800'2137   0x22  Code  Gb  lcd5110.o [1]
main                     0x800'1f51   0x34  Code  Gb  main.o [1]
mparams                 0x2000'04b4   0x18  Data  Lc  dlmalloc.o [2]
prepend_alloc            0x800'016f  0x346  Code  Lc  dlmalloc.o [2]
prvAddCurrentTaskToDelayedList
                         0x800'1c51   0x82  Code  Lc  tasks.o [1]
prvAddNewTaskToReadyList
                         0x800'17ad   0x9a  Code  Lc  tasks.o [1]
prvCheckTasksWaitingTermination
                         0x800'1b87   0x38  Code  Lc  tasks.o [1]
prvDeleteTCB             0x800'1bc9   0x12  Code  Lc  tasks.o [1]
prvIdleTask              0x800'1b0d   0x28  Code  Lc  tasks.o [1]
prvInitialiseNewTask     0x800'16c1   0xec  Code  Lc  tasks.o [1]
prvInitialiseTaskLists   0x800'1b35   0x52  Code  Lc  tasks.o [1]
prvResetNextTaskUnblockTime
                         0x800'1bdb   0x26  Code  Lc  tasks.o [1]
prvTaskExitError         0x800'1e4d   0x10  Code  Lc  port.o [1]
pvPortMalloc             0x800'1cfd   0x18  Code  Gb  heap_3.o [1]
pxCurrentTCB            0x2000'053c    0x4  Data  Gb  tasks.o [1]
pxDelayedTaskList       0x2000'0540    0x4  Data  Lc  tasks.o [1]
pxOverflowDelayedTaskList
                        0x2000'0544    0x4  Data  Lc  tasks.o [1]
pxPortInitialiseStack    0x800'1e2d   0x20  Code  Gb  port.o [1]
pxReadyTasksLists       0x2000'03d8   0x8c  Data  Lc  tasks.o [1]
segment_holding          0x800'00ed   0x1a  Code  Lc  dlmalloc.o [2]
sys_alloc                0x800'06ad  0x164  Code  Lc  dlmalloc.o [2]
sys_trim                 0x800'0811   0x64  Code  Lc  dlmalloc.o [2]
tmalloc_large            0x800'0881  0x386  Code  Lc  dlmalloc.o [2]
tmalloc_small            0x800'0c07  0x200  Code  Lc  dlmalloc.o [2]
uxCriticalNesting       0x2000'01f8    0x4  Data  Lc  port.o [1]
uxCurrentNumberOfTasks  0x2000'054c    0x4  Data  Lc  tasks.o [1]
uxDeletedTasksWaitingCleanUp
                        0x2000'0548    0x4  Data  Lc  tasks.o [1]
uxListRemove             0x800'1e05   0x28  Code  Gb  list.o [1]
uxSchedulerSuspended    0x2000'0574    0x4  Data  Lc  tasks.o [1]
uxTaskNumber            0x2000'0568    0x4  Data  Lc  tasks.o [1]
uxTopReadyPriority      0x2000'0554    0x4  Data  Lc  tasks.o [1]
uxTopUsedPriority       0x2000'01fc    0x4  Data  Gb  tasks.o [1]
vApplicationIdleHook     0x800'1f99    0x2  Code  Gb  main.o [1]
vApplicationTickHook     0x800'1f9b    0x2  Code  Gb  main.o [1]
vBlinkDisplay            0x800'1f11   0x22  Code  Gb  main.o [1]
vClearDisp               0x800'1f33   0x1e  Code  Gb  main.o [1]
vListInitialise          0x800'1d93   0x1e  Code  Gb  list.o [1]
vListInitialiseItem      0x800'1db1    0x6  Code  Gb  list.o [1]
vListInsert              0x800'1dcf   0x36  Code  Gb  list.o [1]
vListInsertEnd           0x800'1db7   0x18  Code  Gb  list.o [1]
vPortEnterCritical       0x800'1e83   0x18  Code  Gb  port.o [1]
vPortExitCritical        0x800'1e9b   0x16  Code  Gb  port.o [1]
vPortFree                0x800'1d15   0x18  Code  Gb  heap_3.o [1]
vPortStartFirstTask      0x800'2007         Code  Gb  portasm.o [1]
vTaskDelay               0x800'1847   0x34  Code  Gb  tasks.o [1]
vTaskStartScheduler      0x800'187b   0x56  Code  Gb  tasks.o [1]
vTaskSuspendAll          0x800'18d1    0xc  Code  Gb  tasks.o [1]
vTaskSwitchContext       0x800'1abb   0x52  Code  Gb  tasks.o [1]
xDelayedTaskList1       0x2000'04cc   0x14  Data  Lc  tasks.o [1]
xDelayedTaskList2       0x2000'04e0   0x14  Data  Lc  tasks.o [1]
xIdleTaskHandle         0x2000'0570    0x4  Data  Lc  tasks.o [1]
xNextTaskUnblockTime    0x2000'056c    0x4  Data  Lc  tasks.o [1]
xNumOfOverflows         0x2000'0564    0x4  Data  Lc  tasks.o [1]
xPendedTicks            0x2000'055c    0x4  Data  Lc  tasks.o [1]
xPendingReadyList       0x2000'04f4   0x14  Data  Lc  tasks.o [1]
xPortStartScheduler      0x800'1e5d   0x26  Code  Gb  port.o [1]
xSchedulerRunning       0x2000'0558    0x4  Data  Lc  tasks.o [1]
xSuspendedTaskList      0x2000'051c   0x14  Data  Lc  tasks.o [1]
xTaskCreate              0x800'164d   0x74  Code  Gb  tasks.o [1]
xTaskIncrementTick       0x800'19af  0x10c  Code  Gb  tasks.o [1]
xTaskResumeAll           0x800'18dd   0xd2  Code  Gb  tasks.o [1]
xTasksWaitingTermination
                        0x2000'0508   0x14  Data  Lc  tasks.o [1]
xTickCount              0x2000'0550    0x4  Data  Lc  tasks.o [1]
xYieldPending           0x2000'0560    0x4  Data  Lc  tasks.o [1]


[1] = C:\Users\Harak\Documents\Projects\vacuumMetr\MCU_Proj\VacuumMetrProj\Debug\Obj
[2] = dl7M_tln.a
[3] = m7M_tl.a
[4] = rt7M_tl.a
[5] = shb_l.a

  11 334 bytes of readonly  code memory
     210 bytes of readonly  data memory
  13 693 bytes of readwrite data memory

Errors: none
Warnings: none
